Archive member included to satisfy reference by file (symbol)

/opt/st/stm32cubeide_1.16.0/plugins/com.st.stm32cube.ide.mcu.externaltools.gnu-tools-for-stm32.12.3.rel1.linux64_1.0.200.202406132123/tools/bin/../lib/gcc/arm-none-eabi/12.3.1/../../../../arm-none-eabi/lib/thumb/v7e-m+fp/hard/libc_nano.a(libc_a-exit.o)
                              /opt/st/stm32cubeide_1.16.0/plugins/com.st.stm32cube.ide.mcu.externaltools.gnu-tools-for-stm32.12.3.rel1.linux64_1.0.200.202406132123/tools/bin/../lib/gcc/arm-none-eabi/12.3.1/../../../../arm-none-eabi/lib/thumb/v7e-m+fp/hard/crt0.o (exit)
/opt/st/stm32cubeide_1.16.0/plugins/com.st.stm32cube.ide.mcu.externaltools.gnu-tools-for-stm32.12.3.rel1.linux64_1.0.200.202406132123/tools/bin/../lib/gcc/arm-none-eabi/12.3.1/../../../../arm-none-eabi/lib/thumb/v7e-m+fp/hard/libc_nano.a(libc_a-findfp.o)
                              /opt/st/stm32cubeide_1.16.0/plugins/com.st.stm32cube.ide.mcu.externaltools.gnu-tools-for-stm32.12.3.rel1.linux64_1.0.200.202406132123/tools/bin/../lib/gcc/arm-none-eabi/12.3.1/../../../../arm-none-eabi/lib/thumb/v7e-m+fp/hard/libc_nano.a(libc_a-exit.o) (__stdio_exit_handler)
/opt/st/stm32cubeide_1.16.0/plugins/com.st.stm32cube.ide.mcu.externaltools.gnu-tools-for-stm32.12.3.rel1.linux64_1.0.200.202406132123/tools/bin/../lib/gcc/arm-none-eabi/12.3.1/../../../../arm-none-eabi/lib/thumb/v7e-m+fp/hard/libc_nano.a(libc_a-fwalk.o)
                              /opt/st/stm32cubeide_1.16.0/plugins/com.st.stm32cube.ide.mcu.externaltools.gnu-tools-for-stm32.12.3.rel1.linux64_1.0.200.202406132123/tools/bin/../lib/gcc/arm-none-eabi/12.3.1/../../../../arm-none-eabi/lib/thumb/v7e-m+fp/hard/libc_nano.a(libc_a-findfp.o) (_fwalk_sglue)
/opt/st/stm32cubeide_1.16.0/plugins/com.st.stm32cube.ide.mcu.externaltools.gnu-tools-for-stm32.12.3.rel1.linux64_1.0.200.202406132123/tools/bin/../lib/gcc/arm-none-eabi/12.3.1/../../../../arm-none-eabi/lib/thumb/v7e-m+fp/hard/libc_nano.a(libc_a-stdio.o)
                              /opt/st/stm32cubeide_1.16.0/plugins/com.st.stm32cube.ide.mcu.externaltools.gnu-tools-for-stm32.12.3.rel1.linux64_1.0.200.202406132123/tools/bin/../lib/gcc/arm-none-eabi/12.3.1/../../../../arm-none-eabi/lib/thumb/v7e-m+fp/hard/libc_nano.a(libc_a-findfp.o) (__sread)
/opt/st/stm32cubeide_1.16.0/plugins/com.st.stm32cube.ide.mcu.externaltools.gnu-tools-for-stm32.12.3.rel1.linux64_1.0.200.202406132123/tools/bin/../lib/gcc/arm-none-eabi/12.3.1/../../../../arm-none-eabi/lib/thumb/v7e-m+fp/hard/libc_nano.a(libc_a-memcmp.o)
                              ./Core/Src/main.o (memcmp)
/opt/st/stm32cubeide_1.16.0/plugins/com.st.stm32cube.ide.mcu.externaltools.gnu-tools-for-stm32.12.3.rel1.linux64_1.0.200.202406132123/tools/bin/../lib/gcc/arm-none-eabi/12.3.1/../../../../arm-none-eabi/lib/thumb/v7e-m+fp/hard/libc_nano.a(libc_a-memset.o)
                              /opt/st/stm32cubeide_1.16.0/plugins/com.st.stm32cube.ide.mcu.externaltools.gnu-tools-for-stm32.12.3.rel1.linux64_1.0.200.202406132123/tools/bin/../lib/gcc/arm-none-eabi/12.3.1/../../../../arm-none-eabi/lib/thumb/v7e-m+fp/hard/crt0.o (memset)
/opt/st/stm32cubeide_1.16.0/plugins/com.st.stm32cube.ide.mcu.externaltools.gnu-tools-for-stm32.12.3.rel1.linux64_1.0.200.202406132123/tools/bin/../lib/gcc/arm-none-eabi/12.3.1/../../../../arm-none-eabi/lib/thumb/v7e-m+fp/hard/libc_nano.a(libc_a-closer.o)
                              /opt/st/stm32cubeide_1.16.0/plugins/com.st.stm32cube.ide.mcu.externaltools.gnu-tools-for-stm32.12.3.rel1.linux64_1.0.200.202406132123/tools/bin/../lib/gcc/arm-none-eabi/12.3.1/../../../../arm-none-eabi/lib/thumb/v7e-m+fp/hard/libc_nano.a(libc_a-stdio.o) (_close_r)
/opt/st/stm32cubeide_1.16.0/plugins/com.st.stm32cube.ide.mcu.externaltools.gnu-tools-for-stm32.12.3.rel1.linux64_1.0.200.202406132123/tools/bin/../lib/gcc/arm-none-eabi/12.3.1/../../../../arm-none-eabi/lib/thumb/v7e-m+fp/hard/libc_nano.a(libc_a-reent.o)
                              /opt/st/stm32cubeide_1.16.0/plugins/com.st.stm32cube.ide.mcu.externaltools.gnu-tools-for-stm32.12.3.rel1.linux64_1.0.200.202406132123/tools/bin/../lib/gcc/arm-none-eabi/12.3.1/../../../../arm-none-eabi/lib/thumb/v7e-m+fp/hard/libc_nano.a(libc_a-closer.o) (errno)
/opt/st/stm32cubeide_1.16.0/plugins/com.st.stm32cube.ide.mcu.externaltools.gnu-tools-for-stm32.12.3.rel1.linux64_1.0.200.202406132123/tools/bin/../lib/gcc/arm-none-eabi/12.3.1/../../../../arm-none-eabi/lib/thumb/v7e-m+fp/hard/libc_nano.a(libc_a-impure.o)
                              /opt/st/stm32cubeide_1.16.0/plugins/com.st.stm32cube.ide.mcu.externaltools.gnu-tools-for-stm32.12.3.rel1.linux64_1.0.200.202406132123/tools/bin/../lib/gcc/arm-none-eabi/12.3.1/../../../../arm-none-eabi/lib/thumb/v7e-m+fp/hard/libc_nano.a(libc_a-reent.o) (_impure_ptr)
/opt/st/stm32cubeide_1.16.0/plugins/com.st.stm32cube.ide.mcu.externaltools.gnu-tools-for-stm32.12.3.rel1.linux64_1.0.200.202406132123/tools/bin/../lib/gcc/arm-none-eabi/12.3.1/../../../../arm-none-eabi/lib/thumb/v7e-m+fp/hard/libc_nano.a(libc_a-lseekr.o)
[...]
Memory Configuration

Name             Origin             Length             Attributes
RAM              0x20000000         0x00020000         xrw
FLASH            0x08000000         0x00080000         xr
*default*        0x00000000         0xffffffff

Linker script and memory map

LOAD /opt/st/stm32cubeide_1.16.0/plugins/com.st.stm32cube.ide.mcu.externaltools.gnu-tools-for-stm32.12.3.rel1.linux64_1.0.200.202406132123/tools/bin/../lib/gcc/arm-none-eabi/12.3.1/thumb/v7e-m+fp/hard/crti.o
LOAD /opt/st/stm32cubeide_1.16.0/plugins/com.st.stm32cube.ide.mcu.externaltools.gnu-tools-for-stm32.12.3.rel1.linux64_1.0.200.202406132123/tools/bin/../lib/gcc/arm-none-eabi/12.3.1/thumb/v7e-m+fp/hard/crtbegin.o
LOAD /opt/st/stm32cubeide_1.16.0/plugins/com.st.stm32cube.ide.mcu.externaltools.gnu-tools-for-stm32.12.3.rel1.linux64_1.0.200.202406132123/tools/bin/../lib/gcc/arm-none-eabi/12.3.1/../../../../arm-none-eabi/lib/thumb/v7e-m+fp/hard/crt0.o
LOAD ./Core/FreeRTOS/Source/croutine.o
LOAD ./Core/FreeRTOS/Source/event_groups.o
LOAD ./Core/FreeRTOS/Source/list.o
LOAD ./Core/FreeRTOS/Source/queue.o
LOAD ./Core/FreeRTOS/Source/stream_buffer.o
LOAD ./Core/FreeRTOS/Source/tasks.o
LOAD ./Core/FreeRTOS/Source/timers.o
LOAD ./Core/FreeRTOS/Source/portable/GCC/ARM_CM4F/port.o
LOAD ./Core/FreeRTOS/Source/portable/MemMang/heap_4.o
LOAD ./Core/Src/circ_buffer.o
LOAD ./Core/Src/e22900t22d.o
LOAD ./Core/Src/main.o
LOAD ./Core/Src/stm32f4xx_hal_msp.o
LOAD ./Core/Src/stm32f4xx_hal_timebase_tim.o
LOAD ./Core/Src/stm32f4xx_it.o
LOAD ./Core/Src/syscalls.o
LOAD ./Core/Src/sysmem.o
LOAD ./Core/Src/system_stm32f4xx.o
LOAD ./Core/Startup/startup_stm32f411ceux.o
LOAD ./Drivers/STM32F4xx_HAL_Driver/Src/stm32f4xx_hal.o
LOAD ./Drivers/STM32F4xx_HAL_Driver/Src/stm32f4xx_hal_cortex.o
LOAD ./Drivers/STM32F4xx_HAL_Driver/Src/stm32f4xx_hal_dma.o
LOAD ./Drivers/STM32F4xx_HAL_Driver/Src/stm32f4xx_hal_dma_ex.o
LOAD ./Drivers/STM32F4xx_HAL_Driver/Src/stm32f4xx_hal_exti.o
LOAD ./Drivers/STM32F4xx_HAL_Driver/Src/stm32f4xx_hal_flash.o
LOAD ./Drivers/STM32F4xx_HAL_Driver/Src/stm32f4xx_hal_flash_ex.o
LOAD ./Drivers/STM32F4xx_HAL_Driver/Src/stm32f4xx_hal_flash_ramfunc.o
LOAD ./Drivers/STM32F4xx_HAL_Driver/Src/stm32f4xx_hal_gpio.o
LOAD ./Drivers/STM32F4xx_HAL_Driver/Src/stm32f4xx_hal_pwr.o
LOAD ./Drivers/STM32F4xx_HAL_Driver/Src/stm32f4xx_hal_pwr_ex.o
LOAD ./Drivers/STM32F4xx_HAL_Driver/Src/stm32f4xx_hal_rcc.o
LOAD ./Drivers/STM32F4xx_HAL_Driver/Src/stm32f4xx_hal_rcc_ex.o
LOAD ./Drivers/STM32F4xx_HAL_Driver/Src/stm32f4xx_hal_tim.o
LOAD ./Drivers/STM32F4xx_HAL_Driver/Src/stm32f4xx_hal_tim_ex.o
LOAD ./Drivers/STM32F4xx_HAL_Driver/Src/stm32f4xx_hal_uart.o
START GROUP
LOAD /opt/st/stm32cubeide_1.16.0/plugins/com.st.stm32cube.ide.mcu.externaltools.gnu-tools-for-stm32.12.3.rel1.linux64_1.0.200.202406132123/tools/bin/../lib/gcc/arm-none-eabi/12.3.1/../../../../arm-none-eabi/lib/thumb/v7e-m+fp/hard/libc_nano.a
LOAD /opt/st/stm32cubeide_1.16.0/plugins/com.st.stm32cube.ide.mcu.externaltools.gnu-tools-for-stm32.12.3.rel1.linux64_1.0.200.202406132123/tools/bin/../lib/gcc/arm-none-eabi/12.3.1/../../../../arm-none-eabi/lib/thumb/v7e-m+fp/hard/libm.a
END GROUP
START GROUP
LOAD /opt/st/stm32cubeide_1.16.0/plugins/com.st.stm32cube.ide.mcu.externaltools.gnu-tools-for-stm32.12.3.rel1.linux64_1.0.200.202406132123/tools/bin/../lib/gcc/arm-none-eabi/12.3.1/thumb/v7e-m+fp/hard/libgcc.a
LOAD /opt/st/stm32cubeide_1.16.0/plugins/com.st.stm32cube.ide.mcu.externaltools.gnu-tools-for-stm32.12.3.rel1.linux64_1.0.200.202406132123/tools/bin/../lib/gcc/arm-none-eabi/12.3.1/../../../../arm-none-eabi/lib/thumb/v7e-m+fp/hard/libc_nano.a
END GROUP
START GROUP
LOAD /opt/st/stm32cubeide_1.16.0/plugins/com.st.stm32cube.ide.mcu.externaltools.gnu-tools-for-stm32.12.3.rel1.linux64_1.0.200.202406132123/tools/bin/../lib/gcc/arm-none-eabi/12.3.1/thumb/v7e-m+fp/hard/libgcc.a
LOAD /opt/st/stm32cubeide_1.16.0/plugins/com.st.stm32cube.ide.mcu.externaltools.gnu-tools-for-stm32.12.3.rel1.linux64_1.0.200.202406132123/tools/bin/../lib/gcc/arm-none-eabi/12.3.1/../../../../arm-none-eabi/lib/thumb/v7e-m+fp/hard/libc_nano.a
LOAD /opt/st/stm32cubeide_1.16.0/plugins/com.st.stm32cube.ide.mcu.externaltools.gnu-tools-for-stm32.12.3.rel1.linux64_1.0.200.202406132123/tools/bin/../lib/gcc/arm-none-eabi/12.3.1/../../../../arm-none-eabi/lib/thumb/v7e-m+fp/hard/libnosys.a
END GROUP
START GROUP
LOAD /opt/st/stm32cubeide_1.16.0/plugins/com.st.stm32cube.ide.mcu.externaltools.gnu-tools-for-stm32.12.3.rel1.linux64_1.0.200.202406132123/tools/bin/../lib/gcc/arm-none-eabi/12.3.1/thumb/v7e-m+fp/hard/libgcc.a
LOAD /opt/st/stm32cubeide_1.16.0/plugins/com.st.stm32cube.ide.mcu.externaltools.gnu-tools-for-stm32.12.3.rel1.linux64_1.0.200.202406132123/tools/bin/../lib/gcc/arm-none-eabi/12.3.1/../../../../arm-none-eabi/lib/thumb/v7e-m+fp/hard/libc_nano.a
LOAD /opt/st/stm32cubeide_1.16.0/plugins/com.st.stm32cube.ide.mcu.externaltools.gnu-tools-for-stm32.12.3.rel1.linux64_1.0.200.202406132123/tools/bin/../lib/gcc/arm-none-eabi/12.3.1/../../../../arm-none-eabi/lib/thumb/v7e-m+fp/hard/libnosys.a
END GROUP
LOAD /opt/st/stm32cubeide_1.16.0/plugins/com.st.stm32cube.ide.mcu.externaltools.gnu-tools-for-stm32.12.3.rel1.linux64_1.0.200.202406132123/tools/bin/../lib/gcc/arm-none-eabi/12.3.1/thumb/v7e-m+fp/hard/crtend.o
LOAD /opt/st/stm32cubeide_1.16.0/plugins/com.st.stm32cube.ide.mcu.externaltools.gnu-tools-for-stm32.12.3.rel1.linux64_1.0.200.202406132123/tools/bin/../lib/gcc/arm-none-eabi/12.3.1/thumb/v7e-m+fp/hard/crtn.o
                0x20020000                        _estack = (ORIGIN (RAM) + LENGTH (RAM))
                0x00000200                        _Min_Heap_Size = 0x200
                0x00000400                        _Min_Stack_Size = 0x400

.isr_vector     0x08000000      0x198
                0x08000000                        . = ALIGN (0x4)
 *(.isr_vector)
 .isr_vector    0x08000000      0x198 ./Core/Startup/startup_stm32f411ceux.o
                0x08000000                g_pfnVectors
                0x08000198                        . = ALIGN (0x4)

.text           0x080001a0     0x6128
                0x080001a0                        . = ALIGN (0x4)
 *(.text)
 .text          0x080001a0       0x40 /opt/st/stm32cubeide_1.16.0/plugins/com.st.stm32cube.ide.mcu.externaltools.gnu-tools-for-stm32.12.3.rel1.linux64_1.0.200.202406132123/tools/bin/../lib/gcc/arm-none-eabi/12.3.1/thumb/v7e-m+fp/hard/crtbegin.o
 .text          0x080001e0       0x30 /opt/st/stm32cubeide_1.16.0/plugins/com.st.stm32cube.ide.mcu.externaltools.gnu-tools-for-stm32.12.3.rel1.linux64_1.0.200.202406132123/tools/bin/../lib/gcc/arm-none-eabi/12.3.1/thumb/v7e-m+fp/hard/libgcc.a(_aeabi_uldivmod.o)
                0x080001e0                __aeabi_uldivmod
 .text          0x08000210      0x2bc /opt/st/stm32cubeide_1.16.0/plugins/com.st.stm32cube.ide.mcu.externaltools.gnu-tools-for-stm32.12.3.rel1.linux64_1.0.200.202406132123/tools/bin/../lib/gcc/arm-none-eabi/12.3.1/thumb/v7e-m+fp/hard/libgcc.a(_udivmoddi4.o)
                0x08000210                __udivmoddi4
 .text          0x080004cc        0x4 /opt/st/stm32cubeide_1.16.0/plugins/com.st.stm32cube.ide.mcu.externaltools.gnu-tools-for-stm32.12.3.rel1.linux64_1.0.200.202406132123/tools/bin/../lib/gcc/arm-none-eabi/12.3.1/thumb/v7e-m+fp/hard/libgcc.a(_dvmd_tls.o)
                0x080004cc                __aeabi_ldiv0
                0x080004cc                __aeabi_idiv0
 *(.text*)
 .text.vListInitialise
                0x080004d0       0x40 ./Core/FreeRTOS/Source/list.o
                0x080004d0                vListInitialise
 .text.vListInitialiseItem
                0x08000510       0x1a ./Core/FreeRTOS/Source/list.o
                0x08000510                vListInitialiseItem
 .text.vListInsert
                0x0800052a       0x72 ./Core/FreeRTOS/Source/list.o
                0x0800052a                vListInsert
 .text.uxListRemove
                0x0800059c       0x54 ./Core/FreeRTOS/Source/list.o
                0x0800059c                uxListRemove
 .text.xQueueGenericReset
                0x080005f0      0x124 ./Core/FreeRTOS/Source/queue.o
                0x080005f0                xQueueGenericReset
 .text.xQueueGenericCreate
                0x08000714       0x9e ./Core/FreeRTOS/Source/queue.o
                0x08000714                xQueueGenericCreate
 .text.prvInitialiseNewQueue
                0x080007b2       0x3e ./Core/FreeRTOS/Source/queue.o
 .text.xQueueReceive
                0x080007f0      0x1c4 ./Core/FreeRTOS/Source/queue.o
                0x080007f0                xQueueReceive
 .text.prvCopyDataFromQueue
                0x080009b4       0x4c ./Core/FreeRTOS/Source/queue.o
 .text.prvUnlockQueue
                0x08000a00       0xa4 ./Core/FreeRTOS/Source/queue.o
 .text.prvIsQueueEmpty
                0x08000aa4       0x2c ./Core/FreeRTOS/Source/queue.o
 .text.vQueueWaitForMessageRestricted
                0x08000ad0       0x68 ./Core/FreeRTOS/Source/queue.o
                0x08000ad0                vQueueWaitForMessageRestricted
 .text.xTaskCreate
                0x08000b38       0x8c ./Core/FreeRTOS/Source/tasks.o
                0x08000b38                xTaskCreate
 .text.prvInitialiseNewTask
                0x08000bc4      0x110 ./Core/FreeRTOS/Source/tasks.o
 .text.prvAddNewTaskToReadyList
                0x08000cd4      0x124 ./Core/FreeRTOS/Source/tasks.o
 .text.xTaskDelayUntil
                0x08000df8      0x104 ./Core/FreeRTOS/Source/tasks.o
                0x08000df8                xTaskDelayUntil
 .text.vTaskStartScheduler
                0x08000efc       0xa4 ./Core/FreeRTOS/Source/tasks.o
                0x08000efc                vTaskStartScheduler
 .text.vTaskSuspendAll
                0x08000fa0       0x1c ./Core/FreeRTOS/Source/tasks.o
                0x08000fa0                vTaskSuspendAll
 .text.xTaskResumeAll
                0x08000fbc      0x1f8 ./Core/FreeRTOS/Source/tasks.o
                0x08000fbc                xTaskResumeAll
 .text.xTaskGetTickCount
                0x080011b4       0x20 ./Core/FreeRTOS/Source/tasks.o
                0x080011b4                xTaskGetTickCount
 .text.xTaskIncrementTick
                0x080011d4      0x230 ./Core/FreeRTOS/Source/tasks.o
                0x080011d4                xTaskIncrementTick
 .text.vTaskSwitchContext
                0x08001404       0xb8 ./Core/FreeRTOS/Source/tasks.o
                0x08001404                vTaskSwitchContext
 .text.vTaskPlaceOnEventList
                0x080014bc       0x4c ./Core/FreeRTOS/Source/tasks.o
                0x080014bc                vTaskPlaceOnEventList
 .text.vTaskPlaceOnEventListRestricted
                0x08001508       0x8c ./Core/FreeRTOS/Source/tasks.o
                0x08001508                vTaskPlaceOnEventListRestricted
 .text.xTaskRemoveFromEventList
                0x08001594      0x1b0 ./Core/FreeRTOS/Source/tasks.o
                0x08001594                xTaskRemoveFromEventList
 .text.vTaskInternalSetTimeOutState
                0x08001744       0x2c ./Core/FreeRTOS/Source/tasks.o
                0x08001744                vTaskInternalSetTimeOutState
 .text.xTaskCheckForTimeOut
                0x08001770       0xc0 ./Core/FreeRTOS/Source/tasks.o
                0x08001770                xTaskCheckForTimeOut
 .text.vTaskMissedYield
                0x08001830       0x18 ./Core/FreeRTOS/Source/tasks.o
                0x08001830                vTaskMissedYield
 .text.prvIdleTask
                0x08001848       0x30 ./Core/FreeRTOS/Source/tasks.o
 .text.prvInitialiseTaskLists
                0x08001878       0x6c ./Core/FreeRTOS/Source/tasks.o
 .text.prvCheckTasksWaitingTermination
                0x080018e4        0xe ./Core/FreeRTOS/Source/tasks.o
 *fill*         0x080018f2        0x2 
 .text.prvResetNextTaskUnblockTime
                0x080018f4       0x38 ./Core/FreeRTOS/Source/tasks.o
 .text.xTaskGetSchedulerState
                0x0800192c       0x3c ./Core/FreeRTOS/Source/tasks.o
                0x0800192c                xTaskGetSchedulerState
 .text.prvAddCurrentTaskToDelayedList
                0x08001968       0xa8 ./Core/FreeRTOS/Source/tasks.o
 .text.xTimerCreateTimerTask
                0x08001a10       0x64 ./Core/FreeRTOS/Source/timers.o
                0x08001a10                xTimerCreateTimerTask
 .text.prvReloadTimer
                0x08001a74       0x42 ./Core/FreeRTOS/Source/timers.o
 *fill*         0x08001ab6        0x2 
 .text.prvProcessExpiredTimer
                0x08001ab8       0x60 ./Core/FreeRTOS/Source/timers.o
 .text.prvTimerTask
                0x08001b18       0x26 ./Core/FreeRTOS/Source/timers.o
 *fill*         0x08001b3e        0x2 
 .text.prvProcessTimerOrBlockTask
                0x08001b40       0x9c ./Core/FreeRTOS/Source/timers.o
 .text.prvGetNextExpireTime
                0x08001bdc       0x48 ./Core/FreeRTOS/Source/timers.o
 .text.prvSampleTimeNow
                0x08001c24       0x40 ./Core/FreeRTOS/Source/timers.o
 .text.prvInsertTimerInActiveList
                0x08001c64       0x84 ./Core/FreeRTOS/Source/timers.o
 .text.prvProcessReceivedCommands
                0x08001ce8      0x184 ./Core/FreeRTOS/Source/timers.o
 .text.prvSwitchTimerLists
                0x08001e6c       0x4c ./Core/FreeRTOS/Source/timers.o
 .text.prvCheckForValidListAndQueue
                0x08001eb8       0x54 ./Core/FreeRTOS/Source/timers.o
 .text.pxPortInitialiseStack
                0x08001f0c       0x68 ./Core/FreeRTOS/Source/portable/GCC/ARM_CM4F/port.o
                0x08001f0c                pxPortInitialiseStack
 .text.prvTaskExitError
                0x08001f74       0x5c ./Core/FreeRTOS/Source/portable/GCC/ARM_CM4F/port.o
 .text.SVC_Handler
                0x08001fd0       0x28 ./Core/FreeRTOS/Source/portable/GCC/ARM_CM4F/port.o
                0x08001fd0                SVC_Handler
 .text.prvPortStartFirstTask
                0x08001ff8       0x2c ./Core/FreeRTOS/Source/portable/GCC/ARM_CM4F/port.o
 .text.xPortStartScheduler
                0x08002024      0x148 ./Core/FreeRTOS/Source/portable/GCC/ARM_CM4F/port.o
                0x08002024                xPortStartScheduler
 .text.vPortEnterCritical
                0x0800216c       0x64 ./Core/FreeRTOS/Source/portable/GCC/ARM_CM4F/port.o
                0x0800216c                vPortEnterCritical
 .text.vPortExitCritical
                0x080021d0       0x54 ./Core/FreeRTOS/Source/portable/GCC/ARM_CM4F/port.o
                0x080021d0                vPortExitCritical
 *fill*         0x08002224        0xc 
 .text.PendSV_Handler
                0x08002230       0x68 ./Core/FreeRTOS/Source/portable/GCC/ARM_CM4F/port.o
                0x08002230                PendSV_Handler
 .text.SysTick_Handler
                0x08002298       0x44 ./Core/FreeRTOS/Source/portable/GCC/ARM_CM4F/port.o
                0x08002298                SysTick_Handler
 .text.vPortSetupTimerInterrupt
                0x080022dc       0x34 ./Core/FreeRTOS/Source/portable/GCC/ARM_CM4F/port.o
                0x080022dc                vPortSetupTimerInterrupt
 .text.vPortEnableVFP
                0x08002310       0x18 ./Core/FreeRTOS/Source/portable/GCC/ARM_CM4F/port.o
 .text.pvPortMalloc
                0x08002328      0x178 ./Core/FreeRTOS/Source/portable/MemMang/heap_4.o
                0x08002328                pvPortMalloc
 .text.vPortFree
                0x080024a0       0xbc ./Core/FreeRTOS/Source/portable/MemMang/heap_4.o
                0x080024a0                vPortFree
 .text.prvHeapInit
                0x0800255c       0xb8 ./Core/FreeRTOS/Source/portable/MemMang/heap_4.o
 .text.prvInsertBlockIntoFreeList
                0x08002614       0xb4 ./Core/FreeRTOS/Source/portable/MemMang/heap_4.o
 .text.circ_buffer_enqueue
                0x080026c8       0x94 ./Core/Src/circ_buffer.o
                0x080026c8                circ_buffer_enqueue
 .text.circ_buffer_dequeue
                0x0800275c       0x70 ./Core/Src/circ_buffer.o
                0x0800275c                circ_buffer_dequeue
 .text.circ_buffer_getNextSize
                0x080027cc       0x38 ./Core/Src/circ_buffer.o
                0x080027cc                circ_buffer_getNextSize
 .text.e22_lora_init
                0x08002804       0x70 ./Core/Src/e22900t22d.o
                0x08002804                e22_lora_init
 .text.e22_lora_transnit
                0x08002874       0x88 ./Core/Src/e22900t22d.o
                0x08002874                e22_lora_transnit
 .text.e22_lora_manager
                0x080028fc       0x94 ./Core/Src/e22900t22d.o
                0x080028fc                e22_lora_manager
 .text.e22_lora_make_ready
                0x08002990       0x1c ./Core/Src/e22900t22d.o
                0x08002990                e22_lora_make_ready
 .text.e22_lora_reception_complete
                0x080029ac       0x3c ./Core/Src/e22900t22d.o
                0x080029ac                e22_lora_reception_complete
 .text.main     0x080029e8       0xa8 ./Core/Src/main.o
                0x080029e8                main
 .text.SystemClock_Config
                0x08002a90       0xd0 ./Core/Src/main.o
                0x08002a90                SystemClock_Config
 .text.MX_USART2_UART_Init
                0x08002b60       0x54 ./Core/Src/main.o
 .text.MX_DMA_Init
                0x08002bb4       0x50 ./Core/Src/main.o
 .text.MX_GPIO_Init
                0x08002c04       0xec ./Core/Src/main.o
 .text.led_toggle_task
                0x08002cf0       0x34 ./Core/Src/main.o
 .text.e22_handle_task
                0x08002d24       0x38 ./Core/Src/main.o
 .text.e22_transmission_task
                0x08002d5c       0x68 ./Core/Src/main.o
 .text.main_e22_transceiverMode
                0x08002dc4       0x18 ./Core/Src/main.o
 .text.main_e22_configurationMode
                0x08002ddc       0x20 ./Core/Src/main.o
 .text.HAL_UART_TxCpltCallback
                0x08002dfc       0x14 ./Core/Src/main.o
                0x08002dfc                HAL_UART_TxCpltCallback
 .text.HAL_UARTEx_RxEventCallback
                0x08002e10       0x1e ./Core/Src/main.o
                0x08002e10                HAL_UARTEx_RxEventCallback
 *fill*         0x08002e2e        0x2 
 .text.main_lora_packet_receive
                0x08002e30       0x5c ./Core/Src/main.o
 .text.HAL_TIM_PeriodElapsedCallback
                0x08002e8c       0x24 ./Core/Src/main.o
                0x08002e8c                HAL_TIM_PeriodElapsedCallback
 .text.Error_Handler
                0x08002eb0        0xc ./Core/Src/main.o
                0x08002eb0                Error_Handler
 .text.HAL_MspInit
                0x08002ebc       0x50 ./Core/Src/stm32f4xx_hal_msp.o
                0x08002ebc                HAL_MspInit
 .text.HAL_UART_MspInit
                0x08002f0c      0x168 ./Core/Src/stm32f4xx_hal_msp.o
                0x08002f0c                HAL_UART_MspInit
 .text.HAL_InitTick
                0x08003074       0xe4 ./Core/Src/stm32f4xx_hal_timebase_tim.o
                0x08003074                HAL_InitTick
 .text.NMI_Handler
                0x08003158        0x8 ./Core/Src/stm32f4xx_it.o
                0x08003158                NMI_Handler
 .text.HardFault_Handler
                0x08003160        0x8 ./Core/Src/stm32f4xx_it.o
                0x08003160                HardFault_Handler
 .text.MemManage_Handler
                0x08003168        0x8 ./Core/Src/stm32f4xx_it.o
                0x08003168                MemManage_Handler
 .text.BusFault_Handler
                0x08003170        0x8 ./Core/Src/stm32f4xx_it.o
                0x08003170                BusFault_Handler
 .text.UsageFault_Handler
                0x08003178        0x8 ./Core/Src/stm32f4xx_it.o
                0x08003178                UsageFault_Handler
 .text.DebugMon_Handler
                0x08003180        0xe ./Core/Src/stm32f4xx_it.o
                0x08003180                DebugMon_Handler
 *fill*         0x0800318e        0x2 
 .text.DMA1_Stream5_IRQHandler
                0x08003190       0x14 ./Core/Src/stm32f4xx_it.o
                0x08003190                DMA1_Stream5_IRQHandler
 .text.DMA1_Stream6_IRQHandler
                0x080031a4       0x14 ./Core/Src/stm32f4xx_it.o
                0x080031a4                DMA1_Stream6_IRQHandler
 .text.TIM1_UP_TIM10_IRQHandler
                0x080031b8       0x14 ./Core/Src/stm32f4xx_it.o
                0x080031b8                TIM1_UP_TIM10_IRQHandler
 .text.USART2_IRQHandler
                0x080031cc       0x14 ./Core/Src/stm32f4xx_it.o
                0x080031cc                USART2_IRQHandler
 .text.SystemInit
                0x080031e0       0x24 ./Core/Src/system_stm32f4xx.o
                0x080031e0                SystemInit
 .text.Reset_Handler
                0x08003204       0x50 ./Core/Startup/startup_stm32f411ceux.o
                0x08003204                Reset_Handler
 .text.Default_Handler
                0x08003254        0x2 ./Core/Startup/startup_stm32f411ceux.o
                0x08003254                RTC_Alarm_IRQHandler
                0x08003254                EXTI2_IRQHandler
                0x08003254                SPI4_IRQHandler
                0x08003254                TIM1_CC_IRQHandler
                0x08003254                DMA2_Stream5_IRQHandler
                0x08003254                PVD_IRQHandler
                0x08003254                SDIO_IRQHandler
                0x08003254                TAMP_STAMP_IRQHandler
                0x08003254                EXTI3_IRQHandler
                0x08003254                I2C3_ER_IRQHandler
                0x08003254                EXTI0_IRQHandler
                0x08003254                I2C2_EV_IRQHandler
                0x08003254                DMA1_Stream2_IRQHandler
                0x08003254                FPU_IRQHandler
                0x08003254                DMA2_Stream2_IRQHandler
                0x08003254                SPI1_IRQHandler
                0x08003254                TIM1_BRK_TIM9_IRQHandler
                0x08003254                DMA2_Stream3_IRQHandler
                0x08003254                USART6_IRQHandler
                0x08003254                DMA2_Stream0_IRQHandler
                0x08003254                TIM4_IRQHandler
                0x08003254                I2C1_EV_IRQHandler
                0x08003254                DMA1_Stream1_IRQHandler
                0x08003254                TIM3_IRQHandler
                0x08003254                RCC_IRQHandler
                0x08003254                Default_Handler
                0x08003254                EXTI15_10_IRQHandler
                0x08003254                ADC_IRQHandler
                0x08003254                DMA1_Stream7_IRQHandler
                0x08003254                SPI5_IRQHandler
                0x08003254                TIM5_IRQHandler
                0x08003254                DMA2_Stream7_IRQHandler
                0x08003254                I2C3_EV_IRQHandler
                0x08003254                EXTI9_5_IRQHandler
                0x08003254                RTC_WKUP_IRQHandler
                0x08003254                SPI2_IRQHandler
                0x08003254                DMA1_Stream0_IRQHandler
                0x08003254                EXTI4_IRQHandler
                0x08003254                WWDG_IRQHandler
                0x08003254                TIM2_IRQHandler
                0x08003254                OTG_FS_WKUP_IRQHandler
                0x08003254                TIM1_TRG_COM_TIM11_IRQHandler
                0x08003254                EXTI1_IRQHandler
                0x08003254                I2C2_ER_IRQHandler
                0x08003254                DMA2_Stream1_IRQHandler
                0x08003254                FLASH_IRQHandler
                0x08003254                DMA2_Stream4_IRQHandler
                0x08003254                USART1_IRQHandler
                0x08003254                OTG_FS_IRQHandler
                0x08003254                SPI3_IRQHandler
                0x08003254                DMA1_Stream4_IRQHandler
                0x08003254                I2C1_ER_IRQHandler
                0x08003254                DMA2_Stream6_IRQHandler
                0x08003254                DMA1_Stream3_IRQHandler
 *fill*         0x08003256        0x2 
 .text.HAL_Init
                0x08003258       0x44 ./Drivers/STM32F4xx_HAL_Driver/Src/stm32f4xx_hal.o
                0x08003258                HAL_Init
 .text.HAL_IncTick
                0x0800329c       0x28 ./Drivers/STM32F4xx_HAL_Driver/Src/stm32f4xx_hal.o
                0x0800329c                HAL_IncTick
 .text.HAL_GetTick
                0x080032c4       0x18 ./Drivers/STM32F4xx_HAL_Driver/Src/stm32f4xx_hal.o
                0x080032c4                HAL_GetTick
 .text.__NVIC_SetPriorityGrouping
                0x080032dc       0x48 ./Drivers/STM32F4xx_HAL_Driver/Src/stm32f4xx_hal_cortex.o
 .text.__NVIC_GetPriorityGrouping
                0x08003324       0x1c ./Drivers/STM32F4xx_HAL_Driver/Src/stm32f4xx_hal_cortex.o
 .text.__NVIC_EnableIRQ
                0x08003340       0x3c ./Drivers/STM32F4xx_HAL_Driver/Src/stm32f4xx_hal_cortex.o
 .text.__NVIC_SetPriority
                0x0800337c       0x54 ./Drivers/STM32F4xx_HAL_Driver/Src/stm32f4xx_hal_cortex.o
 .text.NVIC_EncodePriority
                0x080033d0       0x66 ./Drivers/STM32F4xx_HAL_Driver/Src/stm32f4xx_hal_cortex.o
 .text.HAL_NVIC_SetPriorityGrouping
                0x08003436       0x16 ./Drivers/STM32F4xx_HAL_Driver/Src/stm32f4xx_hal_cortex.o
                0x08003436                HAL_NVIC_SetPriorityGrouping
 .text.HAL_NVIC_SetPriority
                0x0800344c       0x38 ./Drivers/STM32F4xx_HAL_Driver/Src/stm32f4xx_hal_cortex.o
                0x0800344c                HAL_NVIC_SetPriority
 .text.HAL_NVIC_EnableIRQ
                0x08003484       0x1c ./Drivers/STM32F4xx_HAL_Driver/Src/stm32f4xx_hal_cortex.o
                0x08003484                HAL_NVIC_EnableIRQ
 .text.HAL_DMA_Init
                0x080034a0      0x15c ./Drivers/STM32F4xx_HAL_Driver/Src/stm32f4xx_hal_dma.o
                0x080034a0                HAL_DMA_Init
 .text.HAL_DMA_Start_IT
                0x080035fc       0xb0 ./Drivers/STM32F4xx_HAL_Driver/Src/stm32f4xx_hal_dma.o
                0x080035fc                HAL_DMA_Start_IT
 .text.HAL_DMA_Abort
                0x080036ac       0xe0 ./Drivers/STM32F4xx_HAL_Driver/Src/stm32f4xx_hal_dma.o
                0x080036ac                HAL_DMA_Abort
 .text.HAL_DMA_Abort_IT
                0x0800378c       0x44 ./Drivers/STM32F4xx_HAL_Driver/Src/stm32f4xx_hal_dma.o
                0x0800378c                HAL_DMA_Abort_IT
 .text.HAL_DMA_IRQHandler
                0x080037d0      0x314 ./Drivers/STM32F4xx_HAL_Driver/Src/stm32f4xx_hal_dma.o
                0x080037d0                HAL_DMA_IRQHandler
 .text.DMA_SetConfig
                0x08003ae4       0x5c ./Drivers/STM32F4xx_HAL_Driver/Src/stm32f4xx_hal_dma.o
 .text.DMA_CalcBaseAndBitshift
                0x08003b40       0x6c ./Drivers/STM32F4xx_HAL_Driver/Src/stm32f4xx_hal_dma.o
 .text.DMA_CheckFifoParam
                0x08003bac       0xf8 ./Drivers/STM32F4xx_HAL_Driver/Src/stm32f4xx_hal_dma.o
 .text.HAL_GPIO_Init
                0x08003ca4      0x308 ./Drivers/STM32F4xx_HAL_Driver/Src/stm32f4xx_hal_gpio.o
                0x08003ca4                HAL_GPIO_Init
 .text.HAL_GPIO_WritePin
                0x08003fac       0x32 ./Drivers/STM32F4xx_HAL_Driver/Src/stm32f4xx_hal_gpio.o
                0x08003fac                HAL_GPIO_WritePin
 .text.HAL_GPIO_TogglePin
                0x08003fde       0x34 ./Drivers/STM32F4xx_HAL_Driver/Src/stm32f4xx_hal_gpio.o
                0x08003fde                HAL_GPIO_TogglePin
 *fill*         0x08004012        0x2 
 .text.HAL_RCC_OscConfig
                0x08004014      0x4f0 ./Drivers/STM32F4xx_HAL_Driver/Src/stm32f4xx_hal_rcc.o
                0x08004014                HAL_RCC_OscConfig
 .text.HAL_RCC_ClockConfig
                0x08004504      0x1cc ./Drivers/STM32F4xx_HAL_Driver/Src/stm32f4xx_hal_rcc.o
                0x08004504                HAL_RCC_ClockConfig
 .text.HAL_RCC_GetSysClockFreq
                0x080046d0      0x18c ./Drivers/STM32F4xx_HAL_Driver/Src/stm32f4xx_hal_rcc.o
                0x080046d0                HAL_RCC_GetSysClockFreq
 .text.HAL_RCC_GetHCLKFreq
                0x0800485c       0x18 ./Drivers/STM32F4xx_HAL_Driver/Src/stm32f4xx_hal_rcc.o
                0x0800485c                HAL_RCC_GetHCLKFreq
 .text.HAL_RCC_GetPCLK1Freq
                0x08004874       0x28 ./Drivers/STM32F4xx_HAL_Driver/Src/stm32f4xx_hal_rcc.o
                0x08004874                HAL_RCC_GetPCLK1Freq
 .text.HAL_RCC_GetPCLK2Freq
                0x0800489c       0x28 ./Drivers/STM32F4xx_HAL_Driver/Src/stm32f4xx_hal_rcc.o
                0x0800489c                HAL_RCC_GetPCLK2Freq
 .text.HAL_RCC_GetClockConfig
                0x080048c4       0x64 ./Drivers/STM32F4xx_HAL_Driver/Src/stm32f4xx_hal_rcc.o
                0x080048c4                HAL_RCC_GetClockConfig
 .text.HAL_TIM_Base_Init
                0x08004928       0x9e ./Drivers/STM32F4xx_HAL_Driver/Src/stm32f4xx_hal_tim.o
                0x08004928                HAL_TIM_Base_Init
 .text.HAL_TIM_Base_MspInit
                0x080049c6       0x14 ./Drivers/STM32F4xx_HAL_Driver/Src/stm32f4xx_hal_tim.o
                0x080049c6                HAL_TIM_Base_MspInit
 *fill*         0x080049da        0x2 
 .text.HAL_TIM_Base_Start_IT
                0x080049dc       0xc4 ./Drivers/STM32F4xx_HAL_Driver/Src/stm32f4xx_hal_tim.o
                0x080049dc                HAL_TIM_Base_Start_IT
 .text.HAL_TIM_IRQHandler
                0x08004aa0      0x1e0 ./Drivers/STM32F4xx_HAL_Driver/Src/stm32f4xx_hal_tim.o
                0x08004aa0                HAL_TIM_IRQHandler
 .text.HAL_TIM_OC_DelayElapsedCallback
                0x08004c80       0x14 ./Drivers/STM32F4xx_HAL_Driver/Src/stm32f4xx_hal_tim.o
                0x08004c80                HAL_TIM_OC_DelayElapsedCallback
 .text.HAL_TIM_IC_CaptureCallback
                0x08004c94       0x14 ./Drivers/STM32F4xx_HAL_Driver/Src/stm32f4xx_hal_tim.o
                0x08004c94                HAL_TIM_IC_CaptureCallback
 .text.HAL_TIM_PWM_PulseFinishedCallback
                0x08004ca8       0x14 ./Drivers/STM32F4xx_HAL_Driver/Src/stm32f4xx_hal_tim.o
                0x08004ca8                HAL_TIM_PWM_PulseFinishedCallback
 .text.HAL_TIM_TriggerCallback
                0x08004cbc       0x14 ./Drivers/STM32F4xx_HAL_Driver/Src/stm32f4xx_hal_tim.o
                0x08004cbc                HAL_TIM_TriggerCallback
 .text.TIM_Base_SetConfig
                0x08004cd0      0x118 ./Drivers/STM32F4xx_HAL_Driver/Src/stm32f4xx_hal_tim.o
                0x08004cd0                TIM_Base_SetConfig
 .text.HAL_TIMEx_CommutCallback
                0x08004de8       0x14 ./Drivers/STM32F4xx_HAL_Driver/Src/stm32f4xx_hal_tim_ex.o
                0x08004de8                HAL_TIMEx_CommutCallback
 .text.HAL_TIMEx_BreakCallback
                0x08004dfc       0x14 ./Drivers/STM32F4xx_HAL_Driver/Src/stm32f4xx_hal_tim_ex.o
                0x08004dfc                HAL_TIMEx_BreakCallback
 .text.HAL_UART_Init
                0x08004e10       0xa0 ./Drivers/STM32F4xx_HAL_Driver/Src/stm32f4xx_hal_uart.o
                0x08004e10                HAL_UART_Init
 .text.HAL_UART_Transmit_DMA
                0x08004eb0       0xe0 ./Drivers/STM32F4xx_HAL_Driver/Src/stm32f4xx_hal_uart.o
                0x08004eb0                HAL_UART_Transmit_DMA
 .text.HAL_UARTEx_ReceiveToIdle_DMA
                0x08004f90       0xba ./Drivers/STM32F4xx_HAL_Driver/Src/stm32f4xx_hal_uart.o
                0x08004f90                HAL_UARTEx_ReceiveToIdle_DMA
 *fill*         0x0800504a        0x2 
 .text.HAL_UART_IRQHandler
                0x0800504c      0x524 ./Drivers/STM32F4xx_HAL_Driver/Src/stm32f4xx_hal_uart.o
                0x0800504c                HAL_UART_IRQHandler
 .text.HAL_UART_TxHalfCpltCallback
                0x08005570       0x14 ./Drivers/STM32F4xx_HAL_Driver/Src/stm32f4xx_hal_uart.o
                0x08005570                HAL_UART_TxHalfCpltCallback
 .text.HAL_UART_RxCpltCallback
                0x08005584       0x14 ./Drivers/STM32F4xx_HAL_Driver/Src/stm32f4xx_hal_uart.o
                0x08005584                HAL_UART_RxCpltCallback
 .text.HAL_UART_RxHalfCpltCallback
                0x08005598       0x14 ./Drivers/STM32F4xx_HAL_Driver/Src/stm32f4xx_hal_uart.o
                0x08005598                HAL_UART_RxHalfCpltCallback
 .text.HAL_UART_ErrorCallback
                0x080055ac       0x14 ./Drivers/STM32F4xx_HAL_Driver/Src/stm32f4xx_hal_uart.o
                0x080055ac                HAL_UART_ErrorCallback
 .text.UART_DMATransmitCplt
                0x080055c0       0x9a ./Drivers/STM32F4xx_HAL_Driver/Src/stm32f4xx_hal_uart.o
 .text.UART_DMATxHalfCplt
                0x0800565a       0x1c ./Drivers/STM32F4xx_HAL_Driver/Src/stm32f4xx_hal_uart.o
 .text.UART_DMAReceiveCplt
                0x08005676      0x12c ./Drivers/STM32F4xx_HAL_Driver/Src/stm32f4xx_hal_uart.o
 .text.UART_DMARxHalfCplt
                0x080057a2       0x3c ./Drivers/STM32F4xx_HAL_Driver/Src/stm32f4xx_hal_uart.o
 .text.UART_DMAError
                0x080057de       0x94 ./Drivers/STM32F4xx_HAL_Driver/Src/stm32f4xx_hal_uart.o
 *fill*         0x08005872        0x2 
 .text.UART_Start_Receive_DMA
                0x08005874      0x134 ./Drivers/STM32F4xx_HAL_Driver/Src/stm32f4xx_hal_uart.o
                0x08005874                UART_Start_Receive_DMA
 .text.UART_EndTxTransfer
                0x080059a8       0x50 ./Drivers/STM32F4xx_HAL_Driver/Src/stm32f4xx_hal_uart.o
 .text.UART_EndRxTransfer
                0x080059f8       0xc6 ./Drivers/STM32F4xx_HAL_Driver/Src/stm32f4xx_hal_uart.o
 .text.UART_DMAAbortOnError
                0x08005abe       0x28 ./Drivers/STM32F4xx_HAL_Driver/Src/stm32f4xx_hal_uart.o
 .text.UART_Transmit_IT
                0x08005ae6       0xa0 ./Drivers/STM32F4xx_HAL_Driver/Src/stm32f4xx_hal_uart.o
 .text.UART_EndTransmit_IT
                0x08005b86       0x30 ./Drivers/STM32F4xx_HAL_Driver/Src/stm32f4xx_hal_uart.o
 .text.UART_Receive_IT
                0x08005bb6      0x17c ./Drivers/STM32F4xx_HAL_Driver/Src/stm32f4xx_hal_uart.o
 *fill*         0x08005d32        0x2 
 .text.UART_SetConfig
                0x08005d34      0x4e8 ./Drivers/STM32F4xx_HAL_Driver/Src/stm32f4xx_hal_uart.o
 .text.memcmp   0x0800621c       0x20 /opt/st/stm32cubeide_1.16.0/plugins/com.st.stm32cube.ide.mcu.externaltools.gnu-tools-for-stm32.12.3.rel1.linux64_1.0.200.202406132123/tools/bin/../lib/gcc/arm-none-eabi/12.3.1/../../../../arm-none-eabi/lib/thumb/v7e-m+fp/hard/libc_nano.a(libc_a-memcmp.o)
                0x0800621c                memcmp
 .text.memset   0x0800623c       0x10 /opt/st/stm32cubeide_1.16.0/plugins/com.st.stm32cube.ide.mcu.externaltools.gnu-tools-for-stm32.12.3.rel1.linux64_1.0.200.202406132123/tools/bin/../lib/gcc/arm-none-eabi/12.3.1/../../../../arm-none-eabi/lib/thumb/v7e-m+fp/hard/libc_nano.a(libc_a-memset.o)
                0x0800623c                memset
 .text.__libc_init_array
                0x0800624c       0x48 /opt/st/stm32cubeide_1.16.0/plugins/com.st.stm32cube.ide.mcu.externaltools.gnu-tools-for-stm32.12.3.rel1.linux64_1.0.200.202406132123/tools/bin/../lib/gcc/arm-none-eabi/12.3.1/../../../../arm-none-eabi/lib/thumb/v7e-m+fp/hard/libc_nano.a(libc_a-init.o)
                0x0800624c                __libc_init_array
 .text.memcpy   0x08006294       0x1c /opt/st/stm32cubeide_1.16.0/plugins/com.st.stm32cube.ide.mcu.externaltools.gnu-tools-for-stm32.12.3.rel1.linux64_1.0.200.202406132123/tools/bin/../lib/gcc/arm-none-eabi/12.3.1/../../../../arm-none-eabi/lib/thumb/v7e-m+fp/hard/libc_nano.a(libc_a-memcpy-stub.o)
                0x08006294                memcpy
 *(.glue_7)
 .glue_7        0x080062b0        0x0 linker stubs
 *(.glue_7t)
 .glue_7t       0x080062b0        0x0 linker stubs
 *(.eh_frame)
 .eh_frame      0x080062b0        0x0 /opt/st/stm32cubeide_1.16.0/plugins/com.st.stm32cube.ide.mcu.externaltools.gnu-tools-for-stm32.12.3.rel1.linux64_1.0.200.202406132123/tools/bin/../lib/gcc/arm-none-eabi/12.3.1/thumb/v7e-m+fp/hard/crtbegin.o
 *(.init)
 .init          0x080062b0        0x4 /opt/st/stm32cubeide_1.16.0/plugins/com.st.stm32cube.ide.mcu.externaltools.gnu-tools-for-stm32.12.3.rel1.linux64_1.0.200.202406132123/tools/bin/../lib/gcc/arm-none-eabi/12.3.1/thumb/v7e-m+fp/hard/crti.o
                0x080062b0                _init
 .init          0x080062b4        0x8 /opt/st/stm32cubeide_1.16.0/plugins/com.st.stm32cube.ide.mcu.externaltools.gnu-tools-for-stm32.12.3.rel1.linux64_1.0.200.202406132123/tools/bin/../lib/gcc/arm-none-eabi/12.3.1/thumb/v7e-m+fp/hard/crtn.o
 *(.fini)
 .fini          0x080062bc        0x4 /opt/st/stm32cubeide_1.16.0/plugins/com.st.stm32cube.ide.mcu.externaltools.gnu-tools-for-stm32.12.3.rel1.linux64_1.0.200.202406132123/tools/bin/../lib/gcc/arm-none-eabi/12.3.1/thumb/v7e-m+fp/hard/crti.o
                0x080062bc                _fini
 .fini          0x080062c0        0x8 /opt/st/stm32cubeide_1.16.0/plugins/com.st.stm32cube.ide.mcu.externaltools.gnu-tools-for-stm32.12.3.rel1.linux64_1.0.200.202406132123/tools/bin/../lib/gcc/arm-none-eabi/12.3.1/thumb/v7e-m+fp/hard/crtn.o
                0x080062c8                        . = ALIGN (0x4)
                0x080062c8                        _etext = .

.vfp11_veneer   0x080062c8        0x0
 .vfp11_veneer  0x080062c8        0x0 linker stubs

.v4_bx          0x080062c8        0x0
 .v4_bx         0x080062c8        0x0 linker stubs

.iplt           0x080062c8        0x0
 .iplt          0x080062c8        0x0 /opt/st/stm32cubeide_1.16.0/plugins/com.st.stm32cube.ide.mcu.externaltools.gnu-tools-for-stm32.12.3.rel1.linux64_1.0.200.202406132123/tools/bin/../lib/gcc/arm-none-eabi/12.3.1/thumb/v7e-m+fp/hard/crtbegin.o

.rodata         0x080062c8       0x78
                0x080062c8                        . = ALIGN (0x4)
 *(.rodata)
 .rodata        0x080062c8        0x5 ./Core/FreeRTOS/Source/tasks.o
 *fill*         0x080062cd        0x3 
 .rodata        0x080062d0        0x8 ./Core/FreeRTOS/Source/timers.o
 .rodata        0x080062d8       0x45 ./Core/Src/main.o
 *(.rodata*)
 *fill*         0x0800631d        0x3 
 .rodata.AHBPrescTable
                0x08006320       0x10 ./Core/Src/system_stm32f4xx.o
                0x08006320                AHBPrescTable
 .rodata.APBPrescTable
                0x08006330        0x8 ./Core/Src/system_stm32f4xx.o
                0x08006330                APBPrescTable
 .rodata.flagBitshiftOffset.0
                0x08006338        0x8 ./Drivers/STM32F4xx_HAL_Driver/Src/stm32f4xx_hal_dma.o
                0x08006340                        . = ALIGN (0x4)

.ARM.extab      0x08006340        0x0
                0x08006340                        . = ALIGN (0x4)
 *(.ARM.extab* .gnu.linkonce.armextab.*)
                0x08006340                        . = ALIGN (0x4)

.ARM            0x08006340        0x8
                0x08006340                        . = ALIGN (0x4)
                0x08006340                        __exidx_start = .
 *(.ARM.exidx*)
 .ARM.exidx     0x08006340        0x8 /opt/st/stm32cubeide_1.16.0/plugins/com.st.stm32cube.ide.mcu.externaltools.gnu-tools-for-stm32.12.3.rel1.linux64_1.0.200.202406132123/tools/bin/../lib/gcc/arm-none-eabi/12.3.1/thumb/v7e-m+fp/hard/libgcc.a(_udivmoddi4.o)
                0x08006348                        __exidx_end = .
                0x08006348                        . = ALIGN (0x4)

.rel.dyn        0x08006348        0x0
 .rel.iplt      0x08006348        0x0 /opt/st/stm32cubeide_1.16.0/plugins/com.st.stm32cube.ide.mcu.externaltools.gnu-tools-for-stm32.12.3.rel1.linux64_1.0.200.202406132123/tools/bin/../lib/gcc/arm-none-eabi/12.3.1/thumb/v7e-m+fp/hard/crtbegin.o

.preinit_array  0x08006348        0x0
                0x08006348                        . = ALIGN (0x4)
                0x08006348                        PROVIDE (__preinit_array_start = .)
 *(.preinit_array*)
                0x08006348                        PROVIDE (__preinit_array_end = .)
                0x08006348                        . = ALIGN (0x4)

.init_array     0x08006348        0x4
                0x08006348                        . = ALIGN (0x4)
                0x08006348                        PROVIDE (__init_array_start = .)
 *(SORT_BY_NAME(.init_array.*))
 *(.init_array*)
 .init_array    0x08006348        0x4 /opt/st/stm32cubeide_1.16.0/plugins/com.st.stm32cube.ide.mcu.externaltools.gnu-tools-for-stm32.12.3.rel1.linux64_1.0.200.202406132123/tools/bin/../lib/gcc/arm-none-eabi/12.3.1/thumb/v7e-m+fp/hard/crtbegin.o
                0x0800634c                        PROVIDE (__init_array_end = .)
                0x0800634c                        . = ALIGN (0x4)

.fini_array     0x0800634c        0x4
                0x0800634c                        . = ALIGN (0x4)
                [!provide]                        PROVIDE (__fini_array_start = .)
 *(SORT_BY_NAME(.fini_array.*))
 *(.fini_array*)
 .fini_array    0x0800634c        0x4 /opt/st/stm32cubeide_1.16.0/plugins/com.st.stm32cube.ide.mcu.externaltools.gnu-tools-for-stm32.12.3.rel1.linux64_1.0.200.202406132123/tools/bin/../lib/gcc/arm-none-eabi/12.3.1/thumb/v7e-m+fp/hard/crtbegin.o
                [!provide]                        PROVIDE (__fini_array_end = .)
                0x08006350                        . = ALIGN (0x4)
                0x08006350                        _sidata = LOADADDR (.data)

.data           0x20000000       0x14 load address 0x08006350
                0x20000000                        . = ALIGN (0x4)
                0x20000000                        _sdata = .
 *(.data)
 *(.data*)
 .data.uxTopUsedPriority
                0x20000000        0x4 ./Core/FreeRTOS/Source/tasks.o
                0x20000000                uxTopUsedPriority
 .data.uxCriticalNesting
                0x20000004        0x4 ./Core/FreeRTOS/Source/portable/GCC/ARM_CM4F/port.o
 .data.SystemCoreClock
                0x20000008        0x4 ./Core/Src/system_stm32f4xx.o
                0x20000008                SystemCoreClock
 .data.uwTickPrio
                0x2000000c        0x4 ./Drivers/STM32F4xx_HAL_Driver/Src/stm32f4xx_hal.o
                0x2000000c                uwTickPrio
 .data.uwTickFreq
                0x20000010        0x1 ./Drivers/STM32F4xx_HAL_Driver/Src/stm32f4xx_hal.o
                0x20000010                uwTickFreq
 *(.RamFunc)
 *(.RamFunc*)
                0x20000014                        . = ALIGN (0x4)
 *fill*         0x20000011        0x3 
                0x20000014                        _edata = .

.igot.plt       0x20000014        0x0 load address 0x08006364
 .igot.plt      0x20000014        0x0 /opt/st/stm32cubeide_1.16.0/plugins/com.st.stm32cube.ide.mcu.externaltools.gnu-tools-for-stm32.12.3.rel1.linux64_1.0.200.202406132123/tools/bin/../lib/gcc/arm-none-eabi/12.3.1/thumb/v7e-m+fp/hard/crtbegin.o
                0x20000014                        . = ALIGN (0x4)

.bss            0x20000014     0x3740 load address 0x08006364
                0x20000014                        _sbss = .
                0x20000014                        __bss_start__ = _sbss
 *(.bss)
 .bss           0x20000014       0x1c /opt/st/stm32cubeide_1.16.0/plugins/com.st.stm32cube.ide.mcu.externaltools.gnu-tools-for-stm32.12.3.rel1.linux64_1.0.200.202406132123/tools/bin/../lib/gcc/arm-none-eabi/12.3.1/thumb/v7e-m+fp/hard/crtbegin.o
 *(.bss*)
 .bss.pxCurrentTCB
                0x20000030        0x4 ./Core/FreeRTOS/Source/tasks.o
                0x20000030                pxCurrentTCB
 .bss.pxReadyTasksLists
                0x20000034       0x64 ./Core/FreeRTOS/Source/tasks.o
 .bss.xDelayedTaskList1
                0x20000098       0x14 ./Core/FreeRTOS/Source/tasks.o
 .bss.xDelayedTaskList2
                0x200000ac       0x14 ./Core/FreeRTOS/Source/tasks.o
 .bss.pxDelayedTaskList
                0x200000c0        0x4 ./Core/FreeRTOS/Source/tasks.o
 .bss.pxOverflowDelayedTaskList
                0x200000c4        0x4 ./Core/FreeRTOS/Source/tasks.o
 .bss.xPendingReadyList
                0x200000c8       0x14 ./Core/FreeRTOS/Source/tasks.o
 .bss.uxCurrentNumberOfTasks
                0x200000dc        0x4 ./Core/FreeRTOS/Source/tasks.o
 .bss.xTickCount
                0x200000e0        0x4 ./Core/FreeRTOS/Source/tasks.o
 .bss.uxTopReadyPriority
                0x200000e4        0x4 ./Core/FreeRTOS/Source/tasks.o
 .bss.xSchedulerRunning
                0x200000e8        0x4 ./Core/FreeRTOS/Source/tasks.o
 .bss.xPendedTicks
                0x200000ec        0x4 ./Core/FreeRTOS/Source/tasks.o
 .bss.xYieldPending
                0x200000f0        0x4 ./Core/FreeRTOS/Source/tasks.o
 .bss.xNumOfOverflows
                0x200000f4        0x4 ./Core/FreeRTOS/Source/tasks.o
 .bss.uxTaskNumber
                0x200000f8        0x4 ./Core/FreeRTOS/Source/tasks.o
 .bss.xNextTaskUnblockTime
                0x200000fc        0x4 ./Core/FreeRTOS/Source/tasks.o
 .bss.xIdleTaskHandle
                0x20000100        0x4 ./Core/FreeRTOS/Source/tasks.o
 .bss.uxSchedulerSuspended
                0x20000104        0x4 ./Core/FreeRTOS/Source/tasks.o
 .bss.xActiveTimerList1
                0x20000108       0x14 ./Core/FreeRTOS/Source/timers.o
 .bss.xActiveTimerList2
                0x2000011c       0x14 ./Core/FreeRTOS/Source/timers.o
 .bss.pxCurrentTimerList
                0x20000130        0x4 ./Core/FreeRTOS/Source/timers.o
 .bss.pxOverflowTimerList
                0x20000134        0x4 ./Core/FreeRTOS/Source/timers.o
 .bss.xTimerQueue
                0x20000138        0x4 ./Core/FreeRTOS/Source/timers.o
 .bss.xTimerTaskHandle
                0x2000013c        0x4 ./Core/FreeRTOS/Source/timers.o
 .bss.xLastTime.0
                0x20000140        0x4 ./Core/FreeRTOS/Source/timers.o
 .bss.ucMaxSysCallPriority
                0x20000144        0x1 ./Core/FreeRTOS/Source/portable/GCC/ARM_CM4F/port.o
 *fill*         0x20000145        0x3 
 .bss.ulMaxPRIGROUPValue
                0x20000148        0x4 ./Core/FreeRTOS/Source/portable/GCC/ARM_CM4F/port.o
 .bss.ucHeap    0x2000014c     0x2800 ./Core/FreeRTOS/Source/portable/MemMang/heap_4.o
 .bss.xStart    0x2000294c        0x8 ./Core/FreeRTOS/Source/portable/MemMang/heap_4.o
 .bss.pxEnd     0x20002954        0x4 ./Core/FreeRTOS/Source/portable/MemMang/heap_4.o
 .bss.xFreeBytesRemaining
                0x20002958        0x4 ./Core/FreeRTOS/Source/portable/MemMang/heap_4.o
 .bss.xMinimumEverFreeBytesRemaining
                0x2000295c        0x4 ./Core/FreeRTOS/Source/portable/MemMang/heap_4.o
 .bss.xNumberOfSuccessfulAllocations
                0x20002960        0x4 ./Core/FreeRTOS/Source/portable/MemMang/heap_4.o
 .bss.xNumberOfSuccessfulFrees
                0x20002964        0x4 ./Core/FreeRTOS/Source/portable/MemMang/heap_4.o
 .bss.hE22      0x20002968      0xab8 ./Core/Src/e22900t22d.o
                0x20002968                hE22
 .bss.rxDmaBuffer
                0x20003420       0xf0 ./Core/Src/e22900t22d.o
                0x20003420                rxDmaBuffer
 .bss.txDmaBuffer
                0x20003510       0xf0 ./Core/Src/e22900t22d.o
                0x20003510                txDmaBuffer
 .bss.huart2    0x20003600       0x48 ./Core/Src/main.o
                0x20003600                huart2
 .bss.hdma_usart2_rx
                0x20003648       0x60 ./Core/Src/main.o
                0x20003648                hdma_usart2_rx
 .bss.hdma_usart2_tx
                0x200036a8       0x60 ./Core/Src/main.o
                0x200036a8                hdma_usart2_tx
 .bss.htim10    0x20003708       0x48 ./Core/Src/stm32f4xx_hal_timebase_tim.o
                0x20003708                htim10
 .bss.uwTick    0x20003750        0x4 ./Drivers/STM32F4xx_HAL_Driver/Src/stm32f4xx_hal.o
                0x20003750                uwTick
 *(COMMON)
                0x20003754                        . = ALIGN (0x4)
                0x20003754                        _ebss = .
                0x20003754                        __bss_end__ = _ebss

._user_heap_stack
                0x20003754      0x604 load address 0x08006364
                0x20003758                        . = ALIGN (0x8)
 *fill*         0x20003754        0x4 
                [!provide]                        PROVIDE (end = .)
                0x20003758                        PROVIDE (_end = .)
                0x20003958                        . = (. + _Min_Heap_Size)
 *fill*         0x20003758      0x200 
                0x20003d58                        . = (. + _Min_Stack_Size)
 *fill*         0x20003958      0x400 
                0x20003d58                        . = ALIGN (0x8)

/DISCARD/
 libc.a(*)
 libm.a(*)
 libgcc.a(*)

.ARM.attributes
                0x00000000       0x30
 *(.ARM.attributes)
 .ARM.attributes
                0x00000000       0x22 /opt/st/stm32cubeide_1.16.0/plugins/com.st.stm32cube.ide.mcu.externaltools.gnu-tools-for-stm32.12.3.rel1.linux64_1.0.200.202406132123/tools/bin/../lib/gcc/arm-none-eabi/12.3.1/thumb/v7e-m+fp/hard/crti.o
 .ARM.attributes
                0x00000022       0x34 /opt/st/stm32cubeide_1.16.0/plugins/com.st.stm32cube.ide.mcu.externaltools.gnu-tools-for-stm32.12.3.rel1.linux64_1.0.200.202406132123/tools/bin/../lib/gcc/arm-none-eabi/12.3.1/thumb/v7e-m+fp/hard/crtbegin.o
 .ARM.attributes
                0x00000056       0x34 ./Core/FreeRTOS/Source/list.o
 .ARM.attributes
                0x0000008a       0x34 ./Core/FreeRTOS/Source/queue.o
 .ARM.attributes
                0x000000be       0x34 ./Core/FreeRTOS/Source/tasks.o
 .ARM.attributes
                0x000000f2       0x34 ./Core/FreeRTOS/Source/timers.o
 .ARM.attributes
                0x00000126       0x34 ./Core/FreeRTOS/Source/portable/GCC/ARM_CM4F/port.o
 .ARM.attributes
                0x0000015a       0x34 ./Core/FreeRTOS/Source/portable/MemMang/heap_4.o
 .ARM.attributes
                0x0000018e       0x34 ./Core/Src/circ_buffer.o
 .ARM.attributes
                0x000001c2       0x34 ./Core/Src/e22900t22d.o
 .ARM.attributes
                0x000001f6       0x34 ./Core/Src/main.o
 .ARM.attributes
                0x0000022a       0x34 ./Core/Src/stm32f4xx_hal_msp.o
 .ARM.attributes
                0x0000025e       0x34 ./Core/Src/stm32f4xx_hal_timebase_tim.o
 .ARM.attributes
                0x00000292       0x34 ./Core/Src/stm32f4xx_it.o
 .ARM.attributes
                0x000002c6       0x34 ./Core/Src/system_stm32f4xx.o
 .ARM.attributes
                0x000002fa       0x21 ./Core/Startup/startup_stm32f411ceux.o
 .ARM.attributes
                0x0000031b       0x34 ./Drivers/STM32F4xx_HAL_Driver/Src/stm32f4xx_hal.o
 .ARM.attributes
                0x0000034f       0x34 ./Drivers/STM32F4xx_HAL_Driver/Src/stm32f4xx_hal_cortex.o
 .ARM.attributes
                0x00000383       0x34 ./Drivers/STM32F4xx_HAL_Driver/Src/stm32f4xx_hal_dma.o
 .ARM.attributes
                0x000003b7       0x34 ./Drivers/STM32F4xx_HAL_Driver/Src/stm32f4xx_hal_gpio.o
 .ARM.attributes
                0x000003eb       0x34 ./Drivers/STM32F4xx_HAL_Driver/Src/stm32f4xx_hal_rcc.o
 .ARM.attributes
                0x0000041f       0x34 ./Drivers/STM32F4xx_HAL_Driver/Src/stm32f4xx_hal_tim.o
 .ARM.attributes
                0x00000453       0x34 ./Drivers/STM32F4xx_HAL_Driver/Src/stm32f4xx_hal_tim_ex.o
 .ARM.attributes
                0x00000487       0x34 ./Drivers/STM32F4xx_HAL_Driver/Src/stm32f4xx_hal_uart.o
 .ARM.attributes
                0x000004bb       0x34 /opt/st/stm32cubeide_1.16.0/plugins/com.st.stm32cube.ide.mcu.externaltools.gnu-tools-for-stm32.12.3.rel1.linux64_1.0.200.202406132123/tools/bin/../lib/gcc/arm-none-eabi/12.3.1/../../../../arm-none-eabi/lib/thumb/v7e-m+fp/hard/libc_nano.a(libc_a-memcmp.o)
 .ARM.attributes
                0x000004ef       0x34 /opt/st/stm32cubeide_1.16.0/plugins/com.st.stm32cube.ide.mcu.externaltools.gnu-tools-for-stm32.12.3.rel1.linux64_1.0.200.202406132123/tools/bin/../lib/gcc/arm-none-eabi/12.3.1/../../../../arm-none-eabi/lib/thumb/v7e-m+fp/hard/libc_nano.a(libc_a-memset.o)
 .ARM.attributes
                0x00000523       0x34 /opt/st/stm32cubeide_1.16.0/plugins/com.st.stm32cube.ide.mcu.externaltools.gnu-tools-for-stm32.12.3.rel1.linux64_1.0.200.202406132123/tools/bin/../lib/gcc/arm-none-eabi/12.3.1/../../../../arm-none-eabi/lib/thumb/v7e-m+fp/hard/libc_nano.a(libc_a-init.o)
 .ARM.attributes
                0x00000557       0x34 /opt/st/stm32cubeide_1.16.0/plugins/com.st.stm32cube.ide.mcu.externaltools.gnu-tools-for-stm32.12.3.rel1.linux64_1.0.200.202406132123/tools/bin/../lib/gcc/arm-none-eabi/12.3.1/../../../../arm-none-eabi/lib/thumb/v7e-m+fp/hard/libc_nano.a(libc_a-memcpy-stub.o)
 .ARM.attributes
                0x0000058b       0x22 /opt/st/stm32cubeide_1.16.0/plugins/com.st.stm32cube.ide.mcu.externaltools.gnu-tools-for-stm32.12.3.rel1.linux64_1.0.200.202406132123/tools/bin/../lib/gcc/arm-none-eabi/12.3.1/thumb/v7e-m+fp/hard/libgcc.a(_aeabi_uldivmod.o)
 .ARM.attributes
                0x000005ad       0x34 /opt/st/stm32cubeide_1.16.0/plugins/com.st.stm32cube.ide.mcu.externaltools.gnu-tools-for-stm32.12.3.rel1.linux64_1.0.200.202406132123/tools/bin/../lib/gcc/arm-none-eabi/12.3.1/thumb/v7e-m+fp/hard/libgcc.a(_udivmoddi4.o)
 .ARM.attributes
                0x000005e1       0x22 /opt/st/stm32cubeide_1.16.0/plugins/com.st.stm32cube.ide.mcu.externaltools.gnu-tools-for-stm32.12.3.rel1.linux64_1.0.200.202406132123/tools/bin/../lib/gcc/arm-none-eabi/12.3.1/thumb/v7e-m+fp/hard/libgcc.a(_dvmd_tls.o)
 .ARM.attributes
                0x00000603       0x22 /opt/st/stm32cubeide_1.16.0/plugins/com.st.stm32cube.ide.mcu.externaltools.gnu-tools-for-stm32.12.3.rel1.linux64_1.0.200.202406132123/tools/bin/../lib/gcc/arm-none-eabi/12.3.1/thumb/v7e-m+fp/hard/crtn.o
OUTPUT(stm32_ssd1306_e22_lora.elf elf32-littlearm)
LOAD linker stubs
LOAD /opt/st/stm32cubeide_1.16.0/plugins/com.st.stm32cube.ide.mcu.externaltools.gnu-tools-for-stm32.12.3.rel1.linux64_1.0.200.202406132123/tools/bin/../lib/gcc/arm-none-eabi/12.3.1/../../../../arm-none-eabi/lib/thumb/v7e-m+fp/hard/libc.a
LOAD /opt/st/stm32cubeide_1.16.0/plugins/com.st.stm32cube.ide.mcu.externaltools.gnu-tools-for-stm32.12.3.rel1.linux64_1.0.200.202406132123/tools/bin/../lib/gcc/arm-none-eabi/12.3.1/../../../../arm-none-eabi/lib/thumb/v7e-m+fp/hard/libm.a
LOAD /opt/st/stm32cubeide_1.16.0/plugins/com.st.stm32cube.ide.mcu.externaltools.gnu-tools-for-stm32.12.3.rel1.linux64_1.0.200.202406132123/tools/bin/../lib/gcc/arm-none-eabi/12.3.1/thumb/v7e-m+fp/hard/libgcc.a

.debug_info     0x00000000    0x129aa
 .debug_info    0x00000000      0x2af ./Core/FreeRTOS/Source/list.o
 .debug_info    0x000002af     0x14eb ./Core/FreeRTOS/Source/queue.o
 .debug_info    0x0000179a     0x1b93 ./Core/FreeRTOS/Source/tasks.o
 .debug_info    0x0000332d      0xd97 ./Core/FreeRTOS/Source/timers.o
 .debug_info    0x000040c4      0x4d5 ./Core/FreeRTOS/Source/portable/GCC/ARM_CM4F/port.o
 .debug_info    0x00004599      0x521 ./Core/FreeRTOS/Source/portable/MemMang/heap_4.o
 .debug_info    0x00004aba      0x266 ./Core/Src/circ_buffer.o
 .debug_info    0x00004d20      0x4cb ./Core/Src/e22900t22d.o
 .debug_info    0x000051eb     0x1556 ./Core/Src/main.o
 .debug_info    0x00006741      0xb70 ./Core/Src/stm32f4xx_hal_msp.o
 .debug_info    0x000072b1      0xb75 ./Core/Src/stm32f4xx_hal_timebase_tim.o
 .debug_info    0x00007e26      0x9c7 ./Core/Src/stm32f4xx_it.o
 .debug_info    0x000087ed      0x53e ./Core/Src/system_stm32f4xx.o
 .debug_info    0x00008d2b       0x30 ./Core/Startup/startup_stm32f411ceux.o
 .debug_info    0x00008d5b      0x8c4 ./Drivers/STM32F4xx_HAL_Driver/Src/stm32f4xx_hal.o
 .debug_info    0x0000961f      0xcfc ./Drivers/STM32F4xx_HAL_Driver/Src/stm32f4xx_hal_cortex.o
 .debug_info    0x0000a31b      0x8e6 ./Drivers/STM32F4xx_HAL_Driver/Src/stm32f4xx_hal_dma.o
 .debug_info    0x0000ac01      0x6f9 ./Drivers/STM32F4xx_HAL_Driver/Src/stm32f4xx_hal_gpio.o
 .debug_info    0x0000b2fa      0x8f0 ./Drivers/STM32F4xx_HAL_Driver/Src/stm32f4xx_hal_rcc.o
 .debug_info    0x0000bbea     0x2996 ./Drivers/STM32F4xx_HAL_Driver/Src/stm32f4xx_hal_tim.o
 .debug_info    0x0000e580     0x14d4 ./Drivers/STM32F4xx_HAL_Driver/Src/stm32f4xx_hal_tim_ex.o
 .debug_info    0x0000fa54     0x2f56 ./Drivers/STM32F4xx_HAL_Driver/Src/stm32f4xx_hal_uart.o

.debug_abbrev   0x00000000     0x2f9b
 .debug_abbrev  0x00000000       0xf5 ./Core/FreeRTOS/Source/list.o
 .debug_abbrev  0x000000f5      0x2ce ./Core/FreeRTOS/Source/queue.o
 .debug_abbrev  0x000003c3      0x345 ./Core/FreeRTOS/Source/tasks.o
 .debug_abbrev  0x00000708      0x2b1 ./Core/FreeRTOS/Source/timers.o
 .debug_abbrev  0x000009b9      0x247 ./Core/FreeRTOS/Source/portable/GCC/ARM_CM4F/port.o
 .debug_abbrev  0x00000c00      0x256 ./Core/FreeRTOS/Source/portable/MemMang/heap_4.o
 .debug_abbrev  0x00000e56      0x14a ./Core/Src/circ_buffer.o
 .debug_abbrev  0x00000fa0      0x186 ./Core/Src/e22900t22d.o
 .debug_abbrev  0x00001126      0x33b ./Core/Src/main.o
 .debug_abbrev  0x00001461      0x20c ./Core/Src/stm32f4xx_hal_msp.o
 .debug_abbrev  0x0000166d      0x207 ./Core/Src/stm32f4xx_hal_timebase_tim.o
 .debug_abbrev  0x00001874      0x19b ./Core/Src/stm32f4xx_it.o
 .debug_abbrev  0x00001a0f      0x11a ./Core/Src/system_stm32f4xx.o
 .debug_abbrev  0x00001b29       0x24 ./Core/Startup/startup_stm32f411ceux.o
 .debug_abbrev  0x00001b4d      0x24b ./Drivers/STM32F4xx_HAL_Driver/Src/stm32f4xx_hal.o
 .debug_abbrev  0x00001d98      0x31d ./Drivers/STM32F4xx_HAL_Driver/Src/stm32f4xx_hal_cortex.o
 .debug_abbrev  0x000020b5      0x221 ./Drivers/STM32F4xx_HAL_Driver/Src/stm32f4xx_hal_dma.o
 .debug_abbrev  0x000022d6      0x1d3 ./Drivers/STM32F4xx_HAL_Driver/Src/stm32f4xx_hal_gpio.o
 .debug_abbrev  0x000024a9      0x2b6 ./Drivers/STM32F4xx_HAL_Driver/Src/stm32f4xx_hal_rcc.o
 .debug_abbrev  0x0000275f      0x28b ./Drivers/STM32F4xx_HAL_Driver/Src/stm32f4xx_hal_tim.o
 .debug_abbrev  0x000029ea      0x296 ./Drivers/STM32F4xx_HAL_Driver/Src/stm32f4xx_hal_tim_ex.o
 .debug_abbrev  0x00002c80      0x31b ./Drivers/STM32F4xx_HAL_Driver/Src/stm32f4xx_hal_uart.o

.debug_aranges  0x00000000     0x1178
 .debug_aranges
                0x00000000       0x40 ./Core/FreeRTOS/Source/list.o
 .debug_aranges
                0x00000040       0xe8 ./Core/FreeRTOS/Source/queue.o
 .debug_aranges
                0x00000128      0x178 ./Core/FreeRTOS/Source/tasks.o
 .debug_aranges
                0x000002a0       0xd8 ./Core/FreeRTOS/Source/timers.o
 .debug_aranges
                0x00000378       0x80 ./Core/FreeRTOS/Source/portable/GCC/ARM_CM4F/port.o
 .debug_aranges
                0x000003f8       0x60 ./Core/FreeRTOS/Source/portable/MemMang/heap_4.o
 .debug_aranges
                0x00000458       0x48 ./Core/Src/circ_buffer.o
 .debug_aranges
                0x000004a0       0x48 ./Core/Src/e22900t22d.o
 .debug_aranges
                0x000004e8       0x90 ./Core/Src/main.o
 .debug_aranges
                0x00000578       0x30 ./Core/Src/stm32f4xx_hal_msp.o
 .debug_aranges
                0x000005a8       0x30 ./Core/Src/stm32f4xx_hal_timebase_tim.o
 .debug_aranges
                0x000005d8       0x80 ./Core/Src/stm32f4xx_it.o
 .debug_aranges
                0x00000658       0x28 ./Core/Src/system_stm32f4xx.o
 .debug_aranges
                0x00000680       0x28 ./Core/Startup/startup_stm32f411ceux.o
 .debug_aranges
                0x000006a8       0xf0 ./Drivers/STM32F4xx_HAL_Driver/Src/stm32f4xx_hal.o
 .debug_aranges
                0x00000798      0x130 ./Drivers/STM32F4xx_HAL_Driver/Src/stm32f4xx_hal_cortex.o
 .debug_aranges
                0x000008c8       0x90 ./Drivers/STM32F4xx_HAL_Driver/Src/stm32f4xx_hal_dma.o
 .debug_aranges
                0x00000958       0x58 ./Drivers/STM32F4xx_HAL_Driver/Src/stm32f4xx_hal_gpio.o
 .debug_aranges
                0x000009b0       0x88 ./Drivers/STM32F4xx_HAL_Driver/Src/stm32f4xx_hal_rcc.o
 .debug_aranges
                0x00000a38      0x3d0 ./Drivers/STM32F4xx_HAL_Driver/Src/stm32f4xx_hal_tim.o
 .debug_aranges
                0x00000e08      0x168 ./Drivers/STM32F4xx_HAL_Driver/Src/stm32f4xx_hal_tim_ex.o
 .debug_aranges
                0x00000f70      0x208 ./Drivers/STM32F4xx_HAL_Driver/Src/stm32f4xx_hal_uart.o

.debug_rnglists
                0x00000000      0xd8d
 .debug_rnglists
                0x00000000       0x2b ./Core/FreeRTOS/Source/list.o
 .debug_rnglists
                0x0000002b       0xb5 ./Core/FreeRTOS/Source/queue.o
 .debug_rnglists
                0x000000e0      0x12b ./Core/FreeRTOS/Source/tasks.o
 .debug_rnglists
                0x0000020b       0xa1 ./Core/FreeRTOS/Source/timers.o
 .debug_rnglists
                0x000002ac       0x5d ./Core/FreeRTOS/Source/portable/GCC/ARM_CM4F/port.o
 .debug_rnglists
                0x00000309       0x48 ./Core/FreeRTOS/Source/portable/MemMang/heap_4.o
 .debug_rnglists
                0x00000351       0x32 ./Core/Src/circ_buffer.o
 .debug_rnglists
                0x00000383       0x33 ./Core/Src/e22900t22d.o
 .debug_rnglists
                0x000003b6       0x6a ./Core/Src/main.o
 .debug_rnglists
                0x00000420       0x20 ./Core/Src/stm32f4xx_hal_msp.o
 .debug_rnglists
                0x00000440       0x20 ./Core/Src/stm32f4xx_hal_timebase_tim.o
 .debug_rnglists
                0x00000460       0x5b ./Core/Src/stm32f4xx_it.o
 .debug_rnglists
                0x000004bb       0x1a ./Core/Src/system_stm32f4xx.o
 .debug_rnglists
                0x000004d5       0x19 ./Core/Startup/startup_stm32f411ceux.o
 .debug_rnglists
                0x000004ee       0xaf ./Drivers/STM32F4xx_HAL_Driver/Src/stm32f4xx_hal.o
 .debug_rnglists
                0x0000059d       0xe0 ./Drivers/STM32F4xx_HAL_Driver/Src/stm32f4xx_hal_cortex.o
 .debug_rnglists
                0x0000067d       0x70 ./Drivers/STM32F4xx_HAL_Driver/Src/stm32f4xx_hal_dma.o
 .debug_rnglists
                0x000006ed       0x3f ./Drivers/STM32F4xx_HAL_Driver/Src/stm32f4xx_hal_gpio.o
 .debug_rnglists
                0x0000072c       0x66 ./Drivers/STM32F4xx_HAL_Driver/Src/stm32f4xx_hal_rcc.o
 .debug_rnglists
                0x00000792      0x31a ./Drivers/STM32F4xx_HAL_Driver/Src/stm32f4xx_hal_tim.o
 .debug_rnglists
                0x00000aac      0x125 ./Drivers/STM32F4xx_HAL_Driver/Src/stm32f4xx_hal_tim_ex.o
 .debug_rnglists
                0x00000bd1      0x1bc ./Drivers/STM32F4xx_HAL_Driver/Src/stm32f4xx_hal_uart.o

.debug_macro    0x00000000    0x15f98
 .debug_macro   0x00000000      0x198 ./Core/FreeRTOS/Source/list.o
 .debug_macro   0x00000198      0x22f ./Core/FreeRTOS/Source/queue.o
 .debug_macro   0x000003c7       0x16 ./Core/FreeRTOS/Source/queue.o
 .debug_macro   0x000003dd       0x35 ./Core/FreeRTOS/Source/queue.o
 .debug_macro   0x00000412       0x20 ./Core/FreeRTOS/Source/queue.o
 .debug_macro   0x00000432       0x80 ./Core/FreeRTOS/Source/queue.o
 .debug_macro   0x000004b2      0x27e ./Core/FreeRTOS/Source/tasks.o
 .debug_macro   0x00000730       0x17 ./Core/FreeRTOS/Source/tasks.o
 .debug_macro   0x00000747      0x1e7 ./Core/FreeRTOS/Source/timers.o
 .debug_macro   0x0000092e       0x97 ./Core/FreeRTOS/Source/timers.o
 .debug_macro   0x000009c5      0x1a1 ./Core/FreeRTOS/Source/portable/GCC/ARM_CM4F/port.o
 .debug_macro   0x00000b66      0x219 ./Core/FreeRTOS/Source/portable/MemMang/heap_4.o
 .debug_macro   0x00000d7f      0x13d ./Core/Src/circ_buffer.o
 .debug_macro   0x00000ebc       0x10 ./Core/Src/circ_buffer.o
 .debug_macro   0x00000ecc      0x1c6 ./Core/Src/e22900t22d.o
 .debug_macro   0x00001092       0x22 ./Core/Src/e22900t22d.o
 .debug_macro   0x000010b4       0x16 ./Core/Src/e22900t22d.o
 .debug_macro   0x000010ca       0x9e ./Core/Src/e22900t22d.o
 .debug_macro   0x00001168      0x10b ./Core/Src/e22900t22d.o
 .debug_macro   0x00001273       0x10 ./Core/Src/e22900t22d.o
 .debug_macro   0x00001283       0x16 ./Core/Src/e22900t22d.o
 .debug_macro   0x00001299       0x16 ./Core/Src/e22900t22d.o
 .debug_macro   0x000012af      0x146 ./Core/Src/e22900t22d.o
 .debug_macro   0x000013f5      0x36b ./Core/Src/main.o
 .debug_macro   0x00001760      0x29b ./Core/Src/main.o
 .debug_macro   0x000019fb       0x2e ./Core/Src/main.o
 .debug_macro   0x00001a29       0x28 ./Core/Src/main.o
 .debug_macro   0x00001a51       0x1c ./Core/Src/main.o
 .debug_macro   0x00001a6d       0x22 ./Core/Src/main.o
 .debug_macro   0x00001a8f       0xfb ./Core/Src/main.o
 .debug_macro   0x00001b8a     0x1011 ./Core/Src/main.o
 .debug_macro   0x00002b9b      0x11f ./Core/Src/main.o
 .debug_macro   0x00002cba     0xb953 ./Core/Src/main.o
 .debug_macro   0x0000e60d       0x6d ./Core/Src/main.o
 .debug_macro   0x0000e67a     0x369a ./Core/Src/main.o
 .debug_macro   0x00011d14       0x5c ./Core/Src/main.o
 .debug_macro   0x00011d70      0x45c ./Core/Src/main.o
 .debug_macro   0x000121cc      0x9e9 ./Core/Src/main.o
 .debug_macro   0x00012bb5      0x115 ./Core/Src/main.o
 .debug_macro   0x00012cca      0x11b ./Core/Src/main.o
 .debug_macro   0x00012de5       0xa5 ./Core/Src/main.o
 .debug_macro   0x00012e8a      0x15f ./Core/Src/main.o
 .debug_macro   0x00012fe9      0x287 ./Core/Src/main.o
 .debug_macro   0x00013270       0x5f ./Core/Src/main.o
 .debug_macro   0x000132cf      0x236 ./Core/Src/main.o
 .debug_macro   0x00013505      0x132 ./Core/Src/main.o
 .debug_macro   0x00013637      0x264 ./Core/Src/main.o
 .debug_macro   0x0001389b       0x2e ./Core/Src/main.o
 .debug_macro   0x000138c9      0x127 ./Core/Src/main.o
 .debug_macro   0x000139f0       0x85 ./Core/Src/main.o
 .debug_macro   0x00013a75       0x89 ./Core/Src/main.o
 .debug_macro   0x00013afe      0x8ed ./Core/Src/main.o
 .debug_macro   0x000143eb       0x47 ./Core/Src/main.o
 .debug_macro   0x00014432      0x2aa ./Core/Src/main.o
 .debug_macro   0x000146dc      0x126 ./Core/Src/main.o
 .debug_macro   0x00014802       0x28 ./Core/Src/main.o
 .debug_macro   0x0001482a      0x10c ./Core/Src/main.o
 .debug_macro   0x00014936      0x1dd ./Core/Src/stm32f4xx_hal_msp.o
 .debug_macro   0x00014b13      0x1ce ./Core/Src/stm32f4xx_hal_timebase_tim.o
 .debug_macro   0x00014ce1      0x1e7 ./Core/Src/stm32f4xx_it.o
 .debug_macro   0x00014ec8      0x1ce ./Core/Src/system_stm32f4xx.o
 .debug_macro   0x00015096      0x22e ./Drivers/STM32F4xx_HAL_Driver/Src/stm32f4xx_hal.o
 .debug_macro   0x000152c4      0x1ce ./Drivers/STM32F4xx_HAL_Driver/Src/stm32f4xx_hal_cortex.o
 .debug_macro   0x00015492      0x1d4 ./Drivers/STM32F4xx_HAL_Driver/Src/stm32f4xx_hal_dma.o
 .debug_macro   0x00015666      0x1d4 ./Drivers/STM32F4xx_HAL_Driver/Src/stm32f4xx_hal_gpio.o
 .debug_macro   0x0001583a      0x1f2 ./Drivers/STM32F4xx_HAL_Driver/Src/stm32f4xx_hal_rcc.o
 .debug_macro   0x00015a2c      0x1cf ./Drivers/STM32F4xx_HAL_Driver/Src/stm32f4xx_hal_tim.o
 .debug_macro   0x00015bfb      0x1ce ./Drivers/STM32F4xx_HAL_Driver/Src/stm32f4xx_hal_tim_ex.o
 .debug_macro   0x00015dc9      0x1cf ./Drivers/STM32F4xx_HAL_Driver/Src/stm32f4xx_hal_uart.o

.debug_line     0x00000000    0x133c0
 .debug_line    0x00000000      0x69d ./Core/FreeRTOS/Source/list.o
 .debug_line    0x0000069d     0x1353 ./Core/FreeRTOS/Source/queue.o
 .debug_line    0x000019f0     0x15ee ./Core/FreeRTOS/Source/tasks.o
 .debug_line    0x00002fde      0xbab ./Core/FreeRTOS/Source/timers.o
 .debug_line    0x00003b89      0x759 ./Core/FreeRTOS/Source/portable/GCC/ARM_CM4F/port.o
 .debug_line    0x000042e2      0x91e ./Core/FreeRTOS/Source/portable/MemMang/heap_4.o
 .debug_line    0x00004c00      0x5c6 ./Core/Src/circ_buffer.o
 .debug_line    0x000051c6      0x61c ./Core/Src/e22900t22d.o
 .debug_line    0x000057e2      0xb44 ./Core/Src/main.o
 .debug_line    0x00006326      0x732 ./Core/Src/stm32f4xx_hal_msp.o
 .debug_line    0x00006a58      0x701 ./Core/Src/stm32f4xx_hal_timebase_tim.o
 .debug_line    0x00007159      0x7b1 ./Core/Src/stm32f4xx_it.o
 .debug_line    0x0000790a      0x718 ./Core/Src/system_stm32f4xx.o
 .debug_line    0x00008022       0x7a ./Core/Startup/startup_stm32f411ceux.o
 .debug_line    0x0000809c      0x981 ./Drivers/STM32F4xx_HAL_Driver/Src/stm32f4xx_hal.o
 .debug_line    0x00008a1d      0xc73 ./Drivers/STM32F4xx_HAL_Driver/Src/stm32f4xx_hal_cortex.o
 .debug_line    0x00009690      0xef1 ./Drivers/STM32F4xx_HAL_Driver/Src/stm32f4xx_hal_dma.o
 .debug_line    0x0000a581      0xad1 ./Drivers/STM32F4xx_HAL_Driver/Src/stm32f4xx_hal_gpio.o
 .debug_line    0x0000b052      0xd0a ./Drivers/STM32F4xx_HAL_Driver/Src/stm32f4xx_hal_rcc.o
 .debug_line    0x0000bd5c     0x34ff ./Drivers/STM32F4xx_HAL_Driver/Src/stm32f4xx_hal_tim.o
 .debug_line    0x0000f25b     0x1912 ./Drivers/STM32F4xx_HAL_Driver/Src/stm32f4xx_hal_tim_ex.o
 .debug_line    0x00010b6d     0x2853 ./Drivers/STM32F4xx_HAL_Driver/Src/stm32f4xx_hal_uart.o

.debug_str      0x00000000    0x972e0
 .debug_str     0x00000000     0xafbd ./Core/FreeRTOS/Source/list.o
                               0xb1e2 (size before relaxing)
 .debug_str     0x0000afbd     0x2573 ./Core/FreeRTOS/Source/queue.o
                               0xd752 (size before relaxing)
 .debug_str     0x0000d530     0x17e0 ./Core/FreeRTOS/Source/tasks.o
                               0xdf62 (size before relaxing)
 .debug_str     0x0000ed10      0x50c ./Core/FreeRTOS/Source/timers.o
                               0xda14 (size before relaxing)
 .debug_str     0x0000f21c      0x792 ./Core/FreeRTOS/Source/portable/GCC/ARM_CM4F/port.o
                               0x99d4 (size before relaxing)
 .debug_str     0x0000f9ae      0x5d8 ./Core/FreeRTOS/Source/portable/MemMang/heap_4.o
                               0xca0c (size before relaxing)
 .debug_str     0x0000ff86       0xf9 ./Core/Src/circ_buffer.o
                               0x735a (size before relaxing)
 .debug_str     0x0001007f      0x894 ./Core/Src/e22900t22d.o
                               0x7c34 (size before relaxing)
 .debug_str     0x00010913    0x83ddc ./Core/Src/main.o
                              0x90933 (size before relaxing)
 .debug_str     0x000946ef       0x90 ./Core/Src/stm32f4xx_hal_msp.o
                              0x87a1c (size before relaxing)
 .debug_str     0x0009477f       0xf8 ./Core/Src/stm32f4xx_hal_timebase_tim.o
                              0x87a63 (size before relaxing)
 .debug_str     0x00094877      0x127 ./Core/Src/stm32f4xx_it.o
                              0x87822 (size before relaxing)
 .debug_str     0x0009499e       0xdb ./Core/Src/system_stm32f4xx.o
                              0x870d3 (size before relaxing)
 .debug_str     0x00094a79       0x44 ./Core/Startup/startup_stm32f411ceux.o
                                 0x8c (size before relaxing)
 .debug_str     0x00094abd      0x5d3 ./Drivers/STM32F4xx_HAL_Driver/Src/stm32f4xx_hal.o
                              0x87aff (size before relaxing)
 .debug_str     0x00095090      0x36b ./Drivers/STM32F4xx_HAL_Driver/Src/stm32f4xx_hal_cortex.o
                              0x87869 (size before relaxing)
 .debug_str     0x000953fb      0x2f4 ./Drivers/STM32F4xx_HAL_Driver/Src/stm32f4xx_hal_dma.o
                              0x874db (size before relaxing)
 .debug_str     0x000956ef      0x10e ./Drivers/STM32F4xx_HAL_Driver/Src/stm32f4xx_hal_gpio.o
                              0x8724e (size before relaxing)
 .debug_str     0x000957fd      0x1fd ./Drivers/STM32F4xx_HAL_Driver/Src/stm32f4xx_hal_rcc.o
                              0x87507 (size before relaxing)
 .debug_str     0x000959fa      0xe46 ./Drivers/STM32F4xx_HAL_Driver/Src/stm32f4xx_hal_tim.o
                              0x8844b (size before relaxing)
 .debug_str     0x00096840      0x503 ./Drivers/STM32F4xx_HAL_Driver/Src/stm32f4xx_hal_tim_ex.o
                              0x87c57 (size before relaxing)
 .debug_str     0x00096d43      0x59d ./Drivers/STM32F4xx_HAL_Driver/Src/stm32f4xx_hal_uart.o
                              0x87ad6 (size before relaxing)

.comment        0x00000000       0x43
 .comment       0x00000000       0x43 ./Core/FreeRTOS/Source/list.o
                                 0x44 (size before relaxing)
 .comment       0x00000043       0x44 ./Core/FreeRTOS/Source/queue.o
 .comment       0x00000043       0x44 ./Core/FreeRTOS/Source/tasks.o
 .comment       0x00000043       0x44 ./Core/FreeRTOS/Source/timers.o
 .comment       0x00000043       0x44 ./Core/FreeRTOS/Source/portable/GCC/ARM_CM4F/port.o
 .comment       0x00000043       0x44 ./Core/FreeRTOS/Source/portable/MemMang/heap_4.o
 .comment       0x00000043       0x44 ./Core/Src/circ_buffer.o
 .comment       0x00000043       0x44 ./Core/Src/e22900t22d.o
 .comment       0x00000043       0x44 ./Core/Src/main.o
 .comment       0x00000043       0x44 ./Core/Src/stm32f4xx_hal_msp.o
 .comment       0x00000043       0x44 ./Core/Src/stm32f4xx_hal_timebase_tim.o
 .comment       0x00000043       0x44 ./Core/Src/stm32f4xx_it.o
 .comment       0x00000043       0x44 ./Core/Src/system_stm32f4xx.o
 .comment       0x00000043       0x44 ./Drivers/STM32F4xx_HAL_Driver/Src/stm32f4xx_hal.o
 .comment       0x00000043       0x44 ./Drivers/STM32F4xx_HAL_Driver/Src/stm32f4xx_hal_cortex.o
 .comment       0x00000043       0x44 ./Drivers/STM32F4xx_HAL_Driver/Src/stm32f4xx_hal_dma.o
 .comment       0x00000043       0x44 ./Drivers/STM32F4xx_HAL_Driver/Src/stm32f4xx_hal_gpio.o
 .comment       0x00000043       0x44 ./Drivers/STM32F4xx_HAL_Driver/Src/stm32f4xx_hal_rcc.o
 .comment       0x00000043       0x44 ./Drivers/STM32F4xx_HAL_Driver/Src/stm32f4xx_hal_tim.o
 .comment       0x00000043       0x44 ./Drivers/STM32F4xx_HAL_Driver/Src/stm32f4xx_hal_tim_ex.o
 .comment       0x00000043       0x44 ./Drivers/STM32F4xx_HAL_Driver/Src/stm32f4xx_hal_uart.o

.debug_frame    0x00000000     0x4850
 .debug_frame   0x00000000       0xd8 ./Core/FreeRTOS/Source/list.o
 .debug_frame   0x000000d8      0x3cc ./Core/FreeRTOS/Source/queue.o
 .debug_frame   0x000004a4      0x654 ./Core/FreeRTOS/Source/tasks.o
 .debug_frame   0x00000af8      0x378 ./Core/FreeRTOS/Source/timers.o
 .debug_frame   0x00000e70      0x1a8 ./Core/FreeRTOS/Source/portable/GCC/ARM_CM4F/port.o
 .debug_frame   0x00001018      0x150 ./Core/FreeRTOS/Source/portable/MemMang/heap_4.o
 .debug_frame   0x00001168       0xfc ./Core/Src/circ_buffer.o
 .debug_frame   0x00001264       0xe4 ./Core/Src/e22900t22d.o
 .debug_frame   0x00001348      0x1f8 ./Core/Src/main.o
 .debug_frame   0x00001540       0x80 ./Core/Src/stm32f4xx_hal_msp.o
 .debug_frame   0x000015c0       0x74 ./Core/Src/stm32f4xx_hal_timebase_tim.o
 .debug_frame   0x00001634      0x178 ./Core/Src/stm32f4xx_it.o
 .debug_frame   0x000017ac       0x58 ./Core/Src/system_stm32f4xx.o
 .debug_frame   0x00001804      0x374 ./Drivers/STM32F4xx_HAL_Driver/Src/stm32f4xx_hal.o
 .debug_frame   0x00001b78      0x508 ./Drivers/STM32F4xx_HAL_Driver/Src/stm32f4xx_hal_cortex.o
 .debug_frame   0x00002080      0x250 ./Drivers/STM32F4xx_HAL_Driver/Src/stm32f4xx_hal_dma.o
 .debug_frame   0x000022d0      0x14c ./Drivers/STM32F4xx_HAL_Driver/Src/stm32f4xx_hal_gpio.o
 .debug_frame   0x0000241c      0x1f4 ./Drivers/STM32F4xx_HAL_Driver/Src/stm32f4xx_hal_rcc.o
 .debug_frame   0x00002610     0x11b8 ./Drivers/STM32F4xx_HAL_Driver/Src/stm32f4xx_hal_tim.o
 .debug_frame   0x000037c8      0x638 ./Drivers/STM32F4xx_HAL_Driver/Src/stm32f4xx_hal_tim_ex.o
 .debug_frame   0x00003e00      0x954 ./Drivers/STM32F4xx_HAL_Driver/Src/stm32f4xx_hal_uart.o
 .debug_frame   0x00004754       0x28 /opt/st/stm32cubeide_1.16.0/plugins/com.st.stm32cube.ide.mcu.externaltools.gnu-tools-for-stm32.12.3.rel1.linux64_1.0.200.202406132123/tools/bin/../lib/gcc/arm-none-eabi/12.3.1/../../../../arm-none-eabi/lib/thumb/v7e-m+fp/hard/libc_nano.a(libc_a-memcmp.o)
 .debug_frame   0x0000477c       0x20 /opt/st/stm32cubeide_1.16.0/plugins/com.st.stm32cube.ide.mcu.externaltools.gnu-tools-for-stm32.12.3.rel1.linux64_1.0.200.202406132123/tools/bin/../lib/gcc/arm-none-eabi/12.3.1/../../../../arm-none-eabi/lib/thumb/v7e-m+fp/hard/libc_nano.a(libc_a-memset.o)
 .debug_frame   0x0000479c       0x2c /opt/st/stm32cubeide_1.16.0/plugins/com.st.stm32cube.ide.mcu.externaltools.gnu-tools-for-stm32.12.3.rel1.linux64_1.0.200.202406132123/tools/bin/../lib/gcc/arm-none-eabi/12.3.1/../../../../arm-none-eabi/lib/thumb/v7e-m+fp/hard/libc_nano.a(libc_a-init.o)
 .debug_frame   0x000047c8       0x28 /opt/st/stm32cubeide_1.16.0/plugins/com.st.stm32cube.ide.mcu.externaltools.gnu-tools-for-stm32.12.3.rel1.linux64_1.0.200.202406132123/tools/bin/../lib/gcc/arm-none-eabi/12.3.1/../../../../arm-none-eabi/lib/thumb/v7e-m+fp/hard/libc_nano.a(libc_a-memcpy-stub.o)
 .debug_frame   0x000047f0       0x2c /opt/st/stm32cubeide_1.16.0/plugins/com.st.stm32cube.ide.mcu.externaltools.gnu-tools-for-stm32.12.3.rel1.linux64_1.0.200.202406132123/tools/bin/../lib/gcc/arm-none-eabi/12.3.1/thumb/v7e-m+fp/hard/libgcc.a(_aeabi_uldivmod.o)
 .debug_frame   0x0000481c       0x34 /opt/st/stm32cubeide_1.16.0/plugins/com.st.stm32cube.ide.mcu.externaltools.gnu-tools-for-stm32.12.3.rel1.linux64_1.0.200.202406132123/tools/bin/../lib/gcc/arm-none-eabi/12.3.1/thumb/v7e-m+fp/hard/libgcc.a(_udivmoddi4.o)

.debug_line_str
                0x00000000       0x70
 .debug_line_str
                0x00000000       0x70 ./Core/Startup/startup_stm32f411ceux.o
