Archive member included to satisfy reference by file (symbol)

/opt/st/stm32cubeide_1.18.0/plugins/com.st.stm32cube.ide.mcu.externaltools.gnu-tools-for-stm32.13.3.rel1.linux64_1.0.0.202410170706/tools/bin/../lib/gcc/arm-none-eabi/13.3.1/../../../../arm-none-eabi/lib/thumb/v7e-m+fp/hard/libc_nano.a(libc_a-exit.o)
                              /opt/st/stm32cubeide_1.18.0/plugins/com.st.stm32cube.ide.mcu.externaltools.gnu-tools-for-stm32.13.3.rel1.linux64_1.0.0.202410170706/tools/bin/../lib/gcc/arm-none-eabi/13.3.1/../../../../arm-none-eabi/lib/thumb/v7e-m+fp/hard/crt0.o (exit)
/opt/st/stm32cubeide_1.18.0/plugins/com.st.stm32cube.ide.mcu.externaltools.gnu-tools-for-stm32.13.3.rel1.linux64_1.0.0.202410170706/tools/bin/../lib/gcc/arm-none-eabi/13.3.1/../../../../arm-none-eabi/lib/thumb/v7e-m+fp/hard/libc_nano.a(libc_a-findfp.o)
                              /opt/st/stm32cubeide_1.18.0/plugins/com.st.stm32cube.ide.mcu.externaltools.gnu-tools-for-stm32.13.3.rel1.linux64_1.0.0.202410170706/tools/bin/../lib/gcc/arm-none-eabi/13.3.1/../../../../arm-none-eabi/lib/thumb/v7e-m+fp/hard/libc_nano.a(libc_a-exit.o) (__stdio_exit_handler)
/opt/st/stm32cubeide_1.18.0/plugins/com.st.stm32cube.ide.mcu.externaltools.gnu-tools-for-stm32.13.3.rel1.linux64_1.0.0.202410170706/tools/bin/../lib/gcc/arm-none-eabi/13.3.1/../../../../arm-none-eabi/lib/thumb/v7e-m+fp/hard/libc_nano.a(libc_a-fwalk.o)
                              /opt/st/stm32cubeide_1.18.0/plugins/com.st.stm32cube.ide.mcu.externaltools.gnu-tools-for-stm32.13.3.rel1.linux64_1.0.0.202410170706/tools/bin/../lib/gcc/arm-none-eabi/13.3.1/../../../../arm-none-eabi/lib/thumb/v7e-m+fp/hard/libc_nano.a(libc_a-findfp.o) (_fwalk_sglue)
/opt/st/stm32cubeide_1.18.0/plugins/com.st.stm32cube.ide.mcu.externaltools.gnu-tools-for-stm32.13.3.rel1.linux64_1.0.0.202410170706/tools/bin/../lib/gcc/arm-none-eabi/13.3.1/../../../../arm-none-eabi/lib/thumb/v7e-m+fp/hard/libc_nano.a(libc_a-printf.o)
                              ./Core/Src/main.o (printf)
/opt/st/stm32cubeide_1.18.0/plugins/com.st.stm32cube.ide.mcu.externaltools.gnu-tools-for-stm32.13.3.rel1.linux64_1.0.0.202410170706/tools/bin/../lib/gcc/arm-none-eabi/13.3.1/../../../../arm-none-eabi/lib/thumb/v7e-m+fp/hard/libc_nano.a(libc_a-puts.o)
                              ./Core/Src/main.o (puts)
/opt/st/stm32cubeide_1.18.0/plugins/com.st.stm32cube.ide.mcu.externaltools.gnu-tools-for-stm32.13.3.rel1.linux64_1.0.0.202410170706/tools/bin/../lib/gcc/arm-none-eabi/13.3.1/../../../../arm-none-eabi/lib/thumb/v7e-m+fp/hard/libc_nano.a(libc_a-stdio.o)
                              /opt/st/stm32cubeide_1.18.0/plugins/com.st.stm32cube.ide.mcu.externaltools.gnu-tools-for-stm32.13.3.rel1.linux64_1.0.0.202410170706/tools/bin/../lib/gcc/arm-none-eabi/13.3.1/../../../../arm-none-eabi/lib/thumb/v7e-m+fp/hard/libc_nano.a(libc_a-findfp.o) (__sread)
/opt/st/stm32cubeide_1.18.0/plugins/com.st.stm32cube.ide.mcu.externaltools.gnu-tools-for-stm32.13.3.rel1.linux64_1.0.0.202410170706/tools/bin/../lib/gcc/arm-none-eabi/13.3.1/../../../../arm-none-eabi/lib/thumb/v7e-m+fp/hard/libc_nano.a(libc_a-wbuf.o)
                              /opt/st/stm32cubeide_1.18.0/plugins/com.st.stm32cube.ide.mcu.externaltools.gnu-tools-for-stm32.13.3.rel1.linux64_1.0.0.202410170706/tools/bin/../lib/gcc/arm-none-eabi/13.3.1/../../../../arm-none-eabi/lib/thumb/v7e-m+fp/hard/libc_nano.a(libc_a-puts.o) (__swbuf_r)
/opt/st/stm32cubeide_1.18.0/plugins/com.st.stm32cube.ide.mcu.externaltools.gnu-tools-for-stm32.13.3.rel1.linux64_1.0.0.202410170706/tools/bin/../lib/gcc/arm-none-eabi/13.3.1/../../../../arm-none-eabi/lib/thumb/v7e-m+fp/hard/libc_nano.a(libc_a-wsetup.o)
                              /opt/st/stm32cubeide_1.18.0/plugins/com.st.stm32cube.ide.mcu.externaltools.gnu-tools-for-stm32.13.3.rel1.linux64_1.0.0.202410170706/tools/bin/../lib/gcc/arm-none-eabi/13.3.1/../../../../arm-none-eabi/lib/thumb/v7e-m+fp/hard/libc_nano.a(libc_a-puts.o) (__swsetup_r)
/opt/st/stm32cubeide_1.18.0/plugins/com.st.stm32cube.ide.mcu.externaltools.gnu-tools-for-stm32.13.3.rel1.linux64_1.0.0.202410170706/tools/bin/../lib/gcc/arm-none-eabi/13.3.1/../../../../arm-none-eabi/lib/thumb/v7e-m+fp/hard/libc_nano.a(libc_a-memcmp.o)
                              ./Core/Src/main.o (memcmp)
/opt/st/stm32cubeide_1.18.0/plugins/com.st.stm32cube.ide.mcu.externaltools.gnu-tools-for-stm32.13.3.rel1.linux64_1.0.0.202410170706/tools/bin/../lib/gcc/arm-none-eabi/13.3.1/../../../../arm-none-eabi/lib/thumb/v7e-m+fp/hard/libc_nano.a(libc_a-memset.o)
                              /opt/st/stm32cubeide_1.18.0/plugins/com.st.stm32cube.ide.mcu.externaltools.gnu-tools-for-stm32.13.3.rel1.linux64_1.0.0.202410170706/tools/bin/../lib/gcc/arm-none-eabi/13.3.1/../../../../arm-none-eabi/lib/thumb/v7e-m+fp/hard/crt0.o (memset)
[...]
Memory Configuration

Name             Origin             Length             Attributes
RAM              0x20000000         0x00020000         xrw
FLASH            0x08000000         0x00080000         xr
*default*        0x00000000         0xffffffff

Linker script and memory map

LOAD /opt/st/stm32cubeide_1.18.0/plugins/com.st.stm32cube.ide.mcu.externaltools.gnu-tools-for-stm32.13.3.rel1.linux64_1.0.0.202410170706/tools/bin/../lib/gcc/arm-none-eabi/13.3.1/thumb/v7e-m+fp/hard/crti.o
LOAD /opt/st/stm32cubeide_1.18.0/plugins/com.st.stm32cube.ide.mcu.externaltools.gnu-tools-for-stm32.13.3.rel1.linux64_1.0.0.202410170706/tools/bin/../lib/gcc/arm-none-eabi/13.3.1/thumb/v7e-m+fp/hard/crtbegin.o
LOAD /opt/st/stm32cubeide_1.18.0/plugins/com.st.stm32cube.ide.mcu.externaltools.gnu-tools-for-stm32.13.3.rel1.linux64_1.0.0.202410170706/tools/bin/../lib/gcc/arm-none-eabi/13.3.1/../../../../arm-none-eabi/lib/thumb/v7e-m+fp/hard/crt0.o
LOAD ./Core/FreeRTOS/Source/croutine.o
LOAD ./Core/FreeRTOS/Source/event_groups.o
LOAD ./Core/FreeRTOS/Source/list.o
LOAD ./Core/FreeRTOS/Source/queue.o
LOAD ./Core/FreeRTOS/Source/stream_buffer.o
LOAD ./Core/FreeRTOS/Source/tasks.o
LOAD ./Core/FreeRTOS/Source/timers.o
LOAD ./Core/FreeRTOS/Source/portable/GCC/ARM_CM4F/port.o
LOAD ./Core/FreeRTOS/Source/portable/MemMang/heap_4.o
LOAD ./Core/Src/circ_buffer.o
LOAD ./Core/Src/e22900t22d.o
LOAD ./Core/Src/main.o
LOAD ./Core/Src/stm32f4xx_hal_msp.o
LOAD ./Core/Src/stm32f4xx_hal_timebase_tim.o
LOAD ./Core/Src/stm32f4xx_it.o
LOAD ./Core/Src/syscalls.o
LOAD ./Core/Src/sysmem.o
LOAD ./Core/Src/system_stm32f4xx.o
LOAD ./Core/Startup/startup_stm32f411ceux.o
LOAD ./Drivers/STM32F4xx_HAL_Driver/Src/stm32f4xx_hal.o
LOAD ./Drivers/STM32F4xx_HAL_Driver/Src/stm32f4xx_hal_cortex.o
LOAD ./Drivers/STM32F4xx_HAL_Driver/Src/stm32f4xx_hal_dma.o
LOAD ./Drivers/STM32F4xx_HAL_Driver/Src/stm32f4xx_hal_dma_ex.o
LOAD ./Drivers/STM32F4xx_HAL_Driver/Src/stm32f4xx_hal_exti.o
LOAD ./Drivers/STM32F4xx_HAL_Driver/Src/stm32f4xx_hal_flash.o
LOAD ./Drivers/STM32F4xx_HAL_Driver/Src/stm32f4xx_hal_flash_ex.o
LOAD ./Drivers/STM32F4xx_HAL_Driver/Src/stm32f4xx_hal_flash_ramfunc.o
LOAD ./Drivers/STM32F4xx_HAL_Driver/Src/stm32f4xx_hal_gpio.o
LOAD ./Drivers/STM32F4xx_HAL_Driver/Src/stm32f4xx_hal_pwr.o
LOAD ./Drivers/STM32F4xx_HAL_Driver/Src/stm32f4xx_hal_pwr_ex.o
LOAD ./Drivers/STM32F4xx_HAL_Driver/Src/stm32f4xx_hal_rcc.o
LOAD ./Drivers/STM32F4xx_HAL_Driver/Src/stm32f4xx_hal_rcc_ex.o
LOAD ./Drivers/STM32F4xx_HAL_Driver/Src/stm32f4xx_hal_tim.o
LOAD ./Drivers/STM32F4xx_HAL_Driver/Src/stm32f4xx_hal_tim_ex.o
LOAD ./Drivers/STM32F4xx_HAL_Driver/Src/stm32f4xx_hal_uart.o
START GROUP
LOAD /opt/st/stm32cubeide_1.18.0/plugins/com.st.stm32cube.ide.mcu.externaltools.gnu-tools-for-stm32.13.3.rel1.linux64_1.0.0.202410170706/tools/bin/../lib/gcc/arm-none-eabi/13.3.1/../../../../arm-none-eabi/lib/thumb/v7e-m+fp/hard/libc_nano.a
LOAD /opt/st/stm32cubeide_1.18.0/plugins/com.st.stm32cube.ide.mcu.externaltools.gnu-tools-for-stm32.13.3.rel1.linux64_1.0.0.202410170706/tools/bin/../lib/gcc/arm-none-eabi/13.3.1/../../../../arm-none-eabi/lib/thumb/v7e-m+fp/hard/libm.a
END GROUP
START GROUP
LOAD /opt/st/stm32cubeide_1.18.0/plugins/com.st.stm32cube.ide.mcu.externaltools.gnu-tools-for-stm32.13.3.rel1.linux64_1.0.0.202410170706/tools/bin/../lib/gcc/arm-none-eabi/13.3.1/thumb/v7e-m+fp/hard/libgcc.a
LOAD /opt/st/stm32cubeide_1.18.0/plugins/com.st.stm32cube.ide.mcu.externaltools.gnu-tools-for-stm32.13.3.rel1.linux64_1.0.0.202410170706/tools/bin/../lib/gcc/arm-none-eabi/13.3.1/../../../../arm-none-eabi/lib/thumb/v7e-m+fp/hard/libc_nano.a
END GROUP
START GROUP
LOAD /opt/st/stm32cubeide_1.18.0/plugins/com.st.stm32cube.ide.mcu.externaltools.gnu-tools-for-stm32.13.3.rel1.linux64_1.0.0.202410170706/tools/bin/../lib/gcc/arm-none-eabi/13.3.1/thumb/v7e-m+fp/hard/libgcc.a
LOAD /opt/st/stm32cubeide_1.18.0/plugins/com.st.stm32cube.ide.mcu.externaltools.gnu-tools-for-stm32.13.3.rel1.linux64_1.0.0.202410170706/tools/bin/../lib/gcc/arm-none-eabi/13.3.1/../../../../arm-none-eabi/lib/thumb/v7e-m+fp/hard/libc_nano.a
LOAD /opt/st/stm32cubeide_1.18.0/plugins/com.st.stm32cube.ide.mcu.externaltools.gnu-tools-for-stm32.13.3.rel1.linux64_1.0.0.202410170706/tools/bin/../lib/gcc/arm-none-eabi/13.3.1/../../../../arm-none-eabi/lib/thumb/v7e-m+fp/hard/libnosys.a
END GROUP
START GROUP
LOAD /opt/st/stm32cubeide_1.18.0/plugins/com.st.stm32cube.ide.mcu.externaltools.gnu-tools-for-stm32.13.3.rel1.linux64_1.0.0.202410170706/tools/bin/../lib/gcc/arm-none-eabi/13.3.1/thumb/v7e-m+fp/hard/libgcc.a
LOAD /opt/st/stm32cubeide_1.18.0/plugins/com.st.stm32cube.ide.mcu.externaltools.gnu-tools-for-stm32.13.3.rel1.linux64_1.0.0.202410170706/tools/bin/../lib/gcc/arm-none-eabi/13.3.1/../../../../arm-none-eabi/lib/thumb/v7e-m+fp/hard/libc_nano.a
LOAD /opt/st/stm32cubeide_1.18.0/plugins/com.st.stm32cube.ide.mcu.externaltools.gnu-tools-for-stm32.13.3.rel1.linux64_1.0.0.202410170706/tools/bin/../lib/gcc/arm-none-eabi/13.3.1/../../../../arm-none-eabi/lib/thumb/v7e-m+fp/hard/libnosys.a
END GROUP
LOAD /opt/st/stm32cubeide_1.18.0/plugins/com.st.stm32cube.ide.mcu.externaltools.gnu-tools-for-stm32.13.3.rel1.linux64_1.0.0.202410170706/tools/bin/../lib/gcc/arm-none-eabi/13.3.1/thumb/v7e-m+fp/hard/crtend.o
LOAD /opt/st/stm32cubeide_1.18.0/plugins/com.st.stm32cube.ide.mcu.externaltools.gnu-tools-for-stm32.13.3.rel1.linux64_1.0.0.202410170706/tools/bin/../lib/gcc/arm-none-eabi/13.3.1/thumb/v7e-m+fp/hard/crtn.o
                0x20020000                        _estack = (ORIGIN (RAM) + LENGTH (RAM))
                0x00000200                        _Min_Heap_Size = 0x200
                0x00000400                        _Min_Stack_Size = 0x400

.isr_vector     0x08000000      0x198
                0x08000000                        . = ALIGN (0x4)
 *(.isr_vector)
 .isr_vector    0x08000000      0x198 ./Core/Startup/startup_stm32f411ceux.o
                0x08000000                g_pfnVectors
                0x08000198                        . = ALIGN (0x4)

.text           0x080001a0     0x7234
                0x080001a0                        . = ALIGN (0x4)
 *(.text)
 .text          0x080001a0       0x40 /opt/st/stm32cubeide_1.18.0/plugins/com.st.stm32cube.ide.mcu.externaltools.gnu-tools-for-stm32.13.3.rel1.linux64_1.0.0.202410170706/tools/bin/../lib/gcc/arm-none-eabi/13.3.1/thumb/v7e-m+fp/hard/crtbegin.o
 .text          0x080001e0       0xa0 /opt/st/stm32cubeide_1.18.0/plugins/com.st.stm32cube.ide.mcu.externaltools.gnu-tools-for-stm32.13.3.rel1.linux64_1.0.0.202410170706/tools/bin/../lib/gcc/arm-none-eabi/13.3.1/../../../../arm-none-eabi/lib/thumb/v7e-m+fp/hard/libc_nano.a(libc_a-memchr.o)
                0x080001e0                memchr
 .text          0x08000280       0x30 /opt/st/stm32cubeide_1.18.0/plugins/com.st.stm32cube.ide.mcu.externaltools.gnu-tools-for-stm32.13.3.rel1.linux64_1.0.0.202410170706/tools/bin/../lib/gcc/arm-none-eabi/13.3.1/thumb/v7e-m+fp/hard/libgcc.a(_aeabi_uldivmod.o)
                0x08000280                __aeabi_uldivmod
 .text          0x080002b0      0x2f8 /opt/st/stm32cubeide_1.18.0/plugins/com.st.stm32cube.ide.mcu.externaltools.gnu-tools-for-stm32.13.3.rel1.linux64_1.0.0.202410170706/tools/bin/../lib/gcc/arm-none-eabi/13.3.1/thumb/v7e-m+fp/hard/libgcc.a(_udivmoddi4.o)
                0x080002b0                __udivmoddi4
 .text          0x080005a8        0x4 /opt/st/stm32cubeide_1.18.0/plugins/com.st.stm32cube.ide.mcu.externaltools.gnu-tools-for-stm32.13.3.rel1.linux64_1.0.0.202410170706/tools/bin/../lib/gcc/arm-none-eabi/13.3.1/thumb/v7e-m+fp/hard/libgcc.a(_dvmd_tls.o)
                0x080005a8                __aeabi_ldiv0
                0x080005a8                __aeabi_idiv0
 *(.text*)
 .text.vListInitialise
                0x080005ac       0x40 ./Core/FreeRTOS/Source/list.o
                0x080005ac                vListInitialise
 .text.vListInitialiseItem
                0x080005ec       0x1a ./Core/FreeRTOS/Source/list.o
                0x080005ec                vListInitialiseItem
 .text.vListInsert
                0x08000606       0x72 ./Core/FreeRTOS/Source/list.o
                0x08000606                vListInsert
 .text.uxListRemove
                0x08000678       0x54 ./Core/FreeRTOS/Source/list.o
                0x08000678                uxListRemove
 .text.xQueueGenericReset
                0x080006cc      0x124 ./Core/FreeRTOS/Source/queue.o
                0x080006cc                xQueueGenericReset
 .text.xQueueGenericCreate
                0x080007f0       0x9e ./Core/FreeRTOS/Source/queue.o
                0x080007f0                xQueueGenericCreate
 .text.prvInitialiseNewQueue
                0x0800088e       0x3e ./Core/FreeRTOS/Source/queue.o
 .text.xQueueReceive
                0x080008cc      0x1c4 ./Core/FreeRTOS/Source/queue.o
                0x080008cc                xQueueReceive
 .text.prvCopyDataFromQueue
                0x08000a90       0x4c ./Core/FreeRTOS/Source/queue.o
 .text.prvUnlockQueue
                0x08000adc       0xa4 ./Core/FreeRTOS/Source/queue.o
 .text.prvIsQueueEmpty
                0x08000b80       0x2c ./Core/FreeRTOS/Source/queue.o
 .text.vQueueWaitForMessageRestricted
                0x08000bac       0x68 ./Core/FreeRTOS/Source/queue.o
                0x08000bac                vQueueWaitForMessageRestricted
 .text.xTaskCreate
                0x08000c14       0x8c ./Core/FreeRTOS/Source/tasks.o
                0x08000c14                xTaskCreate
 .text.prvInitialiseNewTask
                0x08000ca0      0x110 ./Core/FreeRTOS/Source/tasks.o
 .text.prvAddNewTaskToReadyList
                0x08000db0      0x124 ./Core/FreeRTOS/Source/tasks.o
 .text.xTaskDelayUntil
                0x08000ed4      0x104 ./Core/FreeRTOS/Source/tasks.o
                0x08000ed4                xTaskDelayUntil
 .text.vTaskStartScheduler
                0x08000fd8       0xa4 ./Core/FreeRTOS/Source/tasks.o
                0x08000fd8                vTaskStartScheduler
 .text.vTaskSuspendAll
                0x0800107c       0x1c ./Core/FreeRTOS/Source/tasks.o
                0x0800107c                vTaskSuspendAll
 .text.xTaskResumeAll
                0x08001098      0x1f8 ./Core/FreeRTOS/Source/tasks.o
                0x08001098                xTaskResumeAll
 .text.xTaskGetTickCount
                0x08001290       0x20 ./Core/FreeRTOS/Source/tasks.o
                0x08001290                xTaskGetTickCount
 .text.xTaskIncrementTick
                0x080012b0      0x230 ./Core/FreeRTOS/Source/tasks.o
                0x080012b0                xTaskIncrementTick
 .text.vTaskSwitchContext
                0x080014e0       0xb8 ./Core/FreeRTOS/Source/tasks.o
                0x080014e0                vTaskSwitchContext
 .text.vTaskPlaceOnEventList
                0x08001598       0x4c ./Core/FreeRTOS/Source/tasks.o
                0x08001598                vTaskPlaceOnEventList
 .text.vTaskPlaceOnEventListRestricted
                0x080015e4       0x8c ./Core/FreeRTOS/Source/tasks.o
                0x080015e4                vTaskPlaceOnEventListRestricted
 .text.xTaskRemoveFromEventList
                0x08001670      0x1b0 ./Core/FreeRTOS/Source/tasks.o
                0x08001670                xTaskRemoveFromEventList
 .text.vTaskInternalSetTimeOutState
                0x08001820       0x2c ./Core/FreeRTOS/Source/tasks.o
                0x08001820                vTaskInternalSetTimeOutState
 .text.xTaskCheckForTimeOut
                0x0800184c       0xc0 ./Core/FreeRTOS/Source/tasks.o
                0x0800184c                xTaskCheckForTimeOut
 .text.vTaskMissedYield
                0x0800190c       0x18 ./Core/FreeRTOS/Source/tasks.o
                0x0800190c                vTaskMissedYield
 .text.prvIdleTask
                0x08001924       0x30 ./Core/FreeRTOS/Source/tasks.o
 .text.prvInitialiseTaskLists
                0x08001954       0x6c ./Core/FreeRTOS/Source/tasks.o
 .text.prvCheckTasksWaitingTermination
                0x080019c0        0xe ./Core/FreeRTOS/Source/tasks.o
 *fill*         0x080019ce        0x2 
 .text.prvResetNextTaskUnblockTime
                0x080019d0       0x38 ./Core/FreeRTOS/Source/tasks.o
 .text.xTaskGetSchedulerState
                0x08001a08       0x3c ./Core/FreeRTOS/Source/tasks.o
                0x08001a08                xTaskGetSchedulerState
 .text.prvAddCurrentTaskToDelayedList
                0x08001a44       0xa8 ./Core/FreeRTOS/Source/tasks.o
 .text.xTimerCreateTimerTask
                0x08001aec       0x64 ./Core/FreeRTOS/Source/timers.o
                0x08001aec                xTimerCreateTimerTask
 .text.prvReloadTimer
                0x08001b50       0x42 ./Core/FreeRTOS/Source/timers.o
 *fill*         0x08001b92        0x2 
 .text.prvProcessExpiredTimer
                0x08001b94       0x60 ./Core/FreeRTOS/Source/timers.o
 .text.prvTimerTask
                0x08001bf4       0x26 ./Core/FreeRTOS/Source/timers.o
 *fill*         0x08001c1a        0x2 
 .text.prvProcessTimerOrBlockTask
                0x08001c1c       0x9c ./Core/FreeRTOS/Source/timers.o
 .text.prvGetNextExpireTime
                0x08001cb8       0x48 ./Core/FreeRTOS/Source/timers.o
 .text.prvSampleTimeNow
                0x08001d00       0x40 ./Core/FreeRTOS/Source/timers.o
 .text.prvInsertTimerInActiveList
                0x08001d40       0x84 ./Core/FreeRTOS/Source/timers.o
 .text.prvProcessReceivedCommands
                0x08001dc4      0x184 ./Core/FreeRTOS/Source/timers.o
 .text.prvSwitchTimerLists
                0x08001f48       0x4c ./Core/FreeRTOS/Source/timers.o
 .text.prvCheckForValidListAndQueue
                0x08001f94       0x54 ./Core/FreeRTOS/Source/timers.o
 .text.pxPortInitialiseStack
                0x08001fe8       0x68 ./Core/FreeRTOS/Source/portable/GCC/ARM_CM4F/port.o
                0x08001fe8                pxPortInitialiseStack
 .text.prvTaskExitError
                0x08002050       0x5c ./Core/FreeRTOS/Source/portable/GCC/ARM_CM4F/port.o
 *fill*         0x080020ac        0x4 
 .text.SVC_Handler
                0x080020b0       0x28 ./Core/FreeRTOS/Source/portable/GCC/ARM_CM4F/port.o
                0x080020b0                SVC_Handler
 .text.prvPortStartFirstTask
                0x080020d8       0x2c ./Core/FreeRTOS/Source/portable/GCC/ARM_CM4F/port.o
 .text.xPortStartScheduler
                0x08002104      0x148 ./Core/FreeRTOS/Source/portable/GCC/ARM_CM4F/port.o
                0x08002104                xPortStartScheduler
 .text.vPortEnterCritical
                0x0800224c       0x64 ./Core/FreeRTOS/Source/portable/GCC/ARM_CM4F/port.o
                0x0800224c                vPortEnterCritical
 .text.vPortExitCritical
                0x080022b0       0x54 ./Core/FreeRTOS/Source/portable/GCC/ARM_CM4F/port.o
                0x080022b0                vPortExitCritical
 *fill*         0x08002304        0xc 
 .text.PendSV_Handler
                0x08002310       0x68 ./Core/FreeRTOS/Source/portable/GCC/ARM_CM4F/port.o
                0x08002310                PendSV_Handler
 .text.SysTick_Handler
                0x08002378       0x44 ./Core/FreeRTOS/Source/portable/GCC/ARM_CM4F/port.o
                0x08002378                SysTick_Handler
 .text.vPortSetupTimerInterrupt
                0x080023bc       0x34 ./Core/FreeRTOS/Source/portable/GCC/ARM_CM4F/port.o
                0x080023bc                vPortSetupTimerInterrupt
 .text.vPortEnableVFP
                0x080023f0       0x18 ./Core/FreeRTOS/Source/portable/GCC/ARM_CM4F/port.o
 .text.pvPortMalloc
                0x08002408      0x178 ./Core/FreeRTOS/Source/portable/MemMang/heap_4.o
                0x08002408                pvPortMalloc
 .text.vPortFree
                0x08002580       0xb4 ./Core/FreeRTOS/Source/portable/MemMang/heap_4.o
                0x08002580                vPortFree
 .text.prvHeapInit
                0x08002634       0xb8 ./Core/FreeRTOS/Source/portable/MemMang/heap_4.o
 .text.prvInsertBlockIntoFreeList
                0x080026ec       0xb4 ./Core/FreeRTOS/Source/portable/MemMang/heap_4.o
 .text.circ_buffer_enqueue
                0x080027a0       0x94 ./Core/Src/circ_buffer.o
                0x080027a0                circ_buffer_enqueue
 .text.circ_buffer_dequeue
                0x08002834       0x70 ./Core/Src/circ_buffer.o
                0x08002834                circ_buffer_dequeue
 .text.circ_buffer_getNextSize
                0x080028a4       0x38 ./Core/Src/circ_buffer.o
                0x080028a4                circ_buffer_getNextSize
 .text.e22_lora_init
                0x080028dc       0x70 ./Core/Src/e22900t22d.o
                0x080028dc                e22_lora_init
 .text.e22_lora_transnit
                0x0800294c       0x88 ./Core/Src/e22900t22d.o
                0x0800294c                e22_lora_transnit
 .text.e22_lora_manager
                0x080029d4       0x94 ./Core/Src/e22900t22d.o
                0x080029d4                e22_lora_manager
 .text.e22_lora_make_ready
                0x08002a68       0x1c ./Core/Src/e22900t22d.o
                0x08002a68                e22_lora_make_ready
 .text.e22_lora_reception_complete
                0x08002a84       0x3c ./Core/Src/e22900t22d.o
                0x08002a84                e22_lora_reception_complete
 .text.main     0x08002ac0       0xb0 ./Core/Src/main.o
                0x08002ac0                main
 .text.SystemClock_Config
                0x08002b70       0xd0 ./Core/Src/main.o
                0x08002b70                SystemClock_Config
 .text.MX_USART2_UART_Init
                0x08002c40       0x54 ./Core/Src/main.o
 .text.MX_DMA_Init
                0x08002c94       0x50 ./Core/Src/main.o
 .text.MX_GPIO_Init
                0x08002ce4       0xec ./Core/Src/main.o
 .text.led_toggle_task
                0x08002dd0       0x34 ./Core/Src/main.o
 .text.e22_handle_task
                0x08002e04       0x38 ./Core/Src/main.o
 .text.e22_transmission_task
                0x08002e3c       0x68 ./Core/Src/main.o
 .text.main_e22_transceiverMode
                0x08002ea4       0x18 ./Core/Src/main.o
 .text.main_e22_configurationMode
                0x08002ebc       0x20 ./Core/Src/main.o
 .text.HAL_UART_TxCpltCallback
                0x08002edc       0x20 ./Core/Src/main.o
                0x08002edc                HAL_UART_TxCpltCallback
 .text.HAL_UARTEx_RxEventCallback
                0x08002efc       0x1e ./Core/Src/main.o
                0x08002efc                HAL_UARTEx_RxEventCallback
 *fill*         0x08002f1a        0x2 
 .text.main_lora_packet_receive
                0x08002f1c       0x74 ./Core/Src/main.o
 .text.HAL_TIM_PeriodElapsedCallback
                0x08002f90       0x24 ./Core/Src/main.o
                0x08002f90                HAL_TIM_PeriodElapsedCallback
 .text.Error_Handler
                0x08002fb4        0xc ./Core/Src/main.o
                0x08002fb4                Error_Handler
 .text.HAL_MspInit
                0x08002fc0       0x50 ./Core/Src/stm32f4xx_hal_msp.o
                0x08002fc0                HAL_MspInit
 .text.HAL_UART_MspInit
                0x08003010      0x168 ./Core/Src/stm32f4xx_hal_msp.o
                0x08003010                HAL_UART_MspInit
 .text.HAL_InitTick
                0x08003178       0xe4 ./Core/Src/stm32f4xx_hal_timebase_tim.o
                0x08003178                HAL_InitTick
 .text.NMI_Handler
                0x0800325c        0x8 ./Core/Src/stm32f4xx_it.o
                0x0800325c                NMI_Handler
 .text.HardFault_Handler
                0x08003264        0x8 ./Core/Src/stm32f4xx_it.o
                0x08003264                HardFault_Handler
 .text.MemManage_Handler
                0x0800326c        0x8 ./Core/Src/stm32f4xx_it.o
                0x0800326c                MemManage_Handler
 .text.BusFault_Handler
                0x08003274        0x8 ./Core/Src/stm32f4xx_it.o
                0x08003274                BusFault_Handler
 .text.UsageFault_Handler
                0x0800327c        0x8 ./Core/Src/stm32f4xx_it.o
                0x0800327c                UsageFault_Handler
 .text.DebugMon_Handler
                0x08003284        0xe ./Core/Src/stm32f4xx_it.o
                0x08003284                DebugMon_Handler
 *fill*         0x08003292        0x2 
 .text.DMA1_Stream5_IRQHandler
                0x08003294       0x14 ./Core/Src/stm32f4xx_it.o
                0x08003294                DMA1_Stream5_IRQHandler
 .text.DMA1_Stream6_IRQHandler
                0x080032a8       0x14 ./Core/Src/stm32f4xx_it.o
                0x080032a8                DMA1_Stream6_IRQHandler
 .text.TIM1_UP_TIM10_IRQHandler
                0x080032bc       0x14 ./Core/Src/stm32f4xx_it.o
                0x080032bc                TIM1_UP_TIM10_IRQHandler
 .text.USART2_IRQHandler
                0x080032d0       0x14 ./Core/Src/stm32f4xx_it.o
                0x080032d0                USART2_IRQHandler
 .text._read    0x080032e4       0x3a ./Core/Src/syscalls.o
                0x080032e4                _read
 .text._write   0x0800331e       0x38 ./Core/Src/syscalls.o
                0x0800331e                _write
 .text._close   0x08003356       0x18 ./Core/Src/syscalls.o
                0x08003356                _close
 .text._fstat   0x0800336e       0x20 ./Core/Src/syscalls.o
                0x0800336e                _fstat
 .text._isatty  0x0800338e       0x16 ./Core/Src/syscalls.o
                0x0800338e                _isatty
 .text._lseek   0x080033a4       0x1a ./Core/Src/syscalls.o
                0x080033a4                _lseek
 *fill*         0x080033be        0x2 
 .text._sbrk    0x080033c0       0x6c ./Core/Src/sysmem.o
                0x080033c0                _sbrk
 .text.SystemInit
                0x0800342c       0x24 ./Core/Src/system_stm32f4xx.o
                0x0800342c                SystemInit
 .text.Reset_Handler
                0x08003450       0x50 ./Core/Startup/startup_stm32f411ceux.o
                0x08003450                Reset_Handler
 .text.Default_Handler
                0x080034a0        0x2 ./Core/Startup/startup_stm32f411ceux.o
                0x080034a0                RTC_Alarm_IRQHandler
                0x080034a0                EXTI2_IRQHandler
                0x080034a0                SPI4_IRQHandler
                0x080034a0                TIM1_CC_IRQHandler
                0x080034a0                DMA2_Stream5_IRQHandler
                0x080034a0                PVD_IRQHandler
                0x080034a0                SDIO_IRQHandler
                0x080034a0                TAMP_STAMP_IRQHandler
                0x080034a0                EXTI3_IRQHandler
                0x080034a0                I2C3_ER_IRQHandler
                0x080034a0                EXTI0_IRQHandler
                0x080034a0                I2C2_EV_IRQHandler
                0x080034a0                DMA1_Stream2_IRQHandler
                0x080034a0                FPU_IRQHandler
                0x080034a0                DMA2_Stream2_IRQHandler
                0x080034a0                SPI1_IRQHandler
                0x080034a0                TIM1_BRK_TIM9_IRQHandler
                0x080034a0                DMA2_Stream3_IRQHandler
                0x080034a0                USART6_IRQHandler
                0x080034a0                DMA2_Stream0_IRQHandler
                0x080034a0                TIM4_IRQHandler
                0x080034a0                I2C1_EV_IRQHandler
                0x080034a0                DMA1_Stream1_IRQHandler
                0x080034a0                TIM3_IRQHandler
                0x080034a0                RCC_IRQHandler
                0x080034a0                Default_Handler
                0x080034a0                EXTI15_10_IRQHandler
                0x080034a0                ADC_IRQHandler
                0x080034a0                DMA1_Stream7_IRQHandler
                0x080034a0                SPI5_IRQHandler
                0x080034a0                TIM5_IRQHandler
                0x080034a0                DMA2_Stream7_IRQHandler
                0x080034a0                I2C3_EV_IRQHandler
                0x080034a0                EXTI9_5_IRQHandler
                0x080034a0                RTC_WKUP_IRQHandler
                0x080034a0                SPI2_IRQHandler
                0x080034a0                DMA1_Stream0_IRQHandler
                0x080034a0                EXTI4_IRQHandler
                0x080034a0                WWDG_IRQHandler
                0x080034a0                TIM2_IRQHandler
                0x080034a0                OTG_FS_WKUP_IRQHandler
                0x080034a0                TIM1_TRG_COM_TIM11_IRQHandler
                0x080034a0                EXTI1_IRQHandler
                0x080034a0                I2C2_ER_IRQHandler
                0x080034a0                DMA2_Stream1_IRQHandler
                0x080034a0                FLASH_IRQHandler
                0x080034a0                DMA2_Stream4_IRQHandler
                0x080034a0                USART1_IRQHandler
                0x080034a0                OTG_FS_IRQHandler
                0x080034a0                SPI3_IRQHandler
                0x080034a0                DMA1_Stream4_IRQHandler
                0x080034a0                I2C1_ER_IRQHandler
                0x080034a0                DMA2_Stream6_IRQHandler
                0x080034a0                DMA1_Stream3_IRQHandler
 *fill*         0x080034a2        0x2 
 .text.HAL_Init
                0x080034a4       0x44 ./Drivers/STM32F4xx_HAL_Driver/Src/stm32f4xx_hal.o
                0x080034a4                HAL_Init
 .text.HAL_IncTick
                0x080034e8       0x28 ./Drivers/STM32F4xx_HAL_Driver/Src/stm32f4xx_hal.o
                0x080034e8                HAL_IncTick
 .text.HAL_GetTick
                0x08003510       0x18 ./Drivers/STM32F4xx_HAL_Driver/Src/stm32f4xx_hal.o
                0x08003510                HAL_GetTick
 .text.__NVIC_SetPriorityGrouping
                0x08003528       0x48 ./Drivers/STM32F4xx_HAL_Driver/Src/stm32f4xx_hal_cortex.o
 .text.__NVIC_GetPriorityGrouping
                0x08003570       0x1c ./Drivers/STM32F4xx_HAL_Driver/Src/stm32f4xx_hal_cortex.o
 .text.__NVIC_EnableIRQ
                0x0800358c       0x3c ./Drivers/STM32F4xx_HAL_Driver/Src/stm32f4xx_hal_cortex.o
 .text.__NVIC_SetPriority
                0x080035c8       0x54 ./Drivers/STM32F4xx_HAL_Driver/Src/stm32f4xx_hal_cortex.o
 .text.NVIC_EncodePriority
                0x0800361c       0x66 ./Drivers/STM32F4xx_HAL_Driver/Src/stm32f4xx_hal_cortex.o
 .text.HAL_NVIC_SetPriorityGrouping
                0x08003682       0x16 ./Drivers/STM32F4xx_HAL_Driver/Src/stm32f4xx_hal_cortex.o
                0x08003682                HAL_NVIC_SetPriorityGrouping
 .text.HAL_NVIC_SetPriority
                0x08003698       0x38 ./Drivers/STM32F4xx_HAL_Driver/Src/stm32f4xx_hal_cortex.o
                0x08003698                HAL_NVIC_SetPriority
 .text.HAL_NVIC_EnableIRQ
                0x080036d0       0x1c ./Drivers/STM32F4xx_HAL_Driver/Src/stm32f4xx_hal_cortex.o
                0x080036d0                HAL_NVIC_EnableIRQ
 .text.HAL_DMA_Init
                0x080036ec      0x15c ./Drivers/STM32F4xx_HAL_Driver/Src/stm32f4xx_hal_dma.o
                0x080036ec                HAL_DMA_Init
 .text.HAL_DMA_Start_IT
                0x08003848       0xb0 ./Drivers/STM32F4xx_HAL_Driver/Src/stm32f4xx_hal_dma.o
                0x08003848                HAL_DMA_Start_IT
 .text.HAL_DMA_Abort
                0x080038f8       0xe0 ./Drivers/STM32F4xx_HAL_Driver/Src/stm32f4xx_hal_dma.o
                0x080038f8                HAL_DMA_Abort
 .text.HAL_DMA_Abort_IT
                0x080039d8       0x44 ./Drivers/STM32F4xx_HAL_Driver/Src/stm32f4xx_hal_dma.o
                0x080039d8                HAL_DMA_Abort_IT
 .text.HAL_DMA_IRQHandler
                0x08003a1c      0x314 ./Drivers/STM32F4xx_HAL_Driver/Src/stm32f4xx_hal_dma.o
                0x08003a1c                HAL_DMA_IRQHandler
 .text.DMA_SetConfig
                0x08003d30       0x5c ./Drivers/STM32F4xx_HAL_Driver/Src/stm32f4xx_hal_dma.o
 .text.DMA_CalcBaseAndBitshift
                0x08003d8c       0x6c ./Drivers/STM32F4xx_HAL_Driver/Src/stm32f4xx_hal_dma.o
 .text.DMA_CheckFifoParam
                0x08003df8       0xf8 ./Drivers/STM32F4xx_HAL_Driver/Src/stm32f4xx_hal_dma.o
 .text.HAL_GPIO_Init
                0x08003ef0      0x308 ./Drivers/STM32F4xx_HAL_Driver/Src/stm32f4xx_hal_gpio.o
                0x08003ef0                HAL_GPIO_Init
 .text.HAL_GPIO_WritePin
                0x080041f8       0x32 ./Drivers/STM32F4xx_HAL_Driver/Src/stm32f4xx_hal_gpio.o
                0x080041f8                HAL_GPIO_WritePin
 .text.HAL_GPIO_TogglePin
                0x0800422a       0x34 ./Drivers/STM32F4xx_HAL_Driver/Src/stm32f4xx_hal_gpio.o
                0x0800422a                HAL_GPIO_TogglePin
 *fill*         0x0800425e        0x2 
 .text.HAL_RCC_OscConfig
                0x08004260      0x4f0 ./Drivers/STM32F4xx_HAL_Driver/Src/stm32f4xx_hal_rcc.o
                0x08004260                HAL_RCC_OscConfig
 .text.HAL_RCC_ClockConfig
                0x08004750      0x1cc ./Drivers/STM32F4xx_HAL_Driver/Src/stm32f4xx_hal_rcc.o
                0x08004750                HAL_RCC_ClockConfig
 .text.HAL_RCC_GetSysClockFreq
                0x0800491c      0x18c ./Drivers/STM32F4xx_HAL_Driver/Src/stm32f4xx_hal_rcc.o
                0x0800491c                HAL_RCC_GetSysClockFreq
 .text.HAL_RCC_GetHCLKFreq
                0x08004aa8       0x18 ./Drivers/STM32F4xx_HAL_Driver/Src/stm32f4xx_hal_rcc.o
                0x08004aa8                HAL_RCC_GetHCLKFreq
 .text.HAL_RCC_GetPCLK1Freq
                0x08004ac0       0x28 ./Drivers/STM32F4xx_HAL_Driver/Src/stm32f4xx_hal_rcc.o
                0x08004ac0                HAL_RCC_GetPCLK1Freq
 .text.HAL_RCC_GetPCLK2Freq
                0x08004ae8       0x28 ./Drivers/STM32F4xx_HAL_Driver/Src/stm32f4xx_hal_rcc.o
                0x08004ae8                HAL_RCC_GetPCLK2Freq
 .text.HAL_RCC_GetClockConfig
                0x08004b10       0x64 ./Drivers/STM32F4xx_HAL_Driver/Src/stm32f4xx_hal_rcc.o
                0x08004b10                HAL_RCC_GetClockConfig
 .text.HAL_TIM_Base_Init
                0x08004b74       0x9e ./Drivers/STM32F4xx_HAL_Driver/Src/stm32f4xx_hal_tim.o
                0x08004b74                HAL_TIM_Base_Init
 .text.HAL_TIM_Base_MspInit
                0x08004c12       0x14 ./Drivers/STM32F4xx_HAL_Driver/Src/stm32f4xx_hal_tim.o
                0x08004c12                HAL_TIM_Base_MspInit
 *fill*         0x08004c26        0x2 
 .text.HAL_TIM_Base_Start_IT
                0x08004c28       0xc4 ./Drivers/STM32F4xx_HAL_Driver/Src/stm32f4xx_hal_tim.o
                0x08004c28                HAL_TIM_Base_Start_IT
 .text.HAL_TIM_IRQHandler
                0x08004cec      0x1e0 ./Drivers/STM32F4xx_HAL_Driver/Src/stm32f4xx_hal_tim.o
                0x08004cec                HAL_TIM_IRQHandler
 .text.HAL_TIM_OC_DelayElapsedCallback
                0x08004ecc       0x14 ./Drivers/STM32F4xx_HAL_Driver/Src/stm32f4xx_hal_tim.o
                0x08004ecc                HAL_TIM_OC_DelayElapsedCallback
 .text.HAL_TIM_IC_CaptureCallback
                0x08004ee0       0x14 ./Drivers/STM32F4xx_HAL_Driver/Src/stm32f4xx_hal_tim.o
                0x08004ee0                HAL_TIM_IC_CaptureCallback
 .text.HAL_TIM_PWM_PulseFinishedCallback
                0x08004ef4       0x14 ./Drivers/STM32F4xx_HAL_Driver/Src/stm32f4xx_hal_tim.o
                0x08004ef4                HAL_TIM_PWM_PulseFinishedCallback
 .text.HAL_TIM_TriggerCallback
                0x08004f08       0x14 ./Drivers/STM32F4xx_HAL_Driver/Src/stm32f4xx_hal_tim.o
                0x08004f08                HAL_TIM_TriggerCallback
 .text.TIM_Base_SetConfig
                0x08004f1c      0x118 ./Drivers/STM32F4xx_HAL_Driver/Src/stm32f4xx_hal_tim.o
                0x08004f1c                TIM_Base_SetConfig
 .text.HAL_TIMEx_CommutCallback
                0x08005034       0x14 ./Drivers/STM32F4xx_HAL_Driver/Src/stm32f4xx_hal_tim_ex.o
                0x08005034                HAL_TIMEx_CommutCallback
 .text.HAL_TIMEx_BreakCallback
                0x08005048       0x14 ./Drivers/STM32F4xx_HAL_Driver/Src/stm32f4xx_hal_tim_ex.o
                0x08005048                HAL_TIMEx_BreakCallback
 .text.HAL_UART_Init
                0x0800505c       0xa0 ./Drivers/STM32F4xx_HAL_Driver/Src/stm32f4xx_hal_uart.o
                0x0800505c                HAL_UART_Init
 .text.HAL_UART_Transmit_DMA
                0x080050fc       0xe0 ./Drivers/STM32F4xx_HAL_Driver/Src/stm32f4xx_hal_uart.o
                0x080050fc                HAL_UART_Transmit_DMA
 .text.HAL_UARTEx_ReceiveToIdle_DMA
                0x080051dc       0xba ./Drivers/STM32F4xx_HAL_Driver/Src/stm32f4xx_hal_uart.o
                0x080051dc                HAL_UARTEx_ReceiveToIdle_DMA
 *fill*         0x08005296        0x2 
 .text.HAL_UART_IRQHandler
                0x08005298      0x524 ./Drivers/STM32F4xx_HAL_Driver/Src/stm32f4xx_hal_uart.o
                0x08005298                HAL_UART_IRQHandler
 .text.HAL_UART_TxHalfCpltCallback
                0x080057bc       0x14 ./Drivers/STM32F4xx_HAL_Driver/Src/stm32f4xx_hal_uart.o
                0x080057bc                HAL_UART_TxHalfCpltCallback
 .text.HAL_UART_RxCpltCallback
                0x080057d0       0x14 ./Drivers/STM32F4xx_HAL_Driver/Src/stm32f4xx_hal_uart.o
                0x080057d0                HAL_UART_RxCpltCallback
 .text.HAL_UART_RxHalfCpltCallback
                0x080057e4       0x14 ./Drivers/STM32F4xx_HAL_Driver/Src/stm32f4xx_hal_uart.o
                0x080057e4                HAL_UART_RxHalfCpltCallback
 .text.HAL_UART_ErrorCallback
                0x080057f8       0x14 ./Drivers/STM32F4xx_HAL_Driver/Src/stm32f4xx_hal_uart.o
                0x080057f8                HAL_UART_ErrorCallback
 .text.UART_DMATransmitCplt
                0x0800580c       0x9a ./Drivers/STM32F4xx_HAL_Driver/Src/stm32f4xx_hal_uart.o
 .text.UART_DMATxHalfCplt
                0x080058a6       0x1c ./Drivers/STM32F4xx_HAL_Driver/Src/stm32f4xx_hal_uart.o
 .text.UART_DMAReceiveCplt
                0x080058c2      0x12c ./Drivers/STM32F4xx_HAL_Driver/Src/stm32f4xx_hal_uart.o
 .text.UART_DMARxHalfCplt
                0x080059ee       0x3c ./Drivers/STM32F4xx_HAL_Driver/Src/stm32f4xx_hal_uart.o
 .text.UART_DMAError
                0x08005a2a       0x94 ./Drivers/STM32F4xx_HAL_Driver/Src/stm32f4xx_hal_uart.o
 *fill*         0x08005abe        0x2 
 .text.UART_Start_Receive_DMA
                0x08005ac0      0x134 ./Drivers/STM32F4xx_HAL_Driver/Src/stm32f4xx_hal_uart.o
                0x08005ac0                UART_Start_Receive_DMA
 .text.UART_EndTxTransfer
                0x08005bf4       0x50 ./Drivers/STM32F4xx_HAL_Driver/Src/stm32f4xx_hal_uart.o
 .text.UART_EndRxTransfer
                0x08005c44       0xc6 ./Drivers/STM32F4xx_HAL_Driver/Src/stm32f4xx_hal_uart.o
 .text.UART_DMAAbortOnError
                0x08005d0a       0x28 ./Drivers/STM32F4xx_HAL_Driver/Src/stm32f4xx_hal_uart.o
 .text.UART_Transmit_IT
                0x08005d32       0xa0 ./Drivers/STM32F4xx_HAL_Driver/Src/stm32f4xx_hal_uart.o
 .text.UART_EndTransmit_IT
                0x08005dd2       0x30 ./Drivers/STM32F4xx_HAL_Driver/Src/stm32f4xx_hal_uart.o
 .text.UART_Receive_IT
                0x08005e02      0x17c ./Drivers/STM32F4xx_HAL_Driver/Src/stm32f4xx_hal_uart.o
 *fill*         0x08005f7e        0x2 
 .text.UART_SetConfig
                0x08005f80      0x4e8 ./Drivers/STM32F4xx_HAL_Driver/Src/stm32f4xx_hal_uart.o
 .text.std      0x08006468       0x6c /opt/st/stm32cubeide_1.18.0/plugins/com.st.stm32cube.ide.mcu.externaltools.gnu-tools-for-stm32.13.3.rel1.linux64_1.0.0.202410170706/tools/bin/../lib/gcc/arm-none-eabi/13.3.1/../../../../arm-none-eabi/lib/thumb/v7e-m+fp/hard/libc_nano.a(libc_a-findfp.o)
 .text.stdio_exit_handler
                0x080064d4       0x18 /opt/st/stm32cubeide_1.18.0/plugins/com.st.stm32cube.ide.mcu.externaltools.gnu-tools-for-stm32.13.3.rel1.linux64_1.0.0.202410170706/tools/bin/../lib/gcc/arm-none-eabi/13.3.1/../../../../arm-none-eabi/lib/thumb/v7e-m+fp/hard/libc_nano.a(libc_a-findfp.o)
 .text.cleanup_stdio
                0x080064ec       0x40 /opt/st/stm32cubeide_1.18.0/plugins/com.st.stm32cube.ide.mcu.externaltools.gnu-tools-for-stm32.13.3.rel1.linux64_1.0.0.202410170706/tools/bin/../lib/gcc/arm-none-eabi/13.3.1/../../../../arm-none-eabi/lib/thumb/v7e-m+fp/hard/libc_nano.a(libc_a-findfp.o)
 .text.global_stdio_init.part.0
                0x0800652c       0x3c /opt/st/stm32cubeide_1.18.0/plugins/com.st.stm32cube.ide.mcu.externaltools.gnu-tools-for-stm32.13.3.rel1.linux64_1.0.0.202410170706/tools/bin/../lib/gcc/arm-none-eabi/13.3.1/../../../../arm-none-eabi/lib/thumb/v7e-m+fp/hard/libc_nano.a(libc_a-findfp.o)
 .text.__sfp_lock_acquire
                0x08006568        0xc /opt/st/stm32cubeide_1.18.0/plugins/com.st.stm32cube.ide.mcu.externaltools.gnu-tools-for-stm32.13.3.rel1.linux64_1.0.0.202410170706/tools/bin/../lib/gcc/arm-none-eabi/13.3.1/../../../../arm-none-eabi/lib/thumb/v7e-m+fp/hard/libc_nano.a(libc_a-findfp.o)
                0x08006568                __sfp_lock_acquire
 .text.__sfp_lock_release
                0x08006574        0xc /opt/st/stm32cubeide_1.18.0/plugins/com.st.stm32cube.ide.mcu.externaltools.gnu-tools-for-stm32.13.3.rel1.linux64_1.0.0.202410170706/tools/bin/../lib/gcc/arm-none-eabi/13.3.1/../../../../arm-none-eabi/lib/thumb/v7e-m+fp/hard/libc_nano.a(libc_a-findfp.o)
                0x08006574                __sfp_lock_release
 .text.__sinit  0x08006580       0x30 /opt/st/stm32cubeide_1.18.0/plugins/com.st.stm32cube.ide.mcu.externaltools.gnu-tools-for-stm32.13.3.rel1.linux64_1.0.0.202410170706/tools/bin/../lib/gcc/arm-none-eabi/13.3.1/../../../../arm-none-eabi/lib/thumb/v7e-m+fp/hard/libc_nano.a(libc_a-findfp.o)
                0x08006580                __sinit
 .text._fwalk_sglue
                0x080065b0       0x3c /opt/st/stm32cubeide_1.18.0/plugins/com.st.stm32cube.ide.mcu.externaltools.gnu-tools-for-stm32.13.3.rel1.linux64_1.0.0.202410170706/tools/bin/../lib/gcc/arm-none-eabi/13.3.1/../../../../arm-none-eabi/lib/thumb/v7e-m+fp/hard/libc_nano.a(libc_a-fwalk.o)
                0x080065b0                _fwalk_sglue
 .text.printf   0x080065ec       0x24 /opt/st/stm32cubeide_1.18.0/plugins/com.st.stm32cube.ide.mcu.externaltools.gnu-tools-for-stm32.13.3.rel1.linux64_1.0.0.202410170706/tools/bin/../lib/gcc/arm-none-eabi/13.3.1/../../../../arm-none-eabi/lib/thumb/v7e-m+fp/hard/libc_nano.a(libc_a-printf.o)
                0x080065ec                printf
                0x080065ec                iprintf
 .text._puts_r  0x08006610       0xaa /opt/st/stm32cubeide_1.18.0/plugins/com.st.stm32cube.ide.mcu.externaltools.gnu-tools-for-stm32.13.3.rel1.linux64_1.0.0.202410170706/tools/bin/../lib/gcc/arm-none-eabi/13.3.1/../../../../arm-none-eabi/lib/thumb/v7e-m+fp/hard/libc_nano.a(libc_a-puts.o)
                0x08006610                _puts_r
 *fill*         0x080066ba        0x2 
 .text.puts     0x080066bc       0x10 /opt/st/stm32cubeide_1.18.0/plugins/com.st.stm32cube.ide.mcu.externaltools.gnu-tools-for-stm32.13.3.rel1.linux64_1.0.0.202410170706/tools/bin/../lib/gcc/arm-none-eabi/13.3.1/../../../../arm-none-eabi/lib/thumb/v7e-m+fp/hard/libc_nano.a(libc_a-puts.o)
                0x080066bc                puts
 .text.__sread  0x080066cc       0x22 /opt/st/stm32cubeide_1.18.0/plugins/com.st.stm32cube.ide.mcu.externaltools.gnu-tools-for-stm32.13.3.rel1.linux64_1.0.0.202410170706/tools/bin/../lib/gcc/arm-none-eabi/13.3.1/../../../../arm-none-eabi/lib/thumb/v7e-m+fp/hard/libc_nano.a(libc_a-stdio.o)
                0x080066cc                __sread
 .text.__swrite
                0x080066ee       0x38 /opt/st/stm32cubeide_1.18.0/plugins/com.st.stm32cube.ide.mcu.externaltools.gnu-tools-for-stm32.13.3.rel1.linux64_1.0.0.202410170706/tools/bin/../lib/gcc/arm-none-eabi/13.3.1/../../../../arm-none-eabi/lib/thumb/v7e-m+fp/hard/libc_nano.a(libc_a-stdio.o)
                0x080066ee                __swrite
 .text.__sseek  0x08006726       0x24 /opt/st/stm32cubeide_1.18.0/plugins/com.st.stm32cube.ide.mcu.externaltools.gnu-tools-for-stm32.13.3.rel1.linux64_1.0.0.202410170706/tools/bin/../lib/gcc/arm-none-eabi/13.3.1/../../../../arm-none-eabi/lib/thumb/v7e-m+fp/hard/libc_nano.a(libc_a-stdio.o)
                0x08006726                __sseek
 .text.__sclose
                0x0800674a        0x8 /opt/st/stm32cubeide_1.18.0/plugins/com.st.stm32cube.ide.mcu.externaltools.gnu-tools-for-stm32.13.3.rel1.linux64_1.0.0.202410170706/tools/bin/../lib/gcc/arm-none-eabi/13.3.1/../../../../arm-none-eabi/lib/thumb/v7e-m+fp/hard/libc_nano.a(libc_a-stdio.o)
                0x0800674a                __sclose
 .text.__swbuf_r
                0x08006752       0x7c /opt/st/stm32cubeide_1.18.0/plugins/com.st.stm32cube.ide.mcu.externaltools.gnu-tools-for-stm32.13.3.rel1.linux64_1.0.0.202410170706/tools/bin/../lib/gcc/arm-none-eabi/13.3.1/../../../../arm-none-eabi/lib/thumb/v7e-m+fp/hard/libc_nano.a(libc_a-wbuf.o)
                0x08006752                __swbuf_r
 *fill*         0x080067ce        0x2 
 .text.__swsetup_r
                0x080067d0       0xac /opt/st/stm32cubeide_1.18.0/plugins/com.st.stm32cube.ide.mcu.externaltools.gnu-tools-for-stm32.13.3.rel1.linux64_1.0.0.202410170706/tools/bin/../lib/gcc/arm-none-eabi/13.3.1/../../../../arm-none-eabi/lib/thumb/v7e-m+fp/hard/libc_nano.a(libc_a-wsetup.o)
                0x080067d0                __swsetup_r
 .text.memcmp   0x0800687c       0x20 /opt/st/stm32cubeide_1.18.0/plugins/com.st.stm32cube.ide.mcu.externaltools.gnu-tools-for-stm32.13.3.rel1.linux64_1.0.0.202410170706/tools/bin/../lib/gcc/arm-none-eabi/13.3.1/../../../../arm-none-eabi/lib/thumb/v7e-m+fp/hard/libc_nano.a(libc_a-memcmp.o)
                0x0800687c                memcmp
 .text.memset   0x0800689c       0x10 /opt/st/stm32cubeide_1.18.0/plugins/com.st.stm32cube.ide.mcu.externaltools.gnu-tools-for-stm32.13.3.rel1.linux64_1.0.0.202410170706/tools/bin/../lib/gcc/arm-none-eabi/13.3.1/../../../../arm-none-eabi/lib/thumb/v7e-m+fp/hard/libc_nano.a(libc_a-memset.o)
                0x0800689c                memset
 .text._close_r
                0x080068ac       0x20 /opt/st/stm32cubeide_1.18.0/plugins/com.st.stm32cube.ide.mcu.externaltools.gnu-tools-for-stm32.13.3.rel1.linux64_1.0.0.202410170706/tools/bin/../lib/gcc/arm-none-eabi/13.3.1/../../../../arm-none-eabi/lib/thumb/v7e-m+fp/hard/libc_nano.a(libc_a-closer.o)
                0x080068ac                _close_r
 .text._lseek_r
                0x080068cc       0x24 /opt/st/stm32cubeide_1.18.0/plugins/com.st.stm32cube.ide.mcu.externaltools.gnu-tools-for-stm32.13.3.rel1.linux64_1.0.0.202410170706/tools/bin/../lib/gcc/arm-none-eabi/13.3.1/../../../../arm-none-eabi/lib/thumb/v7e-m+fp/hard/libc_nano.a(libc_a-lseekr.o)
                0x080068cc                _lseek_r
 .text._read_r  0x080068f0       0x24 /opt/st/stm32cubeide_1.18.0/plugins/com.st.stm32cube.ide.mcu.externaltools.gnu-tools-for-stm32.13.3.rel1.linux64_1.0.0.202410170706/tools/bin/../lib/gcc/arm-none-eabi/13.3.1/../../../../arm-none-eabi/lib/thumb/v7e-m+fp/hard/libc_nano.a(libc_a-readr.o)
                0x080068f0                _read_r
 .text._write_r
                0x08006914       0x24 /opt/st/stm32cubeide_1.18.0/plugins/com.st.stm32cube.ide.mcu.externaltools.gnu-tools-for-stm32.13.3.rel1.linux64_1.0.0.202410170706/tools/bin/../lib/gcc/arm-none-eabi/13.3.1/../../../../arm-none-eabi/lib/thumb/v7e-m+fp/hard/libc_nano.a(libc_a-writer.o)
                0x08006914                _write_r
 .text.__errno  0x08006938        0xc /opt/st/stm32cubeide_1.18.0/plugins/com.st.stm32cube.ide.mcu.externaltools.gnu-tools-for-stm32.13.3.rel1.linux64_1.0.0.202410170706/tools/bin/../lib/gcc/arm-none-eabi/13.3.1/../../../../arm-none-eabi/lib/thumb/v7e-m+fp/hard/libc_nano.a(libc_a-errno.o)
                0x08006938                __errno
 .text.__libc_init_array
                0x08006944       0x48 /opt/st/stm32cubeide_1.18.0/plugins/com.st.stm32cube.ide.mcu.externaltools.gnu-tools-for-stm32.13.3.rel1.linux64_1.0.0.202410170706/tools/bin/../lib/gcc/arm-none-eabi/13.3.1/../../../../arm-none-eabi/lib/thumb/v7e-m+fp/hard/libc_nano.a(libc_a-init.o)
                0x08006944                __libc_init_array
 .text.__retarget_lock_init_recursive
                0x0800698c        0x2 /opt/st/stm32cubeide_1.18.0/plugins/com.st.stm32cube.ide.mcu.externaltools.gnu-tools-for-stm32.13.3.rel1.linux64_1.0.0.202410170706/tools/bin/../lib/gcc/arm-none-eabi/13.3.1/../../../../arm-none-eabi/lib/thumb/v7e-m+fp/hard/libc_nano.a(libc_a-lock.o)
                0x0800698c                __retarget_lock_init_recursive
 .text.__retarget_lock_acquire_recursive
                0x0800698e        0x2 /opt/st/stm32cubeide_1.18.0/plugins/com.st.stm32cube.ide.mcu.externaltools.gnu-tools-for-stm32.13.3.rel1.linux64_1.0.0.202410170706/tools/bin/../lib/gcc/arm-none-eabi/13.3.1/../../../../arm-none-eabi/lib/thumb/v7e-m+fp/hard/libc_nano.a(libc_a-lock.o)
                0x0800698e                __retarget_lock_acquire_recursive
 .text.__retarget_lock_release_recursive
                0x08006990        0x2 /opt/st/stm32cubeide_1.18.0/plugins/com.st.stm32cube.ide.mcu.externaltools.gnu-tools-for-stm32.13.3.rel1.linux64_1.0.0.202410170706/tools/bin/../lib/gcc/arm-none-eabi/13.3.1/../../../../arm-none-eabi/lib/thumb/v7e-m+fp/hard/libc_nano.a(libc_a-lock.o)
                0x08006990                __retarget_lock_release_recursive
 .text.memcpy   0x08006992       0x1c /opt/st/stm32cubeide_1.18.0/plugins/com.st.stm32cube.ide.mcu.externaltools.gnu-tools-for-stm32.13.3.rel1.linux64_1.0.0.202410170706/tools/bin/../lib/gcc/arm-none-eabi/13.3.1/../../../../arm-none-eabi/lib/thumb/v7e-m+fp/hard/libc_nano.a(libc_a-memcpy-stub.o)
                0x08006992                memcpy
 *fill*         0x080069ae        0x2 
 .text._free_r  0x080069b0       0x94 /opt/st/stm32cubeide_1.18.0/plugins/com.st.stm32cube.ide.mcu.externaltools.gnu-tools-for-stm32.13.3.rel1.linux64_1.0.0.202410170706/tools/bin/../lib/gcc/arm-none-eabi/13.3.1/../../../../arm-none-eabi/lib/thumb/v7e-m+fp/hard/libc_nano.a(libc_a-freer.o)
                0x080069b0                _free_r
 .text.sbrk_aligned
                0x08006a44       0x44 /opt/st/stm32cubeide_1.18.0/plugins/com.st.stm32cube.ide.mcu.externaltools.gnu-tools-for-stm32.13.3.rel1.linux64_1.0.0.202410170706/tools/bin/../lib/gcc/arm-none-eabi/13.3.1/../../../../arm-none-eabi/lib/thumb/v7e-m+fp/hard/libc_nano.a(libc_a-mallocr.o)
 .text._malloc_r
                0x08006a88      0x100 /opt/st/stm32cubeide_1.18.0/plugins/com.st.stm32cube.ide.mcu.externaltools.gnu-tools-for-stm32.13.3.rel1.linux64_1.0.0.202410170706/tools/bin/../lib/gcc/arm-none-eabi/13.3.1/../../../../arm-none-eabi/lib/thumb/v7e-m+fp/hard/libc_nano.a(libc_a-mallocr.o)
                0x08006a88                _malloc_r
 .text.__malloc_lock
                0x08006b88        0xc /opt/st/stm32cubeide_1.18.0/plugins/com.st.stm32cube.ide.mcu.externaltools.gnu-tools-for-stm32.13.3.rel1.linux64_1.0.0.202410170706/tools/bin/../lib/gcc/arm-none-eabi/13.3.1/../../../../arm-none-eabi/lib/thumb/v7e-m+fp/hard/libc_nano.a(libc_a-mlock.o)
                0x08006b88                __malloc_lock
 .text.__malloc_unlock
                0x08006b94        0xc /opt/st/stm32cubeide_1.18.0/plugins/com.st.stm32cube.ide.mcu.externaltools.gnu-tools-for-stm32.13.3.rel1.linux64_1.0.0.202410170706/tools/bin/../lib/gcc/arm-none-eabi/13.3.1/../../../../arm-none-eabi/lib/thumb/v7e-m+fp/hard/libc_nano.a(libc_a-mlock.o)
                0x08006b94                __malloc_unlock
 .text.__sfputc_r
                0x08006ba0       0x2e /opt/st/stm32cubeide_1.18.0/plugins/com.st.stm32cube.ide.mcu.externaltools.gnu-tools-for-stm32.13.3.rel1.linux64_1.0.0.202410170706/tools/bin/../lib/gcc/arm-none-eabi/13.3.1/../../../../arm-none-eabi/lib/thumb/v7e-m+fp/hard/libc_nano.a(libc_a-nano-vfprintf.o)
 .text.__sfputs_r
                0x08006bce       0x24 /opt/st/stm32cubeide_1.18.0/plugins/com.st.stm32cube.ide.mcu.externaltools.gnu-tools-for-stm32.13.3.rel1.linux64_1.0.0.202410170706/tools/bin/../lib/gcc/arm-none-eabi/13.3.1/../../../../arm-none-eabi/lib/thumb/v7e-m+fp/hard/libc_nano.a(libc_a-nano-vfprintf.o)
                0x08006bce                __sfputs_r
 *fill*         0x08006bf2        0x2 
 .text._vfprintf_r
                0x08006bf4      0x230 /opt/st/stm32cubeide_1.18.0/plugins/com.st.stm32cube.ide.mcu.externaltools.gnu-tools-for-stm32.13.3.rel1.linux64_1.0.0.202410170706/tools/bin/../lib/gcc/arm-none-eabi/13.3.1/../../../../arm-none-eabi/lib/thumb/v7e-m+fp/hard/libc_nano.a(libc_a-nano-vfprintf.o)
                0x08006bf4                _vfiprintf_r
                0x08006bf4                _vfprintf_r
 .text._printf_common
                0x08006e24       0xda /opt/st/stm32cubeide_1.18.0/plugins/com.st.stm32cube.ide.mcu.externaltools.gnu-tools-for-stm32.13.3.rel1.linux64_1.0.0.202410170706/tools/bin/../lib/gcc/arm-none-eabi/13.3.1/../../../../arm-none-eabi/lib/thumb/v7e-m+fp/hard/libc_nano.a(libc_a-nano-vfprintf_i.o)
                0x08006e24                _printf_common
 *fill*         0x08006efe        0x2 
 .text._printf_i
                0x08006f00      0x23c /opt/st/stm32cubeide_1.18.0/plugins/com.st.stm32cube.ide.mcu.externaltools.gnu-tools-for-stm32.13.3.rel1.linux64_1.0.0.202410170706/tools/bin/../lib/gcc/arm-none-eabi/13.3.1/../../../../arm-none-eabi/lib/thumb/v7e-m+fp/hard/libc_nano.a(libc_a-nano-vfprintf_i.o)
                0x08006f00                _printf_i
 .text.__sflush_r
                0x0800713c      0x108 /opt/st/stm32cubeide_1.18.0/plugins/com.st.stm32cube.ide.mcu.externaltools.gnu-tools-for-stm32.13.3.rel1.linux64_1.0.0.202410170706/tools/bin/../lib/gcc/arm-none-eabi/13.3.1/../../../../arm-none-eabi/lib/thumb/v7e-m+fp/hard/libc_nano.a(libc_a-fflush.o)
                0x0800713c                __sflush_r
 .text._fflush_r
                0x08007244       0x50 /opt/st/stm32cubeide_1.18.0/plugins/com.st.stm32cube.ide.mcu.externaltools.gnu-tools-for-stm32.13.3.rel1.linux64_1.0.0.202410170706/tools/bin/../lib/gcc/arm-none-eabi/13.3.1/../../../../arm-none-eabi/lib/thumb/v7e-m+fp/hard/libc_nano.a(libc_a-fflush.o)
                0x08007244                _fflush_r
 .text.__swhatbuf_r
                0x08007294       0x4c /opt/st/stm32cubeide_1.18.0/plugins/com.st.stm32cube.ide.mcu.externaltools.gnu-tools-for-stm32.13.3.rel1.linux64_1.0.0.202410170706/tools/bin/../lib/gcc/arm-none-eabi/13.3.1/../../../../arm-none-eabi/lib/thumb/v7e-m+fp/hard/libc_nano.a(libc_a-makebuf.o)
                0x08007294                __swhatbuf_r
 .text.__smakebuf_r
                0x080072e0       0x78 /opt/st/stm32cubeide_1.18.0/plugins/com.st.stm32cube.ide.mcu.externaltools.gnu-tools-for-stm32.13.3.rel1.linux64_1.0.0.202410170706/tools/bin/../lib/gcc/arm-none-eabi/13.3.1/../../../../arm-none-eabi/lib/thumb/v7e-m+fp/hard/libc_nano.a(libc_a-makebuf.o)
                0x080072e0                __smakebuf_r
 .text._fstat_r
                0x08007358       0x24 /opt/st/stm32cubeide_1.18.0/plugins/com.st.stm32cube.ide.mcu.externaltools.gnu-tools-for-stm32.13.3.rel1.linux64_1.0.0.202410170706/tools/bin/../lib/gcc/arm-none-eabi/13.3.1/../../../../arm-none-eabi/lib/thumb/v7e-m+fp/hard/libc_nano.a(libc_a-fstatr.o)
                0x08007358                _fstat_r
 .text._isatty_r
                0x0800737c       0x20 /opt/st/stm32cubeide_1.18.0/plugins/com.st.stm32cube.ide.mcu.externaltools.gnu-tools-for-stm32.13.3.rel1.linux64_1.0.0.202410170706/tools/bin/../lib/gcc/arm-none-eabi/13.3.1/../../../../arm-none-eabi/lib/thumb/v7e-m+fp/hard/libc_nano.a(libc_a-isattyr.o)
                0x0800737c                _isatty_r
 .text._sbrk_r  0x0800739c       0x20 /opt/st/stm32cubeide_1.18.0/plugins/com.st.stm32cube.ide.mcu.externaltools.gnu-tools-for-stm32.13.3.rel1.linux64_1.0.0.202410170706/tools/bin/../lib/gcc/arm-none-eabi/13.3.1/../../../../arm-none-eabi/lib/thumb/v7e-m+fp/hard/libc_nano.a(libc_a-sbrkr.o)
                0x0800739c                _sbrk_r
 *(.glue_7)
 .glue_7        0x080073bc        0x0 linker stubs
 *(.glue_7t)
 .glue_7t       0x080073bc        0x0 linker stubs
 *(.eh_frame)
 .eh_frame      0x080073bc        0x0 /opt/st/stm32cubeide_1.18.0/plugins/com.st.stm32cube.ide.mcu.externaltools.gnu-tools-for-stm32.13.3.rel1.linux64_1.0.0.202410170706/tools/bin/../lib/gcc/arm-none-eabi/13.3.1/thumb/v7e-m+fp/hard/crtbegin.o
 *(.init)
 .init          0x080073bc        0x4 /opt/st/stm32cubeide_1.18.0/plugins/com.st.stm32cube.ide.mcu.externaltools.gnu-tools-for-stm32.13.3.rel1.linux64_1.0.0.202410170706/tools/bin/../lib/gcc/arm-none-eabi/13.3.1/thumb/v7e-m+fp/hard/crti.o
                0x080073bc                _init
 .init          0x080073c0        0x8 /opt/st/stm32cubeide_1.18.0/plugins/com.st.stm32cube.ide.mcu.externaltools.gnu-tools-for-stm32.13.3.rel1.linux64_1.0.0.202410170706/tools/bin/../lib/gcc/arm-none-eabi/13.3.1/thumb/v7e-m+fp/hard/crtn.o
 *(.fini)
 .fini          0x080073c8        0x4 /opt/st/stm32cubeide_1.18.0/plugins/com.st.stm32cube.ide.mcu.externaltools.gnu-tools-for-stm32.13.3.rel1.linux64_1.0.0.202410170706/tools/bin/../lib/gcc/arm-none-eabi/13.3.1/thumb/v7e-m+fp/hard/crti.o
                0x080073c8                _fini
 .fini          0x080073cc        0x8 /opt/st/stm32cubeide_1.18.0/plugins/com.st.stm32cube.ide.mcu.externaltools.gnu-tools-for-stm32.13.3.rel1.linux64_1.0.0.202410170706/tools/bin/../lib/gcc/arm-none-eabi/13.3.1/thumb/v7e-m+fp/hard/crtn.o
                0x080073d4                        . = ALIGN (0x4)
                0x080073d4                        _etext = .

.vfp11_veneer   0x080073d4        0x0
 .vfp11_veneer  0x080073d4        0x0 linker stubs

.v4_bx          0x080073d4        0x0
 .v4_bx         0x080073d4        0x0 linker stubs

.iplt           0x080073d4        0x0
 .iplt          0x080073d4        0x0 /opt/st/stm32cubeide_1.18.0/plugins/com.st.stm32cube.ide.mcu.externaltools.gnu-tools-for-stm32.13.3.rel1.linux64_1.0.0.202410170706/tools/bin/../lib/gcc/arm-none-eabi/13.3.1/thumb/v7e-m+fp/hard/crtbegin.o

.rodata         0x080073d4      0x178
                0x080073d4                        . = ALIGN (0x4)
 *(.rodata)
 .rodata        0x080073d4        0x5 ./Core/FreeRTOS/Source/tasks.o
 *fill*         0x080073d9        0x3 
 .rodata        0x080073dc        0x8 ./Core/FreeRTOS/Source/timers.o
 .rodata        0x080073e4      0x110 ./Core/Src/main.o
 *(.rodata*)
 .rodata.uxTopUsedPriority
                0x080074f4        0x4 ./Core/FreeRTOS/Source/tasks.o
                0x080074f4                uxTopUsedPriority
 .rodata.AHBPrescTable
                0x080074f8       0x10 ./Core/Src/system_stm32f4xx.o
                0x080074f8                AHBPrescTable
 .rodata.APBPrescTable
                0x08007508        0x8 ./Core/Src/system_stm32f4xx.o
                0x08007508                APBPrescTable
 .rodata.flagBitshiftOffset.0
                0x08007510        0x8 ./Drivers/STM32F4xx_HAL_Driver/Src/stm32f4xx_hal_dma.o
 .rodata._vfprintf_r.str1.1
                0x08007518       0x33 /opt/st/stm32cubeide_1.18.0/plugins/com.st.stm32cube.ide.mcu.externaltools.gnu-tools-for-stm32.13.3.rel1.linux64_1.0.0.202410170706/tools/bin/../lib/gcc/arm-none-eabi/13.3.1/../../../../arm-none-eabi/lib/thumb/v7e-m+fp/hard/libc_nano.a(libc_a-nano-vfprintf.o)
                                 0x11 (size before relaxing)
 .rodata._printf_i.str1.1
                0x0800754b       0x22 /opt/st/stm32cubeide_1.18.0/plugins/com.st.stm32cube.ide.mcu.externaltools.gnu-tools-for-stm32.13.3.rel1.linux64_1.0.0.202410170706/tools/bin/../lib/gcc/arm-none-eabi/13.3.1/../../../../arm-none-eabi/lib/thumb/v7e-m+fp/hard/libc_nano.a(libc_a-nano-vfprintf_i.o)
                0x08007570                        . = ALIGN (0x4)
 *fill*         0x0800754b        0x1 

.ARM.extab      0x0800754c        0x0
                0x0800754c                        . = ALIGN (0x4)
 *(.ARM.extab* .gnu.linkonce.armextab.*)
                0x0800754c                        . = ALIGN (0x4)

.ARM            0x0800754c        0x8
                0x0800754c                        . = ALIGN (0x4)
                0x0800754c                        __exidx_start = .
 *(.ARM.exidx*)
 .ARM.exidx     0x0800754c        0x8 /opt/st/stm32cubeide_1.18.0/plugins/com.st.stm32cube.ide.mcu.externaltools.gnu-tools-for-stm32.13.3.rel1.linux64_1.0.0.202410170706/tools/bin/../lib/gcc/arm-none-eabi/13.3.1/../../../../arm-none-eabi/lib/thumb/v7e-m+fp/hard/libc_nano.a(libc_a-memchr.o)
 .ARM.exidx     0x08007554        0x0 /opt/st/stm32cubeide_1.18.0/plugins/com.st.stm32cube.ide.mcu.externaltools.gnu-tools-for-stm32.13.3.rel1.linux64_1.0.0.202410170706/tools/bin/../lib/gcc/arm-none-eabi/13.3.1/thumb/v7e-m+fp/hard/libgcc.a(_udivmoddi4.o)
                                  0x8 (size before relaxing)
                0x08007554                        __exidx_end = .
                0x08007554                        . = ALIGN (0x4)

.rel.dyn        0x08007554        0x0
 .rel.iplt      0x08007554        0x0 /opt/st/stm32cubeide_1.18.0/plugins/com.st.stm32cube.ide.mcu.externaltools.gnu-tools-for-stm32.13.3.rel1.linux64_1.0.0.202410170706/tools/bin/../lib/gcc/arm-none-eabi/13.3.1/thumb/v7e-m+fp/hard/crtbegin.o

.preinit_array  0x08007554        0x0
                0x08007554                        . = ALIGN (0x4)
                0x08007554                        PROVIDE (__preinit_array_start = .)
 *(.preinit_array*)
                0x08007554                        PROVIDE (__preinit_array_end = .)
                0x08007554                        . = ALIGN (0x4)

.init_array     0x08007554        0x4
                0x08007554                        . = ALIGN (0x4)
                0x08007554                        PROVIDE (__init_array_start = .)
 *(SORT_BY_NAME(.init_array.*))
 *(.init_array*)
 .init_array    0x08007554        0x4 /opt/st/stm32cubeide_1.18.0/plugins/com.st.stm32cube.ide.mcu.externaltools.gnu-tools-for-stm32.13.3.rel1.linux64_1.0.0.202410170706/tools/bin/../lib/gcc/arm-none-eabi/13.3.1/thumb/v7e-m+fp/hard/crtbegin.o
                0x08007558                        PROVIDE (__init_array_end = .)
                0x08007558                        . = ALIGN (0x4)

.fini_array     0x08007558        0x4
                0x08007558                        . = ALIGN (0x4)
                [!provide]                        PROVIDE (__fini_array_start = .)
 *(SORT_BY_NAME(.fini_array.*))
 *(.fini_array*)
 .fini_array    0x08007558        0x4 /opt/st/stm32cubeide_1.18.0/plugins/com.st.stm32cube.ide.mcu.externaltools.gnu-tools-for-stm32.13.3.rel1.linux64_1.0.0.202410170706/tools/bin/../lib/gcc/arm-none-eabi/13.3.1/thumb/v7e-m+fp/hard/crtbegin.o
                [!provide]                        PROVIDE (__fini_array_end = .)
                0x0800755c                        . = ALIGN (0x4)
                0x0800755c                        _sidata = LOADADDR (.data)

.data           0x20000000       0x6c load address 0x0800755c
                0x20000000                        . = ALIGN (0x4)
                0x20000000                        _sdata = .
 *(.data)
 *(.data*)
 .data.uxCriticalNesting
                0x20000000        0x4 ./Core/FreeRTOS/Source/portable/GCC/ARM_CM4F/port.o
 .data.SystemCoreClock
                0x20000004        0x4 ./Core/Src/system_stm32f4xx.o
                0x20000004                SystemCoreClock
 .data.uwTickPrio
                0x20000008        0x4 ./Drivers/STM32F4xx_HAL_Driver/Src/stm32f4xx_hal.o
                0x20000008                uwTickPrio
 .data.uwTickFreq
                0x2000000c        0x1 ./Drivers/STM32F4xx_HAL_Driver/Src/stm32f4xx_hal.o
                0x2000000c                uwTickFreq
 *fill*         0x2000000d        0x3 
 .data.__sglue  0x20000010        0xc /opt/st/stm32cubeide_1.18.0/plugins/com.st.stm32cube.ide.mcu.externaltools.gnu-tools-for-stm32.13.3.rel1.linux64_1.0.0.202410170706/tools/bin/../lib/gcc/arm-none-eabi/13.3.1/../../../../arm-none-eabi/lib/thumb/v7e-m+fp/hard/libc_nano.a(libc_a-findfp.o)
                0x20000010                __sglue
 .data._impure_ptr
                0x2000001c        0x4 /opt/st/stm32cubeide_1.18.0/plugins/com.st.stm32cube.ide.mcu.externaltools.gnu-tools-for-stm32.13.3.rel1.linux64_1.0.0.202410170706/tools/bin/../lib/gcc/arm-none-eabi/13.3.1/../../../../arm-none-eabi/lib/thumb/v7e-m+fp/hard/libc_nano.a(libc_a-impure.o)
                0x2000001c                _impure_ptr
 .data._impure_data
                0x20000020       0x4c /opt/st/stm32cubeide_1.18.0/plugins/com.st.stm32cube.ide.mcu.externaltools.gnu-tools-for-stm32.13.3.rel1.linux64_1.0.0.202410170706/tools/bin/../lib/gcc/arm-none-eabi/13.3.1/../../../../arm-none-eabi/lib/thumb/v7e-m+fp/hard/libc_nano.a(libc_a-impure.o)
                0x20000020                _impure_data
 *(.RamFunc)
 *(.RamFunc*)
                0x2000006c                        . = ALIGN (0x4)
                0x2000006c                        _edata = .

.igot.plt       0x2000006c        0x0 load address 0x080075c8
 .igot.plt      0x2000006c        0x0 /opt/st/stm32cubeide_1.18.0/plugins/com.st.stm32cube.ide.mcu.externaltools.gnu-tools-for-stm32.13.3.rel1.linux64_1.0.0.202410170706/tools/bin/../lib/gcc/arm-none-eabi/13.3.1/thumb/v7e-m+fp/hard/crtbegin.o
                0x2000006c                        . = ALIGN (0x4)

.bss            0x2000006c     0x3890 load address 0x080075c8
                0x2000006c                        _sbss = .
                0x2000006c                        __bss_start__ = _sbss
 *(.bss)
 .bss           0x2000006c       0x1c /opt/st/stm32cubeide_1.18.0/plugins/com.st.stm32cube.ide.mcu.externaltools.gnu-tools-for-stm32.13.3.rel1.linux64_1.0.0.202410170706/tools/bin/../lib/gcc/arm-none-eabi/13.3.1/thumb/v7e-m+fp/hard/crtbegin.o
 *(.bss*)
 .bss.pxCurrentTCB
                0x20000088        0x4 ./Core/FreeRTOS/Source/tasks.o
                0x20000088                pxCurrentTCB
 .bss.pxReadyTasksLists
                0x2000008c       0x64 ./Core/FreeRTOS/Source/tasks.o
 .bss.xDelayedTaskList1
                0x200000f0       0x14 ./Core/FreeRTOS/Source/tasks.o
 .bss.xDelayedTaskList2
                0x20000104       0x14 ./Core/FreeRTOS/Source/tasks.o
 .bss.pxDelayedTaskList
                0x20000118        0x4 ./Core/FreeRTOS/Source/tasks.o
 .bss.pxOverflowDelayedTaskList
                0x2000011c        0x4 ./Core/FreeRTOS/Source/tasks.o
 .bss.xPendingReadyList
                0x20000120       0x14 ./Core/FreeRTOS/Source/tasks.o
 .bss.uxCurrentNumberOfTasks
                0x20000134        0x4 ./Core/FreeRTOS/Source/tasks.o
 .bss.xTickCount
                0x20000138        0x4 ./Core/FreeRTOS/Source/tasks.o
 .bss.uxTopReadyPriority
                0x2000013c        0x4 ./Core/FreeRTOS/Source/tasks.o
 .bss.xSchedulerRunning
                0x20000140        0x4 ./Core/FreeRTOS/Source/tasks.o
 .bss.xPendedTicks
                0x20000144        0x4 ./Core/FreeRTOS/Source/tasks.o
 .bss.xYieldPending
                0x20000148        0x4 ./Core/FreeRTOS/Source/tasks.o
 .bss.xNumOfOverflows
                0x2000014c        0x4 ./Core/FreeRTOS/Source/tasks.o
 .bss.uxTaskNumber
                0x20000150        0x4 ./Core/FreeRTOS/Source/tasks.o
 .bss.xNextTaskUnblockTime
                0x20000154        0x4 ./Core/FreeRTOS/Source/tasks.o
 .bss.xIdleTaskHandle
                0x20000158        0x4 ./Core/FreeRTOS/Source/tasks.o
 .bss.uxSchedulerSuspended
                0x2000015c        0x4 ./Core/FreeRTOS/Source/tasks.o
 .bss.xActiveTimerList1
                0x20000160       0x14 ./Core/FreeRTOS/Source/timers.o
 .bss.xActiveTimerList2
                0x20000174       0x14 ./Core/FreeRTOS/Source/timers.o
 .bss.pxCurrentTimerList
                0x20000188        0x4 ./Core/FreeRTOS/Source/timers.o
 .bss.pxOverflowTimerList
                0x2000018c        0x4 ./Core/FreeRTOS/Source/timers.o
 .bss.xTimerQueue
                0x20000190        0x4 ./Core/FreeRTOS/Source/timers.o
 .bss.xTimerTaskHandle
                0x20000194        0x4 ./Core/FreeRTOS/Source/timers.o
 .bss.xLastTime.0
                0x20000198        0x4 ./Core/FreeRTOS/Source/timers.o
 .bss.ucMaxSysCallPriority
                0x2000019c        0x1 ./Core/FreeRTOS/Source/portable/GCC/ARM_CM4F/port.o
 *fill*         0x2000019d        0x3 
 .bss.ulMaxPRIGROUPValue
                0x200001a0        0x4 ./Core/FreeRTOS/Source/portable/GCC/ARM_CM4F/port.o
 .bss.ucHeap    0x200001a4     0x2800 ./Core/FreeRTOS/Source/portable/MemMang/heap_4.o
 .bss.xStart    0x200029a4        0x8 ./Core/FreeRTOS/Source/portable/MemMang/heap_4.o
 .bss.pxEnd     0x200029ac        0x4 ./Core/FreeRTOS/Source/portable/MemMang/heap_4.o
 .bss.xFreeBytesRemaining
                0x200029b0        0x4 ./Core/FreeRTOS/Source/portable/MemMang/heap_4.o
 .bss.xMinimumEverFreeBytesRemaining
                0x200029b4        0x4 ./Core/FreeRTOS/Source/portable/MemMang/heap_4.o
 .bss.xNumberOfSuccessfulAllocations
                0x200029b8        0x4 ./Core/FreeRTOS/Source/portable/MemMang/heap_4.o
 .bss.xNumberOfSuccessfulFrees
                0x200029bc        0x4 ./Core/FreeRTOS/Source/portable/MemMang/heap_4.o
 .bss.hE22      0x200029c0      0xab8 ./Core/Src/e22900t22d.o
                0x200029c0                hE22
 .bss.rxDmaBuffer
                0x20003478       0xf0 ./Core/Src/e22900t22d.o
                0x20003478                rxDmaBuffer
 .bss.txDmaBuffer
                0x20003568       0xf0 ./Core/Src/e22900t22d.o
                0x20003568                txDmaBuffer
 .bss.huart2    0x20003658       0x48 ./Core/Src/main.o
                0x20003658                huart2
 .bss.hdma_usart2_rx
                0x200036a0       0x60 ./Core/Src/main.o
                0x200036a0                hdma_usart2_rx
 .bss.hdma_usart2_tx
                0x20003700       0x60 ./Core/Src/main.o
                0x20003700                hdma_usart2_tx
 .bss.htim10    0x20003760       0x48 ./Core/Src/stm32f4xx_hal_timebase_tim.o
                0x20003760                htim10
 .bss.__sbrk_heap_end
                0x200037a8        0x4 ./Core/Src/sysmem.o
 .bss.uwTick    0x200037ac        0x4 ./Drivers/STM32F4xx_HAL_Driver/Src/stm32f4xx_hal.o
                0x200037ac                uwTick
 .bss.__sf      0x200037b0      0x138 /opt/st/stm32cubeide_1.18.0/plugins/com.st.stm32cube.ide.mcu.externaltools.gnu-tools-for-stm32.13.3.rel1.linux64_1.0.0.202410170706/tools/bin/../lib/gcc/arm-none-eabi/13.3.1/../../../../arm-none-eabi/lib/thumb/v7e-m+fp/hard/libc_nano.a(libc_a-findfp.o)
                0x200037b0                __sf
 .bss.__stdio_exit_handler
                0x200038e8        0x4 /opt/st/stm32cubeide_1.18.0/plugins/com.st.stm32cube.ide.mcu.externaltools.gnu-tools-for-stm32.13.3.rel1.linux64_1.0.0.202410170706/tools/bin/../lib/gcc/arm-none-eabi/13.3.1/../../../../arm-none-eabi/lib/thumb/v7e-m+fp/hard/libc_nano.a(libc_a-findfp.o)
                0x200038e8                __stdio_exit_handler
 .bss.errno     0x200038ec        0x4 /opt/st/stm32cubeide_1.18.0/plugins/com.st.stm32cube.ide.mcu.externaltools.gnu-tools-for-stm32.13.3.rel1.linux64_1.0.0.202410170706/tools/bin/../lib/gcc/arm-none-eabi/13.3.1/../../../../arm-none-eabi/lib/thumb/v7e-m+fp/hard/libc_nano.a(libc_a-reent.o)
                0x200038ec                errno
 .bss.__lock___malloc_recursive_mutex
                0x200038f0        0x1 /opt/st/stm32cubeide_1.18.0/plugins/com.st.stm32cube.ide.mcu.externaltools.gnu-tools-for-stm32.13.3.rel1.linux64_1.0.0.202410170706/tools/bin/../lib/gcc/arm-none-eabi/13.3.1/../../../../arm-none-eabi/lib/thumb/v7e-m+fp/hard/libc_nano.a(libc_a-lock.o)
                0x200038f0                __lock___malloc_recursive_mutex
 .bss.__lock___sfp_recursive_mutex
                0x200038f1        0x1 /opt/st/stm32cubeide_1.18.0/plugins/com.st.stm32cube.ide.mcu.externaltools.gnu-tools-for-stm32.13.3.rel1.linux64_1.0.0.202410170706/tools/bin/../lib/gcc/arm-none-eabi/13.3.1/../../../../arm-none-eabi/lib/thumb/v7e-m+fp/hard/libc_nano.a(libc_a-lock.o)
                0x200038f1                __lock___sfp_recursive_mutex
 *fill*         0x200038f2        0x2 
 .bss.__malloc_sbrk_start
                0x200038f4        0x4 /opt/st/stm32cubeide_1.18.0/plugins/com.st.stm32cube.ide.mcu.externaltools.gnu-tools-for-stm32.13.3.rel1.linux64_1.0.0.202410170706/tools/bin/../lib/gcc/arm-none-eabi/13.3.1/../../../../arm-none-eabi/lib/thumb/v7e-m+fp/hard/libc_nano.a(libc_a-mallocr.o)
                0x200038f4                __malloc_sbrk_start
 .bss.__malloc_free_list
                0x200038f8        0x4 /opt/st/stm32cubeide_1.18.0/plugins/com.st.stm32cube.ide.mcu.externaltools.gnu-tools-for-stm32.13.3.rel1.linux64_1.0.0.202410170706/tools/bin/../lib/gcc/arm-none-eabi/13.3.1/../../../../arm-none-eabi/lib/thumb/v7e-m+fp/hard/libc_nano.a(libc_a-mallocr.o)
                0x200038f8                __malloc_free_list
 *(COMMON)
                0x200038fc                        . = ALIGN (0x4)
                0x200038fc                        _ebss = .
                0x200038fc                        __bss_end__ = _ebss

._user_heap_stack
                0x200038fc      0x604 load address 0x080075c8
                0x20003900                        . = ALIGN (0x8)
 *fill*         0x200038fc        0x4 
                [!provide]                        PROVIDE (end = .)
                0x20003900                        PROVIDE (_end = .)
                0x20003b00                        . = (. + _Min_Heap_Size)
 *fill*         0x20003900      0x200 
                0x20003f00                        . = (. + _Min_Stack_Size)
 *fill*         0x20003b00      0x400 
                0x20003f00                        . = ALIGN (0x8)

/DISCARD/
 libc.a(*)
 libm.a(*)
 libgcc.a(*)

.ARM.attributes
                0x00000000       0x30
 *(.ARM.attributes)
 .ARM.attributes
                0x00000000       0x22 /opt/st/stm32cubeide_1.18.0/plugins/com.st.stm32cube.ide.mcu.externaltools.gnu-tools-for-stm32.13.3.rel1.linux64_1.0.0.202410170706/tools/bin/../lib/gcc/arm-none-eabi/13.3.1/thumb/v7e-m+fp/hard/crti.o
 .ARM.attributes
                0x00000022       0x34 /opt/st/stm32cubeide_1.18.0/plugins/com.st.stm32cube.ide.mcu.externaltools.gnu-tools-for-stm32.13.3.rel1.linux64_1.0.0.202410170706/tools/bin/../lib/gcc/arm-none-eabi/13.3.1/thumb/v7e-m+fp/hard/crtbegin.o
 .ARM.attributes
                0x00000056       0x34 ./Core/FreeRTOS/Source/list.o
 .ARM.attributes
                0x0000008a       0x34 ./Core/FreeRTOS/Source/queue.o
 .ARM.attributes
                0x000000be       0x34 ./Core/FreeRTOS/Source/tasks.o
 .ARM.attributes
                0x000000f2       0x34 ./Core/FreeRTOS/Source/timers.o
 .ARM.attributes
                0x00000126       0x34 ./Core/FreeRTOS/Source/portable/GCC/ARM_CM4F/port.o
 .ARM.attributes
                0x0000015a       0x34 ./Core/FreeRTOS/Source/portable/MemMang/heap_4.o
 .ARM.attributes
                0x0000018e       0x34 ./Core/Src/circ_buffer.o
 .ARM.attributes
                0x000001c2       0x34 ./Core/Src/e22900t22d.o
 .ARM.attributes
                0x000001f6       0x34 ./Core/Src/main.o
 .ARM.attributes
                0x0000022a       0x34 ./Core/Src/stm32f4xx_hal_msp.o
 .ARM.attributes
                0x0000025e       0x34 ./Core/Src/stm32f4xx_hal_timebase_tim.o
 .ARM.attributes
                0x00000292       0x34 ./Core/Src/stm32f4xx_it.o
 .ARM.attributes
                0x000002c6       0x34 ./Core/Src/syscalls.o
 .ARM.attributes
                0x000002fa       0x34 ./Core/Src/sysmem.o
 .ARM.attributes
                0x0000032e       0x34 ./Core/Src/system_stm32f4xx.o
 .ARM.attributes
                0x00000362       0x21 ./Core/Startup/startup_stm32f411ceux.o
 .ARM.attributes
                0x00000383       0x34 ./Drivers/STM32F4xx_HAL_Driver/Src/stm32f4xx_hal.o
 .ARM.attributes
                0x000003b7       0x34 ./Drivers/STM32F4xx_HAL_Driver/Src/stm32f4xx_hal_cortex.o
 .ARM.attributes
                0x000003eb       0x34 ./Drivers/STM32F4xx_HAL_Driver/Src/stm32f4xx_hal_dma.o
 .ARM.attributes
                0x0000041f       0x34 ./Drivers/STM32F4xx_HAL_Driver/Src/stm32f4xx_hal_gpio.o
 .ARM.attributes
                0x00000453       0x34 ./Drivers/STM32F4xx_HAL_Driver/Src/stm32f4xx_hal_rcc.o
 .ARM.attributes
                0x00000487       0x34 ./Drivers/STM32F4xx_HAL_Driver/Src/stm32f4xx_hal_tim.o
 .ARM.attributes
                0x000004bb       0x34 ./Drivers/STM32F4xx_HAL_Driver/Src/stm32f4xx_hal_tim_ex.o
 .ARM.attributes
                0x000004ef       0x34 ./Drivers/STM32F4xx_HAL_Driver/Src/stm32f4xx_hal_uart.o
 .ARM.attributes
                0x00000523       0x34 /opt/st/stm32cubeide_1.18.0/plugins/com.st.stm32cube.ide.mcu.externaltools.gnu-tools-for-stm32.13.3.rel1.linux64_1.0.0.202410170706/tools/bin/../lib/gcc/arm-none-eabi/13.3.1/../../../../arm-none-eabi/lib/thumb/v7e-m+fp/hard/libc_nano.a(libc_a-findfp.o)
 .ARM.attributes
                0x00000557       0x34 /opt/st/stm32cubeide_1.18.0/plugins/com.st.stm32cube.ide.mcu.externaltools.gnu-tools-for-stm32.13.3.rel1.linux64_1.0.0.202410170706/tools/bin/../lib/gcc/arm-none-eabi/13.3.1/../../../../arm-none-eabi/lib/thumb/v7e-m+fp/hard/libc_nano.a(libc_a-fwalk.o)
 .ARM.attributes
                0x0000058b       0x34 /opt/st/stm32cubeide_1.18.0/plugins/com.st.stm32cube.ide.mcu.externaltools.gnu-tools-for-stm32.13.3.rel1.linux64_1.0.0.202410170706/tools/bin/../lib/gcc/arm-none-eabi/13.3.1/../../../../arm-none-eabi/lib/thumb/v7e-m+fp/hard/libc_nano.a(libc_a-printf.o)
 .ARM.attributes
                0x000005bf       0x34 /opt/st/stm32cubeide_1.18.0/plugins/com.st.stm32cube.ide.mcu.externaltools.gnu-tools-for-stm32.13.3.rel1.linux64_1.0.0.202410170706/tools/bin/../lib/gcc/arm-none-eabi/13.3.1/../../../../arm-none-eabi/lib/thumb/v7e-m+fp/hard/libc_nano.a(libc_a-puts.o)
 .ARM.attributes
                0x000005f3       0x34 /opt/st/stm32cubeide_1.18.0/plugins/com.st.stm32cube.ide.mcu.externaltools.gnu-tools-for-stm32.13.3.rel1.linux64_1.0.0.202410170706/tools/bin/../lib/gcc/arm-none-eabi/13.3.1/../../../../arm-none-eabi/lib/thumb/v7e-m+fp/hard/libc_nano.a(libc_a-stdio.o)
 .ARM.attributes
                0x00000627       0x34 /opt/st/stm32cubeide_1.18.0/plugins/com.st.stm32cube.ide.mcu.externaltools.gnu-tools-for-stm32.13.3.rel1.linux64_1.0.0.202410170706/tools/bin/../lib/gcc/arm-none-eabi/13.3.1/../../../../arm-none-eabi/lib/thumb/v7e-m+fp/hard/libc_nano.a(libc_a-wbuf.o)
 .ARM.attributes
                0x0000065b       0x34 /opt/st/stm32cubeide_1.18.0/plugins/com.st.stm32cube.ide.mcu.externaltools.gnu-tools-for-stm32.13.3.rel1.linux64_1.0.0.202410170706/tools/bin/../lib/gcc/arm-none-eabi/13.3.1/../../../../arm-none-eabi/lib/thumb/v7e-m+fp/hard/libc_nano.a(libc_a-wsetup.o)
 .ARM.attributes
                0x0000068f       0x34 /opt/st/stm32cubeide_1.18.0/plugins/com.st.stm32cube.ide.mcu.externaltools.gnu-tools-for-stm32.13.3.rel1.linux64_1.0.0.202410170706/tools/bin/../lib/gcc/arm-none-eabi/13.3.1/../../../../arm-none-eabi/lib/thumb/v7e-m+fp/hard/libc_nano.a(libc_a-memcmp.o)
 .ARM.attributes
                0x000006c3       0x34 /opt/st/stm32cubeide_1.18.0/plugins/com.st.stm32cube.ide.mcu.externaltools.gnu-tools-for-stm32.13.3.rel1.linux64_1.0.0.202410170706/tools/bin/../lib/gcc/arm-none-eabi/13.3.1/../../../../arm-none-eabi/lib/thumb/v7e-m+fp/hard/libc_nano.a(libc_a-memset.o)
 .ARM.attributes
                0x000006f7       0x34 /opt/st/stm32cubeide_1.18.0/plugins/com.st.stm32cube.ide.mcu.externaltools.gnu-tools-for-stm32.13.3.rel1.linux64_1.0.0.202410170706/tools/bin/../lib/gcc/arm-none-eabi/13.3.1/../../../../arm-none-eabi/lib/thumb/v7e-m+fp/hard/libc_nano.a(libc_a-closer.o)
 .ARM.attributes
                0x0000072b       0x34 /opt/st/stm32cubeide_1.18.0/plugins/com.st.stm32cube.ide.mcu.externaltools.gnu-tools-for-stm32.13.3.rel1.linux64_1.0.0.202410170706/tools/bin/../lib/gcc/arm-none-eabi/13.3.1/../../../../arm-none-eabi/lib/thumb/v7e-m+fp/hard/libc_nano.a(libc_a-reent.o)
 .ARM.attributes
                0x0000075f       0x34 /opt/st/stm32cubeide_1.18.0/plugins/com.st.stm32cube.ide.mcu.externaltools.gnu-tools-for-stm32.13.3.rel1.linux64_1.0.0.202410170706/tools/bin/../lib/gcc/arm-none-eabi/13.3.1/../../../../arm-none-eabi/lib/thumb/v7e-m+fp/hard/libc_nano.a(libc_a-impure.o)
 .ARM.attributes
                0x00000793       0x34 /opt/st/stm32cubeide_1.18.0/plugins/com.st.stm32cube.ide.mcu.externaltools.gnu-tools-for-stm32.13.3.rel1.linux64_1.0.0.202410170706/tools/bin/../lib/gcc/arm-none-eabi/13.3.1/../../../../arm-none-eabi/lib/thumb/v7e-m+fp/hard/libc_nano.a(libc_a-lseekr.o)
 .ARM.attributes
                0x000007c7       0x34 /opt/st/stm32cubeide_1.18.0/plugins/com.st.stm32cube.ide.mcu.externaltools.gnu-tools-for-stm32.13.3.rel1.linux64_1.0.0.202410170706/tools/bin/../lib/gcc/arm-none-eabi/13.3.1/../../../../arm-none-eabi/lib/thumb/v7e-m+fp/hard/libc_nano.a(libc_a-readr.o)
 .ARM.attributes
                0x000007fb       0x34 /opt/st/stm32cubeide_1.18.0/plugins/com.st.stm32cube.ide.mcu.externaltools.gnu-tools-for-stm32.13.3.rel1.linux64_1.0.0.202410170706/tools/bin/../lib/gcc/arm-none-eabi/13.3.1/../../../../arm-none-eabi/lib/thumb/v7e-m+fp/hard/libc_nano.a(libc_a-writer.o)
 .ARM.attributes
                0x0000082f       0x34 /opt/st/stm32cubeide_1.18.0/plugins/com.st.stm32cube.ide.mcu.externaltools.gnu-tools-for-stm32.13.3.rel1.linux64_1.0.0.202410170706/tools/bin/../lib/gcc/arm-none-eabi/13.3.1/../../../../arm-none-eabi/lib/thumb/v7e-m+fp/hard/libc_nano.a(libc_a-errno.o)
 .ARM.attributes
                0x00000863       0x34 /opt/st/stm32cubeide_1.18.0/plugins/com.st.stm32cube.ide.mcu.externaltools.gnu-tools-for-stm32.13.3.rel1.linux64_1.0.0.202410170706/tools/bin/../lib/gcc/arm-none-eabi/13.3.1/../../../../arm-none-eabi/lib/thumb/v7e-m+fp/hard/libc_nano.a(libc_a-init.o)
 .ARM.attributes
                0x00000897       0x34 /opt/st/stm32cubeide_1.18.0/plugins/com.st.stm32cube.ide.mcu.externaltools.gnu-tools-for-stm32.13.3.rel1.linux64_1.0.0.202410170706/tools/bin/../lib/gcc/arm-none-eabi/13.3.1/../../../../arm-none-eabi/lib/thumb/v7e-m+fp/hard/libc_nano.a(libc_a-lock.o)
 .ARM.attributes
                0x000008cb       0x34 /opt/st/stm32cubeide_1.18.0/plugins/com.st.stm32cube.ide.mcu.externaltools.gnu-tools-for-stm32.13.3.rel1.linux64_1.0.0.202410170706/tools/bin/../lib/gcc/arm-none-eabi/13.3.1/../../../../arm-none-eabi/lib/thumb/v7e-m+fp/hard/libc_nano.a(libc_a-memcpy-stub.o)
 .ARM.attributes
                0x000008ff       0x34 /opt/st/stm32cubeide_1.18.0/plugins/com.st.stm32cube.ide.mcu.externaltools.gnu-tools-for-stm32.13.3.rel1.linux64_1.0.0.202410170706/tools/bin/../lib/gcc/arm-none-eabi/13.3.1/../../../../arm-none-eabi/lib/thumb/v7e-m+fp/hard/libc_nano.a(libc_a-freer.o)
 .ARM.attributes
                0x00000933       0x34 /opt/st/stm32cubeide_1.18.0/plugins/com.st.stm32cube.ide.mcu.externaltools.gnu-tools-for-stm32.13.3.rel1.linux64_1.0.0.202410170706/tools/bin/../lib/gcc/arm-none-eabi/13.3.1/../../../../arm-none-eabi/lib/thumb/v7e-m+fp/hard/libc_nano.a(libc_a-mallocr.o)
 .ARM.attributes
                0x00000967       0x34 /opt/st/stm32cubeide_1.18.0/plugins/com.st.stm32cube.ide.mcu.externaltools.gnu-tools-for-stm32.13.3.rel1.linux64_1.0.0.202410170706/tools/bin/../lib/gcc/arm-none-eabi/13.3.1/../../../../arm-none-eabi/lib/thumb/v7e-m+fp/hard/libc_nano.a(libc_a-mlock.o)
 .ARM.attributes
                0x0000099b       0x34 /opt/st/stm32cubeide_1.18.0/plugins/com.st.stm32cube.ide.mcu.externaltools.gnu-tools-for-stm32.13.3.rel1.linux64_1.0.0.202410170706/tools/bin/../lib/gcc/arm-none-eabi/13.3.1/../../../../arm-none-eabi/lib/thumb/v7e-m+fp/hard/libc_nano.a(libc_a-nano-vfprintf.o)
 .ARM.attributes
                0x000009cf       0x34 /opt/st/stm32cubeide_1.18.0/plugins/com.st.stm32cube.ide.mcu.externaltools.gnu-tools-for-stm32.13.3.rel1.linux64_1.0.0.202410170706/tools/bin/../lib/gcc/arm-none-eabi/13.3.1/../../../../arm-none-eabi/lib/thumb/v7e-m+fp/hard/libc_nano.a(libc_a-nano-vfprintf_i.o)
 .ARM.attributes
                0x00000a03       0x34 /opt/st/stm32cubeide_1.18.0/plugins/com.st.stm32cube.ide.mcu.externaltools.gnu-tools-for-stm32.13.3.rel1.linux64_1.0.0.202410170706/tools/bin/../lib/gcc/arm-none-eabi/13.3.1/../../../../arm-none-eabi/lib/thumb/v7e-m+fp/hard/libc_nano.a(libc_a-fflush.o)
 .ARM.attributes
                0x00000a37       0x34 /opt/st/stm32cubeide_1.18.0/plugins/com.st.stm32cube.ide.mcu.externaltools.gnu-tools-for-stm32.13.3.rel1.linux64_1.0.0.202410170706/tools/bin/../lib/gcc/arm-none-eabi/13.3.1/../../../../arm-none-eabi/lib/thumb/v7e-m+fp/hard/libc_nano.a(libc_a-makebuf.o)
 .ARM.attributes
                0x00000a6b       0x34 /opt/st/stm32cubeide_1.18.0/plugins/com.st.stm32cube.ide.mcu.externaltools.gnu-tools-for-stm32.13.3.rel1.linux64_1.0.0.202410170706/tools/bin/../lib/gcc/arm-none-eabi/13.3.1/../../../../arm-none-eabi/lib/thumb/v7e-m+fp/hard/libc_nano.a(libc_a-fstatr.o)
 .ARM.attributes
                0x00000a9f       0x34 /opt/st/stm32cubeide_1.18.0/plugins/com.st.stm32cube.ide.mcu.externaltools.gnu-tools-for-stm32.13.3.rel1.linux64_1.0.0.202410170706/tools/bin/../lib/gcc/arm-none-eabi/13.3.1/../../../../arm-none-eabi/lib/thumb/v7e-m+fp/hard/libc_nano.a(libc_a-isattyr.o)
 .ARM.attributes
                0x00000ad3       0x34 /opt/st/stm32cubeide_1.18.0/plugins/com.st.stm32cube.ide.mcu.externaltools.gnu-tools-for-stm32.13.3.rel1.linux64_1.0.0.202410170706/tools/bin/../lib/gcc/arm-none-eabi/13.3.1/../../../../arm-none-eabi/lib/thumb/v7e-m+fp/hard/libc_nano.a(libc_a-sbrkr.o)
 .ARM.attributes
                0x00000b07       0x1c /opt/st/stm32cubeide_1.18.0/plugins/com.st.stm32cube.ide.mcu.externaltools.gnu-tools-for-stm32.13.3.rel1.linux64_1.0.0.202410170706/tools/bin/../lib/gcc/arm-none-eabi/13.3.1/../../../../arm-none-eabi/lib/thumb/v7e-m+fp/hard/libc_nano.a(libc_a-memchr.o)
 .ARM.attributes
                0x00000b23       0x22 /opt/st/stm32cubeide_1.18.0/plugins/com.st.stm32cube.ide.mcu.externaltools.gnu-tools-for-stm32.13.3.rel1.linux64_1.0.0.202410170706/tools/bin/../lib/gcc/arm-none-eabi/13.3.1/thumb/v7e-m+fp/hard/libgcc.a(_aeabi_uldivmod.o)
 .ARM.attributes
                0x00000b45       0x34 /opt/st/stm32cubeide_1.18.0/plugins/com.st.stm32cube.ide.mcu.externaltools.gnu-tools-for-stm32.13.3.rel1.linux64_1.0.0.202410170706/tools/bin/../lib/gcc/arm-none-eabi/13.3.1/thumb/v7e-m+fp/hard/libgcc.a(_udivmoddi4.o)
 .ARM.attributes
                0x00000b79       0x22 /opt/st/stm32cubeide_1.18.0/plugins/com.st.stm32cube.ide.mcu.externaltools.gnu-tools-for-stm32.13.3.rel1.linux64_1.0.0.202410170706/tools/bin/../lib/gcc/arm-none-eabi/13.3.1/thumb/v7e-m+fp/hard/libgcc.a(_dvmd_tls.o)
 .ARM.attributes
                0x00000b9b       0x22 /opt/st/stm32cubeide_1.18.0/plugins/com.st.stm32cube.ide.mcu.externaltools.gnu-tools-for-stm32.13.3.rel1.linux64_1.0.0.202410170706/tools/bin/../lib/gcc/arm-none-eabi/13.3.1/thumb/v7e-m+fp/hard/crtn.o
OUTPUT(stm32_ssd1306_e22_lora.elf elf32-littlearm)
LOAD linker stubs
LOAD /opt/st/stm32cubeide_1.18.0/plugins/com.st.stm32cube.ide.mcu.externaltools.gnu-tools-for-stm32.13.3.rel1.linux64_1.0.0.202410170706/tools/bin/../lib/gcc/arm-none-eabi/13.3.1/../../../../arm-none-eabi/lib/thumb/v7e-m+fp/hard/libc.a
LOAD /opt/st/stm32cubeide_1.18.0/plugins/com.st.stm32cube.ide.mcu.externaltools.gnu-tools-for-stm32.13.3.rel1.linux64_1.0.0.202410170706/tools/bin/../lib/gcc/arm-none-eabi/13.3.1/../../../../arm-none-eabi/lib/thumb/v7e-m+fp/hard/libm.a
LOAD /opt/st/stm32cubeide_1.18.0/plugins/com.st.stm32cube.ide.mcu.externaltools.gnu-tools-for-stm32.13.3.rel1.linux64_1.0.0.202410170706/tools/bin/../lib/gcc/arm-none-eabi/13.3.1/thumb/v7e-m+fp/hard/libgcc.a

.debug_info     0x00000000    0x1319e
 .debug_info    0x00000000      0x2af ./Core/FreeRTOS/Source/list.o
 .debug_info    0x000002af     0x14eb ./Core/FreeRTOS/Source/queue.o
 .debug_info    0x0000179a     0x1b93 ./Core/FreeRTOS/Source/tasks.o
 .debug_info    0x0000332d      0xd97 ./Core/FreeRTOS/Source/timers.o
 .debug_info    0x000040c4      0x4d5 ./Core/FreeRTOS/Source/portable/GCC/ARM_CM4F/port.o
 .debug_info    0x00004599      0x521 ./Core/FreeRTOS/Source/portable/MemMang/heap_4.o
 .debug_info    0x00004aba      0x266 ./Core/Src/circ_buffer.o
 .debug_info    0x00004d20      0x4cb ./Core/Src/e22900t22d.o
 .debug_info    0x000051eb     0x156f ./Core/Src/main.o
 .debug_info    0x0000675a      0xb70 ./Core/Src/stm32f4xx_hal_msp.o
 .debug_info    0x000072ca      0xb75 ./Core/Src/stm32f4xx_hal_timebase_tim.o
 .debug_info    0x00007e3f      0x997 ./Core/Src/stm32f4xx_it.o
 .debug_info    0x000087d6      0x6a3 ./Core/Src/syscalls.o
 .debug_info    0x00008e79      0x168 ./Core/Src/sysmem.o
 .debug_info    0x00008fe1      0x53e ./Core/Src/system_stm32f4xx.o
 .debug_info    0x0000951f       0x30 ./Core/Startup/startup_stm32f411ceux.o
 .debug_info    0x0000954f      0x8c4 ./Drivers/STM32F4xx_HAL_Driver/Src/stm32f4xx_hal.o
 .debug_info    0x00009e13      0xcfc ./Drivers/STM32F4xx_HAL_Driver/Src/stm32f4xx_hal_cortex.o
 .debug_info    0x0000ab0f      0x8e6 ./Drivers/STM32F4xx_HAL_Driver/Src/stm32f4xx_hal_dma.o
 .debug_info    0x0000b3f5      0x6f9 ./Drivers/STM32F4xx_HAL_Driver/Src/stm32f4xx_hal_gpio.o
 .debug_info    0x0000baee      0x8f0 ./Drivers/STM32F4xx_HAL_Driver/Src/stm32f4xx_hal_rcc.o
 .debug_info    0x0000c3de     0x2996 ./Drivers/STM32F4xx_HAL_Driver/Src/stm32f4xx_hal_tim.o
 .debug_info    0x0000ed74     0x14d4 ./Drivers/STM32F4xx_HAL_Driver/Src/stm32f4xx_hal_tim_ex.o
 .debug_info    0x00010248     0x2f56 ./Drivers/STM32F4xx_HAL_Driver/Src/stm32f4xx_hal_uart.o

.debug_abbrev   0x00000000     0x3211
 .debug_abbrev  0x00000000       0xf5 ./Core/FreeRTOS/Source/list.o
 .debug_abbrev  0x000000f5      0x2ce ./Core/FreeRTOS/Source/queue.o
 .debug_abbrev  0x000003c3      0x345 ./Core/FreeRTOS/Source/tasks.o
 .debug_abbrev  0x00000708      0x2b1 ./Core/FreeRTOS/Source/timers.o
 .debug_abbrev  0x000009b9      0x247 ./Core/FreeRTOS/Source/portable/GCC/ARM_CM4F/port.o
 .debug_abbrev  0x00000c00      0x256 ./Core/FreeRTOS/Source/portable/MemMang/heap_4.o
 .debug_abbrev  0x00000e56      0x14a ./Core/Src/circ_buffer.o
 .debug_abbrev  0x00000fa0      0x186 ./Core/Src/e22900t22d.o
 .debug_abbrev  0x00001126      0x33f ./Core/Src/main.o
 .debug_abbrev  0x00001465      0x20c ./Core/Src/stm32f4xx_hal_msp.o
 .debug_abbrev  0x00001671      0x207 ./Core/Src/stm32f4xx_hal_timebase_tim.o
 .debug_abbrev  0x00001878      0x19b ./Core/Src/stm32f4xx_it.o
 .debug_abbrev  0x00001a13      0x1b6 ./Core/Src/syscalls.o
 .debug_abbrev  0x00001bc9       0xbc ./Core/Src/sysmem.o
 .debug_abbrev  0x00001c85      0x11a ./Core/Src/system_stm32f4xx.o
 .debug_abbrev  0x00001d9f       0x24 ./Core/Startup/startup_stm32f411ceux.o
 .debug_abbrev  0x00001dc3      0x24b ./Drivers/STM32F4xx_HAL_Driver/Src/stm32f4xx_hal.o
 .debug_abbrev  0x0000200e      0x31d ./Drivers/STM32F4xx_HAL_Driver/Src/stm32f4xx_hal_cortex.o
 .debug_abbrev  0x0000232b      0x221 ./Drivers/STM32F4xx_HAL_Driver/Src/stm32f4xx_hal_dma.o
 .debug_abbrev  0x0000254c      0x1d3 ./Drivers/STM32F4xx_HAL_Driver/Src/stm32f4xx_hal_gpio.o
 .debug_abbrev  0x0000271f      0x2b6 ./Drivers/STM32F4xx_HAL_Driver/Src/stm32f4xx_hal_rcc.o
 .debug_abbrev  0x000029d5      0x28b ./Drivers/STM32F4xx_HAL_Driver/Src/stm32f4xx_hal_tim.o
 .debug_abbrev  0x00002c60      0x296 ./Drivers/STM32F4xx_HAL_Driver/Src/stm32f4xx_hal_tim_ex.o
 .debug_abbrev  0x00002ef6      0x31b ./Drivers/STM32F4xx_HAL_Driver/Src/stm32f4xx_hal_uart.o

.debug_aranges  0x00000000     0x1228
 .debug_aranges
                0x00000000       0x40 ./Core/FreeRTOS/Source/list.o
 .debug_aranges
                0x00000040       0xe8 ./Core/FreeRTOS/Source/queue.o
 .debug_aranges
                0x00000128      0x178 ./Core/FreeRTOS/Source/tasks.o
 .debug_aranges
                0x000002a0       0xd8 ./Core/FreeRTOS/Source/timers.o
 .debug_aranges
                0x00000378       0x80 ./Core/FreeRTOS/Source/portable/GCC/ARM_CM4F/port.o
 .debug_aranges
                0x000003f8       0x60 ./Core/FreeRTOS/Source/portable/MemMang/heap_4.o
 .debug_aranges
                0x00000458       0x48 ./Core/Src/circ_buffer.o
 .debug_aranges
                0x000004a0       0x48 ./Core/Src/e22900t22d.o
 .debug_aranges
                0x000004e8       0x90 ./Core/Src/main.o
 .debug_aranges
                0x00000578       0x30 ./Core/Src/stm32f4xx_hal_msp.o
 .debug_aranges
                0x000005a8       0x30 ./Core/Src/stm32f4xx_hal_timebase_tim.o
 .debug_aranges
                0x000005d8       0x68 ./Core/Src/stm32f4xx_it.o
 .debug_aranges
                0x00000640       0xa8 ./Core/Src/syscalls.o
 .debug_aranges
                0x000006e8       0x20 ./Core/Src/sysmem.o
 .debug_aranges
                0x00000708       0x28 ./Core/Src/system_stm32f4xx.o
 .debug_aranges
                0x00000730       0x28 ./Core/Startup/startup_stm32f411ceux.o
 .debug_aranges
                0x00000758       0xf0 ./Drivers/STM32F4xx_HAL_Driver/Src/stm32f4xx_hal.o
 .debug_aranges
                0x00000848      0x130 ./Drivers/STM32F4xx_HAL_Driver/Src/stm32f4xx_hal_cortex.o
 .debug_aranges
                0x00000978       0x90 ./Drivers/STM32F4xx_HAL_Driver/Src/stm32f4xx_hal_dma.o
 .debug_aranges
                0x00000a08       0x58 ./Drivers/STM32F4xx_HAL_Driver/Src/stm32f4xx_hal_gpio.o
 .debug_aranges
                0x00000a60       0x88 ./Drivers/STM32F4xx_HAL_Driver/Src/stm32f4xx_hal_rcc.o
 .debug_aranges
                0x00000ae8      0x3d0 ./Drivers/STM32F4xx_HAL_Driver/Src/stm32f4xx_hal_tim.o
 .debug_aranges
                0x00000eb8      0x168 ./Drivers/STM32F4xx_HAL_Driver/Src/stm32f4xx_hal_tim_ex.o
 .debug_aranges
                0x00001020      0x208 ./Drivers/STM32F4xx_HAL_Driver/Src/stm32f4xx_hal_uart.o

.debug_rnglists
                0x00000000      0xe07
 .debug_rnglists
                0x00000000       0x2b ./Core/FreeRTOS/Source/list.o
 .debug_rnglists
                0x0000002b       0xb5 ./Core/FreeRTOS/Source/queue.o
 .debug_rnglists
                0x000000e0      0x12b ./Core/FreeRTOS/Source/tasks.o
 .debug_rnglists
                0x0000020b       0xa1 ./Core/FreeRTOS/Source/timers.o
 .debug_rnglists
                0x000002ac       0x5d ./Core/FreeRTOS/Source/portable/GCC/ARM_CM4F/port.o
 .debug_rnglists
                0x00000309       0x48 ./Core/FreeRTOS/Source/portable/MemMang/heap_4.o
 .debug_rnglists
                0x00000351       0x32 ./Core/Src/circ_buffer.o
 .debug_rnglists
                0x00000383       0x33 ./Core/Src/e22900t22d.o
 .debug_rnglists
                0x000003b6       0x6a ./Core/Src/main.o
 .debug_rnglists
                0x00000420       0x20 ./Core/Src/stm32f4xx_hal_msp.o
 .debug_rnglists
                0x00000440       0x20 ./Core/Src/stm32f4xx_hal_timebase_tim.o
 .debug_rnglists
                0x00000460       0x49 ./Core/Src/stm32f4xx_it.o
 .debug_rnglists
                0x000004a9       0x79 ./Core/Src/syscalls.o
 .debug_rnglists
                0x00000522       0x13 ./Core/Src/sysmem.o
 .debug_rnglists
                0x00000535       0x1a ./Core/Src/system_stm32f4xx.o
 .debug_rnglists
                0x0000054f       0x19 ./Core/Startup/startup_stm32f411ceux.o
 .debug_rnglists
                0x00000568       0xaf ./Drivers/STM32F4xx_HAL_Driver/Src/stm32f4xx_hal.o
 .debug_rnglists
                0x00000617       0xe0 ./Drivers/STM32F4xx_HAL_Driver/Src/stm32f4xx_hal_cortex.o
 .debug_rnglists
                0x000006f7       0x70 ./Drivers/STM32F4xx_HAL_Driver/Src/stm32f4xx_hal_dma.o
 .debug_rnglists
                0x00000767       0x3f ./Drivers/STM32F4xx_HAL_Driver/Src/stm32f4xx_hal_gpio.o
 .debug_rnglists
                0x000007a6       0x66 ./Drivers/STM32F4xx_HAL_Driver/Src/stm32f4xx_hal_rcc.o
 .debug_rnglists
                0x0000080c      0x31a ./Drivers/STM32F4xx_HAL_Driver/Src/stm32f4xx_hal_tim.o
 .debug_rnglists
                0x00000b26      0x125 ./Drivers/STM32F4xx_HAL_Driver/Src/stm32f4xx_hal_tim_ex.o
 .debug_rnglists
                0x00000c4b      0x1bc ./Drivers/STM32F4xx_HAL_Driver/Src/stm32f4xx_hal_uart.o

.debug_macro    0x00000000    0x16e0f
 .debug_macro   0x00000000      0x198 ./Core/FreeRTOS/Source/list.o
 .debug_macro   0x00000198      0x22f ./Core/FreeRTOS/Source/queue.o
 .debug_macro   0x000003c7       0x16 ./Core/FreeRTOS/Source/queue.o
 .debug_macro   0x000003dd       0x3c ./Core/FreeRTOS/Source/queue.o
 .debug_macro   0x00000419       0x20 ./Core/FreeRTOS/Source/queue.o
 .debug_macro   0x00000439       0x80 ./Core/FreeRTOS/Source/queue.o
 .debug_macro   0x000004b9      0x27e ./Core/FreeRTOS/Source/tasks.o
 .debug_macro   0x00000737       0x17 ./Core/FreeRTOS/Source/tasks.o
 .debug_macro   0x0000074e      0x1e7 ./Core/FreeRTOS/Source/timers.o
 .debug_macro   0x00000935       0x97 ./Core/FreeRTOS/Source/timers.o
 .debug_macro   0x000009cc      0x1a1 ./Core/FreeRTOS/Source/portable/GCC/ARM_CM4F/port.o
 .debug_macro   0x00000b6d      0x219 ./Core/FreeRTOS/Source/portable/MemMang/heap_4.o
 .debug_macro   0x00000d86      0x13d ./Core/Src/circ_buffer.o
 .debug_macro   0x00000ec3       0x10 ./Core/Src/circ_buffer.o
 .debug_macro   0x00000ed3      0x1c6 ./Core/Src/e22900t22d.o
 .debug_macro   0x00001099       0x22 ./Core/Src/e22900t22d.o
 .debug_macro   0x000010bb       0x16 ./Core/Src/e22900t22d.o
 .debug_macro   0x000010d1       0x9e ./Core/Src/e22900t22d.o
 .debug_macro   0x0000116f      0x112 ./Core/Src/e22900t22d.o
 .debug_macro   0x00001281       0x10 ./Core/Src/e22900t22d.o
 .debug_macro   0x00001291       0x16 ./Core/Src/e22900t22d.o
 .debug_macro   0x000012a7       0x16 ./Core/Src/e22900t22d.o
 .debug_macro   0x000012bd      0x146 ./Core/Src/e22900t22d.o
 .debug_macro   0x00001403      0x36b ./Core/Src/main.o
 .debug_macro   0x0000176e      0x29b ./Core/Src/main.o
 .debug_macro   0x00001a09       0x2e ./Core/Src/main.o
 .debug_macro   0x00001a37       0x28 ./Core/Src/main.o
 .debug_macro   0x00001a5f       0x1c ./Core/Src/main.o
 .debug_macro   0x00001a7b       0x22 ./Core/Src/main.o
 .debug_macro   0x00001a9d       0xfb ./Core/Src/main.o
 .debug_macro   0x00001b98     0x1011 ./Core/Src/main.o
 .debug_macro   0x00002ba9      0x11f ./Core/Src/main.o
 .debug_macro   0x00002cc8     0xb953 ./Core/Src/main.o
 .debug_macro   0x0000e61b       0x6d ./Core/Src/main.o
 .debug_macro   0x0000e688     0x369a ./Core/Src/main.o
 .debug_macro   0x00011d22       0x5c ./Core/Src/main.o
 .debug_macro   0x00011d7e      0x45c ./Core/Src/main.o
 .debug_macro   0x000121da      0x9e9 ./Core/Src/main.o
 .debug_macro   0x00012bc3      0x115 ./Core/Src/main.o
 .debug_macro   0x00012cd8      0x11b ./Core/Src/main.o
 .debug_macro   0x00012df3       0xa5 ./Core/Src/main.o
 .debug_macro   0x00012e98      0x15f ./Core/Src/main.o
 .debug_macro   0x00012ff7      0x287 ./Core/Src/main.o