../Core/Src/main.c:77:5:main	16	static
../Core/Src/main.c:145:6:SystemClock_Config	72	static
../Core/Src/main.c:182:13:MX_USART2_UART_Init	8	static
../Core/Src/main.c:213:13:MX_DMA_Init	16	static
../Core/Src/main.c:234:13:MX_GPIO_Init	40	static
../Core/Src/main.c:273:13:led_toggle_task	24	static
../Core/Src/main.c:288:13:e22_handle_task	24	static
../Core/Src/main.c:303:13:e22_transmission_task	40	static
../Core/Src/main.c:327:13:main_e22_transceiverMode	8	static
../Core/Src/main.c:335:13:main_e22_configurationMode	8	static
../Core/Src/main.c:346:6:HAL_UART_TxCpltCallback	16	static
../Core/Src/main.c:359:6:HAL_UARTEx_RxEventCallback	16	static
../Core/Src/main.c:371:13:main_lora_packet_receive	256	static
../Core/Src/main.c:390:6:Error_Handler	4	static,ignoring_inline_asm
