../Core/Src/main.c:319:13:led_toggle_task	16	static
../Core/Src/main.c:349:13:e22_transmission_task	24	static
../Core/Src/main.c:334:13:e22_handle_task	16	static
../Core/Src/main.c:373:13:main_e22_transceiverMode	0	static
../Core/Src/main.c:381:13:main_e22_configurationMode	8	static
../Core/Src/main.c:280:13:MX_GPIO_Init	56	static
../Core/Src/main.c:259:13:MX_DMA_Init	16	static
../Core/Src/main.c:228:13:MX_USART2_UART_Init	8	static,ignoring_inline_asm
../Core/Src/main.c:439:6:StartDefaultTask	8	static
../Core/Src/main.c:417:13:main_lora_packet_receive	256	static
../Core/Src/main.c:191:6:SystemClock_Config	72	static,ignoring_inline_asm
../Core/Src/main.c:87:5:main	16	static
../Core/Src/main.c:392:6:HAL_UART_TxCpltCallback	8	static
../Core/Src/main.c:405:6:HAL_UARTEx_RxEventCallback	0	static
../Core/Src/main.c:458:6:HAL_TIM_PeriodElapsedCallback	0	static
../Core/Src/main.c:476:6:Error_Handler	0	static,ignoring_inline_asm
