/home/guilherme-lazzarini/STM32CubeIDE/workspace_1.19.0/PAY_lora_maldito/Core/FreeRTOS/Source/portable/GCC/ARM_CM3/portmacro.h:178:20:vPortSetBASEPRI	16	static,ignoring_inline_asm
../Core/FreeRTOS/Source/portable/GCC/ARM_CM3/port.c:150:15:pxPortInitialiseStack	24	static
../Core/FreeRTOS/Source/portable/GCC/ARM_CM3/port.c:171:13:prvTaskExitError	8	static
../Core/FreeRTOS/Source/portable/GCC/ARM_CM3/port.c:188:6:SVC_Handler	0	static,ignoring_inline_asm
../Core/FreeRTOS/Source/portable/GCC/ARM_CM3/port.c:208:13:prvStartFirstTask	0	static,ignoring_inline_asm
../Core/FreeRTOS/Source/portable/GCC/ARM_CM3/port.c:228:12:xPortStartScheduler	16	static
../Core/FreeRTOS/Source/portable/GCC/ARM_CM3/port.c:294:6:vPortEndScheduler	8	static
../Core/FreeRTOS/Source/portable/GCC/ARM_CM3/port.c:302:6:vPortEnterCritical	8	static
../Core/FreeRTOS/Source/portable/GCC/ARM_CM3/port.c:319:6:vPortExitCritical	8	static
../Core/FreeRTOS/Source/portable/GCC/ARM_CM3/port.c:331:6:PendSV_Handler	0	static,ignoring_inline_asm
../Core/FreeRTOS/Source/portable/GCC/ARM_CM3/port.c:368:6:SysTick_Handler	8	static
../Core/FreeRTOS/Source/portable/GCC/ARM_CM3/port.c:538:32:vPortSetupTimerInterrupt	4	static
../Core/FreeRTOS/Source/portable/GCC/ARM_CM3/port.c:564:10:vPortValidateInterruptPriority	16	static,ignoring_inline_asm
