/home/guilherme-lazzarini/STM32CubeIDE/workspace_1.19.0/PAY_lora_maldito/Core/FreeRTOS/Source/portable/GCC/ARM_CM3/portmacro.h:178:20:vPortSetBASEPRI	16	static,ignoring_inline_asm
/home/guilherme-lazzarini/STM32CubeIDE/workspace_1.19.0/PAY_lora_maldito/Core/FreeRTOS/Source/portable/GCC/ARM_CM3/portmacro.h:187:24:ulPortRaiseBASEPRI	16	static,ignoring_inline_asm
../Core/FreeRTOS/Source/stream_buffer.c:321:26:xStreamBufferGenericCreate	48	static
../Core/FreeRTOS/Source/stream_buffer.c:477:6:vStreamBufferDelete	24	static
../Core/FreeRTOS/Source/stream_buffer.c:510:12:xStreamBufferReset	56	static
../Core/FreeRTOS/Source/stream_buffer.c:567:12:xStreamBufferSetTriggerLevel	24	static
../Core/FreeRTOS/Source/stream_buffer.c:597:8:xStreamBufferSpacesAvailable	32	static
../Core/FreeRTOS/Source/stream_buffer.c:630:8:xStreamBufferBytesAvailable	24	static
../Core/FreeRTOS/Source/stream_buffer.c:642:8:xStreamBufferSend	64	static
../Core/FreeRTOS/Source/stream_buffer.c:773:8:xStreamBufferSendFromISR	56	static
../Core/FreeRTOS/Source/stream_buffer.c:824:15:prvWriteMessageToBuffer	32	static
../Core/FreeRTOS/Source/stream_buffer.c:874:8:xStreamBufferReceive	48	static
../Core/FreeRTOS/Source/stream_buffer.c:978:8:xStreamBufferNextMessageLengthBytes	32	static
../Core/FreeRTOS/Source/stream_buffer.c:1018:8:xStreamBufferReceiveFromISR	56	static
../Core/FreeRTOS/Source/stream_buffer.c:1075:15:prvReadMessageFromBuffer	40	static
../Core/FreeRTOS/Source/stream_buffer.c:1127:12:xStreamBufferIsEmpty	32	static
../Core/FreeRTOS/Source/stream_buffer.c:1151:12:xStreamBufferIsFull	32	static
../Core/FreeRTOS/Source/stream_buffer.c:1186:12:xStreamBufferSendCompletedFromISR	40	static
../Core/FreeRTOS/Source/stream_buffer.c:1217:12:xStreamBufferReceiveCompletedFromISR	40	static
../Core/FreeRTOS/Source/stream_buffer.c:1248:15:prvWriteBytesToBuffer	32	static
../Core/FreeRTOS/Source/stream_buffer.c:1294:15:prvReadBytesFromBuffer	32	static
../Core/FreeRTOS/Source/stream_buffer.c:1338:15:prvBytesInBuffer	24	static
../Core/FreeRTOS/Source/stream_buffer.c:1359:13:prvInitialiseNewStreamBuffer	32	static
